Data/History_221_Weekly.csv
ProductID,ChannelID,LocationID,Qty,Period,StartDate,EndDate,UOM,NetPrice,ListPrice
APPLE_FAMILY,ONLINE,NL-NB,2201.13,Weekly,2023-01-30,2023-02-05,KG,2.684,2.684
APPLE_FAMILY,ONLINE,NL-NB,4157.63,Weekly,2023-02-06,2023-02-12,KG,2.636,2.636
APPLE_FAMILY,ONLINE,NL-NB,4211.96,Weekly,2023-02-13,2023-02-19,KG,2.691,2.691
APPLE_FAMILY,ONLINE,NL-NB,3807.51,Weekly,2023-02-20,2023-02-26,KG,2.711,2.711
APPLE_FAMILY,ONLINE,NL-NB,3856.43,Weekly,2023-02-27,2023-03-05,KG,2.687,2.687
APPLE_FAMILY,ONLINE,NL-NB,3290.48,Weekly,2023-03-06,2023-03-12,KG,2.693,2.693
APPLE_FAMILY,ONLINE,NL-NB,4193.17,Weekly,2023-03-13,2023-03-19,KG,2.691,2.691
APPLE_FAMILY,ONLINE,NL-NB,3288.41,Weekly,2023-03-20,2023-03-26,KG,2.698,2.698
APPLE_FAMILY,ONLINE,NL-NB,3178.2,Weekly,2023-03-27,2023-04-02,KG,2.671,2.671
APPLE_FAMILY,ONLINE,NL-NB,3650.25,Weekly,2023-04-03,2023-04-09,KG,2.7,2.7
APPLE_FAMILY,ONLINE,NL-NB,3355.02,Weekly,2023-04-10,2023-04-16,KG,2.667,2.667
APPLE_FAMILY,ONLINE,NL-NB,3494.9,Weekly,2023-04-17,2023-04-23,KG,2.683,2.683
APPLE_FAMILY,ONLINE,NL-NB,3286.36,Weekly,2023-04-24,2023-04-30,KG,2.682,2.682
APPLE_FAMILY,ONLINE,NL-NB,3459.27,Weekly,2023-05-01,2023-05-07,KG,2.662,2.662
APPLE_FAMILY,ONLINE,NL-NB,3012.97,Weekly,2023-05-08,2023-05-14,KG,2.658,2.658
APPLE_FAMILY,ONLINE,NL-NB,3450.82,Weekly,2023-05-15,2023-05-21,KG,2.648,2.648
APPLE_FAMILY,ONLINE,NL-NB,3469.29,Weekly,2023-05-22,2023-05-28,KG,2.651,2.651
APPLE_FAMILY,ONLINE,NL-NB,3333.85,Weekly,2023-05-29,2023-06-04,KG,2.649,2.649
APPLE_FAMILY,ONLINE,NL-NB,3375.27,Weekly,2023-06-05,2023-06-11,KG,2.67,2.67
APPLE_FAMILY,ONLINE,NL-NB,3217.81,Weekly,2023-06-12,2023-06-18,KG,2.673,2.673
APPLE_FAMILY,ONLINE,NL-NB,3028.53,Weekly,2023-06-19,2023-06-25,KG,2.668,2.668
APPLE_FAMILY,ONLINE,NL-NB,2961.79,Weekly,2023-06-26,2023-07-02,KG,2.662,2.662
APPLE_FAMILY,ONLINE,NL-NB,3111.7200000000003,Weekly,2023-07-03,2023-07-09,KG,2.677,2.677
APPLE_FAMILY,ONLINE,NL-NB,3215.65,Weekly,2023-07-10,2023-07-16,KG,2.692,2.692
APPLE_FAMILY,ONLINE,NL-NB,2997.7599999999998,Weekly,2023-07-17,2023-07-23,KG,2.69,2.69
APPLE_FAMILY,ONLINE,NL-NB,2675.69,Weekly,2023-07-24,2023-07-30,KG,2.679,2.679
APPLE_FAMILY,ONLINE,NL-NB,2412.58,Weekly,2023-07-31,2023-08-06,KG,2.372,2.372
APPLE_FAMILY,ONLINE,NL-NB,3136.44,Weekly,2023-08-07,2023-08-13,KG,2.29,2.29
APPLE_FAMILY,ONLINE,NL-NB,3567.46,Weekly,2023-08-14,2023-08-20,KG,2.263,2.263
APPLE_FAMILY,ONLINE,NL-NB,3412.58,Weekly,2023-08-21,2023-08-27,KG,2.283,2.283
APPLE_FAMILY,ONLINE,NL-NB,3377.54,Weekly,2023-08-28,2023-09-03,KG,2.245,2.245
APPLE_FAMILY,ONLINE,NL-NB,3784.86,Weekly,2023-09-04,2023-09-10,KG,2.154,2.154
APPLE_FAMILY,ONLINE,NL-NB,3686.85,Weekly,2023-09-11,2023-09-17,KG,2.164,2.164
APPLE_FAMILY,ONLINE,NL-NB,3678.32,Weekly,2023-09-18,2023-09-24,KG,2.177,2.177
APPLE_FAMILY,ONLINE,NL-NB,4070.34,Weekly,2023-09-25,2023-10-01,KG,2.162,2.162
APPLE_FAMILY,ONLINE,NL-NB,4108.18,Weekly,2023-10-02,2023-10-08,KG,2.174,2.174
APPLE_FAMILY,ONLINE,NL-NB,3864.36,Weekly,2023-10-09,2023-10-15,KG,2.16,2.16
APPLE_FAMILY,ONLINE,NL-NB,3643.29,Weekly,2023-10-16,2023-10-22,KG,2.205,2.205
APPLE_FAMILY,ONLINE,NL-NB,3326.4,Weekly,2023-10-23,2023-10-29,KG,2.201,2.201
APPLE_FAMILY,ONLINE,NL-NB,3595.85,Weekly,2023-10-30,2023-11-05,KG,2.199,2.199
APPLE_FAMILY,ONLINE,NL-NB,3865.75,Weekly,2023-11-06,2023-11-12,KG,2.196,2.196
APPLE_FAMILY,ONLINE,NL-NB,3559.29,Weekly,2023-11-13,2023-11-19,KG,2.173,2.173
APPLE_FAMILY,ONLINE,NL-NB,3915.76,Weekly,2023-11-20,2023-11-26,KG,2.161,2.161
APPLE_FAMILY,ONLINE,NL-NB,3732.29,Weekly,2023-11-27,2023-12-03,KG,2.387,2.387
APPLE_FAMILY,ONLINE,NL-NB,3721.94,Weekly,2023-12-04,2023-12-10,KG,2.685,2.685
APPLE_FAMILY,ONLINE,NL-NB,4041.21,Weekly,2023-12-11,2023-12-17,KG,2.656,2.656
APPLE_FAMILY,ONLINE,NL-NB,3478.17,Weekly,2023-12-18,2023-12-24,KG,2.673,2.673
APPLE_FAMILY,ONLINE,NL-NB,4101.04,Weekly,2023-12-25,2023-12-31,KG,2.676,2.676
APPLE_FAMILY,ONLINE,NL-NB,3708.09,Weekly,2024-01-01,2024-01-07,KG,2.68,2.68
APPLE_FAMILY,ONLINE,NL-NB,4019.92,Weekly,2024-01-08,2024-01-14,KG,2.68,2.68
APPLE_FAMILY,ONLINE,NL-NB,4040.6,Weekly,2024-01-15,2024-01-21,KG,2.687,2.687
APPLE_FAMILY,ONLINE,NL-NB,4217.57,Weekly,2024-01-22,2024-01-28,KG,2.716,2.716
APPLE_FAMILY,ONLINE,NL-NB,4229.67,Weekly,2024-01-29,2024-02-04,KG,2.641,2.641
APPLE_FAMILY,ONLINE,NL-NB,3760.34,Weekly,2024-02-05,2024-02-11,KG,2.676,2.676
APPLE_FAMILY,ONLINE,NL-NB,3961.3999999999996,Weekly,2024-02-12,2024-02-18,KG,2.668,2.668
APPLE_FAMILY,ONLINE,NL-NB,3777.86,Weekly,2024-02-19,2024-02-25,KG,2.692,2.692
APPLE_FAMILY,ONLINE,NL-NB,3947.73,Weekly,2024-02-26,2024-03-03,KG,2.668,2.668
APPLE_FAMILY,ONLINE,NL-NB,4229.13,Weekly,2024-03-04,2024-03-10,KG,2.66,2.66
APPLE_FAMILY,ONLINE,NL-NB,3702.29,Weekly,2024-03-11,2024-03-17,KG,2.684,2.684
APPLE_FAMILY,ONLINE,NL-NB,3776.19,Weekly,2024-03-18,2024-03-24,KG,2.637,2.637
APPLE_FAMILY,ONLINE,NL-NB,3754.94,Weekly,2024-03-25,2024-03-31,KG,2.659,2.659
APPLE_FAMILY,ONLINE,NL-NB,3573.21,Weekly,2024-04-01,2024-04-07,KG,2.676,2.676
APPLE_FAMILY,ONLINE,NL-NB,3728.04,Weekly,2024-04-08,2024-04-14,KG,2.69,2.69
APPLE_FAMILY,ONLINE,NL-NB,2942.2,Weekly,2024-04-15,2024-04-21,KG,2.708,2.708
APPLE_FAMILY,ONLINE,NL-NB,3289.61,Weekly,2024-04-22,2024-04-28,KG,2.695,2.695
APPLE_FAMILY,ONLINE,NL-NB,3335.74,Weekly,2024-04-29,2024-05-05,KG,2.683,2.683
APPLE_FAMILY,ONLINE,NL-NB,3335.63,Weekly,2024-05-06,2024-05-12,KG,2.676,2.676
APPLE_FAMILY,ONLINE,NL-NB,3109.6,Weekly,2024-05-13,2024-05-19,KG,2.687,2.687
APPLE_FAMILY,ONLINE,NL-NB,2920.63,Weekly,2024-05-20,2024-05-26,KG,2.689,2.689
APPLE_FAMILY,ONLINE,NL-NB,2948.32,Weekly,2024-05-27,2024-06-02,KG,2.713,2.713
APPLE_FAMILY,ONLINE,NL-NB,3298.57,Weekly,2024-06-03,2024-06-09,KG,2.694,2.694
APPLE_FAMILY,ONLINE,NL-NB,2586.69,Weekly,2024-06-10,2024-06-16,KG,2.726,2.726
APPLE_FAMILY,ONLINE,NL-NB,2884.7200000000003,Weekly,2024-06-17,2024-06-23,KG,2.65,2.65
APPLE_FAMILY,ONLINE,NL-NB,3102.74,Weekly,2024-06-24,2024-06-30,KG,2.663,2.663
APPLE_FAMILY,ONLINE,NL-NB,2799.71,Weekly,2024-07-01,2024-07-07,KG,2.683,2.683
APPLE_FAMILY,ONLINE,NL-NB,2838.5,Weekly,2024-07-08,2024-07-14,KG,2.691,2.691
APPLE_FAMILY,ONLINE,NL-NB,3189.41,Weekly,2024-07-15,2024-07-21,KG,2.676,2.676
APPLE_FAMILY,ONLINE,NL-NB,2895.54,Weekly,2024-07-22,2024-07-28,KG,2.683,2.683
APPLE_FAMILY,ONLINE,NL-NB,3140.98,Weekly,2024-07-29,2024-08-04,KG,2.453,2.453
APPLE_FAMILY,ONLINE,NL-NB,3360.9700000000003,Weekly,2024-08-05,2024-08-11,KG,2.302,2.302
APPLE_FAMILY,ONLINE,NL-NB,3124.53,Weekly,2024-08-12,2024-08-18,KG,2.282,2.282
APPLE_FAMILY,ONLINE,NL-NB,3309.42,Weekly,2024-08-19,2024-08-25,KG,2.285,2.285
APPLE_FAMILY,ONLINE,NL-NB,3642.36,Weekly,2024-08-26,2024-09-01,KG,2.255,2.255
APPLE_FAMILY,ONLINE,NL-NB,3447.13,Weekly,2024-09-02,2024-09-08,KG,2.156,2.156
APPLE_FAMILY,ONLINE,NL-NB,3494.54,Weekly,2024-09-09,2024-09-15,KG,2.177,2.177
APPLE_FAMILY,ONLINE,NL-NB,4014.85,Weekly,2024-09-16,2024-09-22,KG,2.192,2.192
APPLE_FAMILY,ONLINE,NL-NB,3472.52,Weekly,2024-09-23,2024-09-29,KG,2.168,2.168
APPLE_FAMILY,ONLINE,NL-NB,3694.26,Weekly,2024-09-30,2024-10-06,KG,2.2,2.2
APPLE_FAMILY,ONLINE,NL-NB,3499.6800000000003,Weekly,2024-10-07,2024-10-13,KG,2.175,2.175
APPLE_FAMILY,ONLINE,NL-NB,3843.16,Weekly,2024-10-14,2024-10-20,KG,2.188,2.188
APPLE_FAMILY,ONLINE,NL-NB,3972.18,Weekly,2024-10-21,2024-10-27,KG,2.161,2.161
APPLE_FAMILY,ONLINE,NL-NB,3933.58,Weekly,2024-10-28,2024-11-03,KG,2.179,2.179
APPLE_FAMILY,ONLINE,NL-NB,3906.56,Weekly,2024-11-04,2024-11-10,KG,2.171,2.171
APPLE_FAMILY,ONLINE,NL-NB,4068.0699999999997,Weekly,2024-11-11,2024-11-17,KG,2.171,2.171
APPLE_FAMILY,ONLINE,NL-NB,3374.67,Weekly,2024-11-18,2024-11-24,KG,2.178,2.178
APPLE_FAMILY,ONLINE,NL-NB,4325.12,Weekly,2024-11-25,2024-12-01,KG,2.217,2.217
APPLE_FAMILY,ONLINE,NL-NB,4056.55,Weekly,2024-12-02,2024-12-08,KG,2.683,2.683
APPLE_FAMILY,ONLINE,NL-NB,4173.44,Weekly,2024-12-09,2024-12-15,KG,2.689,2.689
APPLE_FAMILY,ONLINE,NL-NB,3899.17,Weekly,2024-12-16,2024-12-22,KG,2.66,2.66
APPLE_FAMILY,ONLINE,NL-NB,3943.69,Weekly,2024-12-23,2024-12-29,KG,2.668,2.668
APPLE_FAMILY,ONLINE,NL-NB,3559.13,Weekly,2024-12-30,2025-01-05,KG,2.656,2.656
APPLE_FAMILY,ONLINE,NL-NB,3689.02,Weekly,2025-01-06,2025-01-12,KG,2.68,2.68
APPLE_FAMILY,ONLINE,NL-NB,4141.85,Weekly,2025-01-13,2025-01-19,KG,2.63,2.63
APPLE_FAMILY,ONLINE,NL-NB,3622.77,Weekly,2025-01-20,2025-01-26,KG,2.657,2.657
APPLE_FAMILY,ONLINE,NL-NB,4321.68,Weekly,2025-01-27,2025-02-02,KG,2.675,2.675
APPLE_FAMILY,ONLINE,NL-NB,4159.42,Weekly,2025-02-03,2025-02-09,KG,2.673,2.673
APPLE_FAMILY,ONLINE,NL-NB,3564.52,Weekly,2025-02-10,2025-02-16,KG,2.669,2.669
APPLE_FAMILY,ONLINE,NL-NB,4462.81,Weekly,2025-02-17,2025-02-23,KG,2.67,2.67
APPLE_FAMILY,ONLINE,NL-NB,3785.86,Weekly,2025-02-24,2025-03-02,KG,2.657,2.657
APPLE_FAMILY,ONLINE,NL-NB,4636.28,Weekly,2025-03-03,2025-03-09,KG,2.67,2.67
APPLE_FAMILY,ONLINE,NL-NB,4032.65,Weekly,2025-03-10,2025-03-16,KG,2.679,2.679
APPLE_FAMILY,ONLINE,NL-NB,4519.61,Weekly,2025-03-17,2025-03-23,KG,2.674,2.674
APPLE_FAMILY,ONLINE,NL-NB,4143.34,Weekly,2025-03-24,2025-03-30,KG,2.692,2.692
APPLE_FAMILY,ONLINE,NL-NB,4422.5,Weekly,2025-03-31,2025-04-06,KG,2.653,2.653
APPLE_FAMILY,ONLINE,NL-NB,4043.82,Weekly,2025-04-07,2025-04-13,KG,2.653,2.653
APPLE_FAMILY,ONLINE,NL-NB,3393.55,Weekly,2025-04-14,2025-04-20,KG,2.669,2.669
APPLE_FAMILY,ONLINE,NL-NB,3604.59,Weekly,2025-04-21,2025-04-27,KG,2.65,2.65
APPLE_FAMILY,ONLINE,NL-NB,3994.67,Weekly,2025-04-28,2025-05-04,KG,2.67,2.67
APPLE_FAMILY,ONLINE,NL-NB,3612.75,Weekly,2025-05-05,2025-05-11,KG,2.681,2.681
APPLE_FAMILY,ONLINE,NL-NB,3687.13,Weekly,2025-05-12,2025-05-18,KG,2.656,2.656
APPLE_FAMILY,ONLINE,NL-NB,3254.93,Weekly,2025-05-19,2025-05-25,KG,2.656,2.656
APPLE_FAMILY,ONLINE,NL-NB,2976.99,Weekly,2025-05-26,2025-06-01,KG,2.658,2.658
APPLE_FAMILY,ONLINE,NL-NB,3094.92,Weekly,2025-06-02,2025-06-08,KG,2.687,2.687
APPLE_FAMILY,ONLINE,NL-NB,3180.25,Weekly,2025-06-09,2025-06-15,KG,2.68,2.68
APPLE_FAMILY,ONLINE,NL-NB,3283.9300000000003,Weekly,2025-06-16,2025-06-22,KG,2.637,2.637
APPLE_FAMILY,ONLINE,NL-NB,3108.34,Weekly,2025-06-23,2025-06-29,KG,2.664,2.664
APPLE_FAMILY,ONLINE,NL-NB,2817.0099999999998,Weekly,2025-06-30,2025-07-06,KG,2.66,2.66
APPLE_FAMILY,ONLINE,NL-NB,3182.77,Weekly,2025-07-07,2025-07-13,KG,2.653,2.653
APPLE_FAMILY,ONLINE,NL-NB,3210.05,Weekly,2025-07-14,2025-07-20,KG,2.681,2.681
APPLE_FAMILY,ONLINE,NL-NB,3099.53,Weekly,2025-07-21,2025-07-27,KG,2.645,2.645
APPLE_FAMILY,ONLINE,NL-NB,3011.83,Weekly,2025-07-28,2025-08-03,KG,2.531,2.531
APPLE_FAMILY,ONLINE,NL-NB,3269.64,Weekly,2025-08-04,2025-08-10,KG,2.287,2.287
APPLE_FAMILY,ONLINE,NL-NB,3496.3,Weekly,2025-08-11,2025-08-17,KG,2.29,2.29
APPLE_FAMILY,ONLINE,NL-NB,3438.04,Weekly,2025-08-18,2025-08-24,KG,2.292,2.292
APPLE_FAMILY,ONLINE,NL-NB,3525.2,Weekly,2025-08-25,2025-08-31,KG,2.294,2.294
APPLE_FAMILY,ONLINE,NL-NB,3702.08,Weekly,2025-09-01,2025-09-07,KG,2.185,2.185
APPLE_FAMILY,ONLINE,NL-NB,3402.54,Weekly,2025-09-08,2025-09-14,KG,2.164,2.164
APPLE_FAMILY,ONLINE,NL-NB,3856.86,Weekly,2025-09-15,2025-09-21,KG,2.159,2.159
APPLE_FAMILY,ONLINE,NL-NB,3678.86,Weekly,2025-09-22,2025-09-28,KG,2.182,2.182
APPLE_FAMILY,ONLINE,NL-NB,3638.08,Weekly,2025-09-29,2025-10-05,KG,2.181,2.181
APPLE_FAMILY,ONLINE,NL-NB,3845.09,Weekly,2025-10-06,2025-10-12,KG,2.212,2.212
APPLE_FAMILY,ONLINE,NL-NB,3903.58,Weekly,2025-10-13,2025-10-19,KG,2.178,2.178
APPLE_FAMILY,ONLINE,NL-NB,3645.26,Weekly,2025-10-20,2025-10-26,KG,2.179,2.179
APPLE_FAMILY,ONLINE,NL-NB,3814.64,Weekly,2025-10-27,2025-11-02,KG,2.184,2.184
APPLE_FAMILY,ONLINE,NL-NB,4582.45,Weekly,2025-11-03,2025-11-09,KG,2.206,2.206
APPLE_FAMILY,ONLINE,NL-NB,4087.25,Weekly,2025-11-10,2025-11-16,KG,2.195,2.195
APPLE_FAMILY,ONLINE,NL-NB,3881.59,Weekly,2025-11-17,2025-11-23,KG,2.141,2.141
APPLE_FAMILY,ONLINE,NL-NB,3670.16,Weekly,2025-11-24,2025-11-30,KG,2.16,2.16
APPLE_FAMILY,ONLINE,NL-NB,3912.1400000000003,Weekly,2025-12-01,2025-12-07,KG,2.689,2.689
APPLE_FAMILY,ONLINE,NL-NB,4152.5,Weekly,2025-12-08,2025-12-14,KG,2.66,2.66
APPLE_FAMILY,ONLINE,NL-NB,4364.87,Weekly,2025-12-15,2025-12-21,KG,2.715,2.715
APPLE_FAMILY,ONLINE,NL-NB,4297.3,Weekly,2025-12-22,2025-12-28,KG,2.677,2.677
APPLE_FAMILY,ONLINE,NL-NB,3646.82,Weekly,2025-12-29,2026-01-04,KG,2.678,2.678
APPLE_FAMILY,ONLINE,NL-NB,3557.28,Weekly,2026-01-05,2026-01-11,KG,2.669,2.669
APPLE_FAMILY,ONLINE,NL-NB,4389.34,Weekly,2026-01-12,2026-01-18,KG,2.673,2.673
APPLE_FAMILY,ONLINE,NL-NB,4307.56,Weekly,2026-01-19,2026-01-25,KG,2.689,2.689
APPLE_FAMILY,ONLINE,NL-NB,3933.61,Weekly,2026-01-26,2026-02-01,KG,2.655,2.655
