Data/History_221_Weekly.csv
ProductID,ChannelID,LocationID,Qty,Period,StartDate,EndDate,UOM,NetPrice,ListPrice
APPLE_FAMILY,ONLINE,NL-ZH,2520.37,Weekly,2023-01-30,2023-02-05,KG,2.854,2.854
APPLE_FAMILY,ONLINE,NL-ZH,4519.66,Weekly,2023-02-06,2023-02-12,KG,2.895,2.895
APPLE_FAMILY,ONLINE,NL-ZH,4338.08,Weekly,2023-02-13,2023-02-19,KG,2.802,2.802
APPLE_FAMILY,ONLINE,NL-ZH,4155.86,Weekly,2023-02-20,2023-02-26,KG,2.82,2.82
APPLE_FAMILY,ONLINE,NL-ZH,4145.34,Weekly,2023-02-27,2023-03-05,KG,2.829,2.829
APPLE_FAMILY,ONLINE,NL-ZH,3299.7200000000003,Weekly,2023-03-06,2023-03-12,KG,2.837,2.837
APPLE_FAMILY,ONLINE,NL-ZH,4112.24,Weekly,2023-03-13,2023-03-19,KG,2.804,2.804
APPLE_FAMILY,ONLINE,NL-ZH,3796.51,Weekly,2023-03-20,2023-03-26,KG,2.801,2.801
APPLE_FAMILY,ONLINE,NL-ZH,3748.82,Weekly,2023-03-27,2023-04-02,KG,2.84,2.84
APPLE_FAMILY,ONLINE,NL-ZH,3904.32,Weekly,2023-04-03,2023-04-09,KG,2.821,2.821
APPLE_FAMILY,ONLINE,NL-ZH,3712.34,Weekly,2023-04-10,2023-04-16,KG,2.801,2.801
APPLE_FAMILY,ONLINE,NL-ZH,3613.09,Weekly,2023-04-17,2023-04-23,KG,2.9,2.9
APPLE_FAMILY,ONLINE,NL-ZH,3453.4300000000003,Weekly,2023-04-24,2023-04-30,KG,2.833,2.833
APPLE_FAMILY,ONLINE,NL-ZH,3823.04,Weekly,2023-05-01,2023-05-07,KG,2.832,2.832
APPLE_FAMILY,ONLINE,NL-ZH,3131.95,Weekly,2023-05-08,2023-05-14,KG,2.812,2.812
APPLE_FAMILY,ONLINE,NL-ZH,3660.9500000000003,Weekly,2023-05-15,2023-05-21,KG,2.834,2.834
APPLE_FAMILY,ONLINE,NL-ZH,3755.2200000000003,Weekly,2023-05-22,2023-05-28,KG,2.824,2.824
APPLE_FAMILY,ONLINE,NL-ZH,3561.29,Weekly,2023-05-29,2023-06-04,KG,2.83,2.83
APPLE_FAMILY,ONLINE,NL-ZH,3655.1400000000003,Weekly,2023-06-05,2023-06-11,KG,2.833,2.833
APPLE_FAMILY,ONLINE,NL-ZH,3566.69,Weekly,2023-06-12,2023-06-18,KG,2.86,2.86
APPLE_FAMILY,ONLINE,NL-ZH,3354.8,Weekly,2023-06-19,2023-06-25,KG,2.84,2.84
APPLE_FAMILY,ONLINE,NL-ZH,3212.03,Weekly,2023-06-26,2023-07-02,KG,2.817,2.817
APPLE_FAMILY,ONLINE,NL-ZH,2979.21,Weekly,2023-07-03,2023-07-09,KG,2.849,2.849
APPLE_FAMILY,ONLINE,NL-ZH,3279.77,Weekly,2023-07-10,2023-07-16,KG,2.813,2.822
APPLE_FAMILY,ONLINE,NL-ZH,3265.51,Weekly,2023-07-17,2023-07-23,KG,2.838,2.848
APPLE_FAMILY,ONLINE,NL-ZH,2904.58,Weekly,2023-07-24,2023-07-30,KG,2.81,2.81
APPLE_FAMILY,ONLINE,NL-ZH,2561.95,Weekly,2023-07-31,2023-08-06,KG,2.482,2.482
APPLE_FAMILY,ONLINE,NL-ZH,3509.6400000000003,Weekly,2023-08-07,2023-08-13,KG,2.421,2.421
APPLE_FAMILY,ONLINE,NL-ZH,3680.69,Weekly,2023-08-14,2023-08-20,KG,2.43,2.43
APPLE_FAMILY,ONLINE,NL-ZH,3395.33,Weekly,2023-08-21,2023-08-27,KG,2.422,2.422
APPLE_FAMILY,ONLINE,NL-ZH,3505.4700000000003,Weekly,2023-08-28,2023-09-03,KG,2.363,2.363
APPLE_FAMILY,ONLINE,NL-ZH,4154.63,Weekly,2023-09-04,2023-09-10,KG,2.27,2.27
APPLE_FAMILY,ONLINE,NL-ZH,3885.77,Weekly,2023-09-11,2023-09-17,KG,2.299,2.299
APPLE_FAMILY,ONLINE,NL-ZH,3600.75,Weekly,2023-09-18,2023-09-24,KG,2.315,2.315
APPLE_FAMILY,ONLINE,NL-ZH,4677.01,Weekly,2023-09-25,2023-10-01,KG,2.282,2.282
APPLE_FAMILY,ONLINE,NL-ZH,4541.68,Weekly,2023-10-02,2023-10-08,KG,2.328,2.328
APPLE_FAMILY,ONLINE,NL-ZH,3745.92,Weekly,2023-10-09,2023-10-15,KG,2.285,2.285
APPLE_FAMILY,ONLINE,NL-ZH,3815.69,Weekly,2023-10-16,2023-10-22,KG,2.285,2.285
APPLE_FAMILY,ONLINE,NL-ZH,3325.55,Weekly,2023-10-23,2023-10-29,KG,2.304,2.304
APPLE_FAMILY,ONLINE,NL-ZH,3375.48,Weekly,2023-10-30,2023-11-05,KG,2.336,2.336
APPLE_FAMILY,ONLINE,NL-ZH,3921.37,Weekly,2023-11-06,2023-11-12,KG,2.294,2.294
APPLE_FAMILY,ONLINE,NL-ZH,3962.2,Weekly,2023-11-13,2023-11-19,KG,2.288,2.288
APPLE_FAMILY,ONLINE,NL-ZH,4301.91,Weekly,2023-11-20,2023-11-26,KG,2.31,2.31
APPLE_FAMILY,ONLINE,NL-ZH,3987.95,Weekly,2023-11-27,2023-12-03,KG,2.504,2.504
APPLE_FAMILY,ONLINE,NL-ZH,3967.98,Weekly,2023-12-04,2023-12-10,KG,2.821,2.821
APPLE_FAMILY,ONLINE,NL-ZH,4257.35,Weekly,2023-12-11,2023-12-17,KG,2.835,2.835
APPLE_FAMILY,ONLINE,NL-ZH,4011.71,Weekly,2023-12-18,2023-12-24,KG,2.828,2.828
APPLE_FAMILY,ONLINE,NL-ZH,3915.8199999999997,Weekly,2023-12-25,2023-12-31,KG,2.845,2.845
APPLE_FAMILY,ONLINE,NL-ZH,3892.61,Weekly,2024-01-01,2024-01-07,KG,2.842,2.842
APPLE_FAMILY,ONLINE,NL-ZH,4295.6900000000005,Weekly,2024-01-08,2024-01-14,KG,2.884,2.884
APPLE_FAMILY,ONLINE,NL-ZH,4213.53,Weekly,2024-01-15,2024-01-21,KG,2.829,2.829
APPLE_FAMILY,ONLINE,NL-ZH,4521.98,Weekly,2024-01-22,2024-01-28,KG,2.867,2.867
APPLE_FAMILY,ONLINE,NL-ZH,4545.38,Weekly,2024-01-29,2024-02-04,KG,2.827,2.827
APPLE_FAMILY,ONLINE,NL-ZH,4037.9300000000003,Weekly,2024-02-05,2024-02-11,KG,2.848,2.848
APPLE_FAMILY,ONLINE,NL-ZH,4236.74,Weekly,2024-02-12,2024-02-18,KG,2.83,2.83
APPLE_FAMILY,ONLINE,NL-ZH,3782.5099999999998,Weekly,2024-02-19,2024-02-25,KG,2.871,2.871
APPLE_FAMILY,ONLINE,NL-ZH,3811.2400000000002,Weekly,2024-02-26,2024-03-03,KG,2.849,2.849
APPLE_FAMILY,ONLINE,NL-ZH,4488.14,Weekly,2024-03-04,2024-03-10,KG,2.832,2.832
APPLE_FAMILY,ONLINE,NL-ZH,4029.2400000000002,Weekly,2024-03-11,2024-03-17,KG,2.808,2.808
APPLE_FAMILY,ONLINE,NL-ZH,4086.51,Weekly,2024-03-18,2024-03-24,KG,2.843,2.843
APPLE_FAMILY,ONLINE,NL-ZH,4080.59,Weekly,2024-03-25,2024-03-31,KG,2.833,2.833
APPLE_FAMILY,ONLINE,NL-ZH,3840.05,Weekly,2024-04-01,2024-04-07,KG,2.807,2.807
APPLE_FAMILY,ONLINE,NL-ZH,4108.92,Weekly,2024-04-08,2024-04-14,KG,2.826,2.826
APPLE_FAMILY,ONLINE,NL-ZH,3189.01,Weekly,2024-04-15,2024-04-21,KG,2.82,2.82
APPLE_FAMILY,ONLINE,NL-ZH,3480.78,Weekly,2024-04-22,2024-04-28,KG,2.863,2.863
APPLE_FAMILY,ONLINE,NL-ZH,3748.14,Weekly,2024-04-29,2024-05-05,KG,2.875,2.875
APPLE_FAMILY,ONLINE,NL-ZH,3853.95,Weekly,2024-05-06,2024-05-12,KG,2.82,2.82
APPLE_FAMILY,ONLINE,NL-ZH,3551.27,Weekly,2024-05-13,2024-05-19,KG,2.841,2.841
APPLE_FAMILY,ONLINE,NL-ZH,2786.33,Weekly,2024-05-20,2024-05-26,KG,2.86,2.86
APPLE_FAMILY,ONLINE,NL-ZH,3116.83,Weekly,2024-05-27,2024-06-02,KG,2.858,2.858
APPLE_FAMILY,ONLINE,NL-ZH,3275.2,Weekly,2024-06-03,2024-06-09,KG,2.855,2.855
APPLE_FAMILY,ONLINE,NL-ZH,2856.86,Weekly,2024-06-10,2024-06-16,KG,2.857,2.857
APPLE_FAMILY,ONLINE,NL-ZH,3219.07,Weekly,2024-06-17,2024-06-23,KG,2.854,2.854
APPLE_FAMILY,ONLINE,NL-ZH,3501.05,Weekly,2024-06-24,2024-06-30,KG,2.826,2.826
APPLE_FAMILY,ONLINE,NL-ZH,2373.49,Weekly,2024-07-01,2024-07-07,KG,2.841,2.841
APPLE_FAMILY,ONLINE,NL-ZH,2837.23,Weekly,2024-07-08,2024-07-14,KG,2.857,2.857
APPLE_FAMILY,ONLINE,NL-ZH,3318.96,Weekly,2024-07-15,2024-07-21,KG,2.847,2.847
APPLE_FAMILY,ONLINE,NL-ZH,3137.6,Weekly,2024-07-22,2024-07-28,KG,2.831,2.831
APPLE_FAMILY,ONLINE,NL-ZH,3522.9,Weekly,2024-07-29,2024-08-04,KG,2.626,2.626
APPLE_FAMILY,ONLINE,NL-ZH,3636.66,Weekly,2024-08-05,2024-08-11,KG,2.415,2.415
APPLE_FAMILY,ONLINE,NL-ZH,3483.67,Weekly,2024-08-12,2024-08-18,KG,2.455,2.455
APPLE_FAMILY,ONLINE,NL-ZH,3505.5099999999998,Weekly,2024-08-19,2024-08-25,KG,2.406,2.406
APPLE_FAMILY,ONLINE,NL-ZH,4077.07,Weekly,2024-08-26,2024-09-01,KG,2.412,2.412
APPLE_FAMILY,ONLINE,NL-ZH,3925.9,Weekly,2024-09-02,2024-09-08,KG,2.294,2.294
APPLE_FAMILY,ONLINE,NL-ZH,3599.04,Weekly,2024-09-09,2024-09-15,KG,2.335,2.335
APPLE_FAMILY,ONLINE,NL-ZH,4320.14,Weekly,2024-09-16,2024-09-22,KG,2.318,2.318
APPLE_FAMILY,ONLINE,NL-ZH,3136.17,Weekly,2024-09-23,2024-09-29,KG,2.312,2.312
APPLE_FAMILY,ONLINE,NL-ZH,3704.27,Weekly,2024-09-30,2024-10-06,KG,2.331,2.331
APPLE_FAMILY,ONLINE,NL-ZH,3925.42,Weekly,2024-10-07,2024-10-13,KG,2.339,2.339
APPLE_FAMILY,ONLINE,NL-ZH,4129.6900000000005,Weekly,2024-10-14,2024-10-20,KG,2.28,2.28
APPLE_FAMILY,ONLINE,NL-ZH,4564.79,Weekly,2024-10-21,2024-10-27,KG,2.309,2.309
APPLE_FAMILY,ONLINE,NL-ZH,4284.03,Weekly,2024-10-28,2024-11-03,KG,2.302,2.302
APPLE_FAMILY,ONLINE,NL-ZH,4288.58,Weekly,2024-11-04,2024-11-10,KG,2.309,2.309
APPLE_FAMILY,ONLINE,NL-ZH,4291.24,Weekly,2024-11-11,2024-11-17,KG,2.325,2.325
APPLE_FAMILY,ONLINE,NL-ZH,3654.17,Weekly,2024-11-18,2024-11-24,KG,2.325,2.325
APPLE_FAMILY,ONLINE,NL-ZH,4180.54,Weekly,2024-11-25,2024-12-01,KG,2.391,2.391
APPLE_FAMILY,ONLINE,NL-ZH,4030.9,Weekly,2024-12-02,2024-12-08,KG,2.828,2.828
APPLE_FAMILY,ONLINE,NL-ZH,4289.38,Weekly,2024-12-09,2024-12-15,KG,2.854,2.854
APPLE_FAMILY,ONLINE,NL-ZH,4169.93,Weekly,2024-12-16,2024-12-22,KG,2.844,2.844
APPLE_FAMILY,ONLINE,NL-ZH,4393.84,Weekly,2024-12-23,2024-12-29,KG,2.837,2.837
APPLE_FAMILY,ONLINE,NL-ZH,3977.16,Weekly,2024-12-30,2025-01-05,KG,2.81,2.81
APPLE_FAMILY,ONLINE,NL-ZH,4326.07,Weekly,2025-01-06,2025-01-12,KG,2.877,2.877
APPLE_FAMILY,ONLINE,NL-ZH,4408.81,Weekly,2025-01-13,2025-01-19,KG,2.847,2.847
APPLE_FAMILY,ONLINE,NL-ZH,4104.03,Weekly,2025-01-20,2025-01-26,KG,2.848,2.848
APPLE_FAMILY,ONLINE,NL-ZH,4305.41,Weekly,2025-01-27,2025-02-02,KG,2.843,2.843
APPLE_FAMILY,ONLINE,NL-ZH,4283.7,Weekly,2025-02-03,2025-02-09,KG,2.853,2.853
APPLE_FAMILY,ONLINE,NL-ZH,3828.08,Weekly,2025-02-10,2025-02-16,KG,2.827,2.827
APPLE_FAMILY,ONLINE,NL-ZH,4330.99,Weekly,2025-02-17,2025-02-23,KG,2.853,2.853
APPLE_FAMILY,ONLINE,NL-ZH,4229.46,Weekly,2025-02-24,2025-03-02,KG,2.852,2.852
APPLE_FAMILY,ONLINE,NL-ZH,4877.88,Weekly,2025-03-03,2025-03-09,KG,2.856,2.856
APPLE_FAMILY,ONLINE,NL-ZH,4447.39,Weekly,2025-03-10,2025-03-16,KG,2.831,2.831
APPLE_FAMILY,ONLINE,NL-ZH,4658.93,Weekly,2025-03-17,2025-03-23,KG,2.833,2.833
APPLE_FAMILY,ONLINE,NL-ZH,4338.08,Weekly,2025-03-24,2025-03-30,KG,2.856,2.856
APPLE_FAMILY,ONLINE,NL-ZH,4621.12,Weekly,2025-03-31,2025-04-06,KG,2.844,2.844
APPLE_FAMILY,ONLINE,NL-ZH,4470.66,Weekly,2025-04-07,2025-04-13,KG,2.841,2.841
APPLE_FAMILY,ONLINE,NL-ZH,4216.27,Weekly,2025-04-14,2025-04-20,KG,2.812,2.812
APPLE_FAMILY,ONLINE,NL-ZH,3794.0,Weekly,2025-04-21,2025-04-27,KG,2.864,2.864
APPLE_FAMILY,ONLINE,NL-ZH,4197.22,Weekly,2025-04-28,2025-05-04,KG,2.819,2.819
APPLE_FAMILY,ONLINE,NL-ZH,3873.62,Weekly,2025-05-05,2025-05-11,KG,2.856,2.856
APPLE_FAMILY,ONLINE,NL-ZH,3828.91,Weekly,2025-05-12,2025-05-18,KG,2.792,2.792
APPLE_FAMILY,ONLINE,NL-ZH,3491.15,Weekly,2025-05-19,2025-05-25,KG,2.832,2.832
APPLE_FAMILY,ONLINE,NL-ZH,3355.68,Weekly,2025-05-26,2025-06-01,KG,2.863,2.863
APPLE_FAMILY,ONLINE,NL-ZH,3136.84,Weekly,2025-06-02,2025-06-08,KG,2.84,2.84
APPLE_FAMILY,ONLINE,NL-ZH,3510.55,Weekly,2025-06-09,2025-06-15,KG,2.897,2.897
APPLE_FAMILY,ONLINE,NL-ZH,3520.84,Weekly,2025-06-16,2025-06-22,KG,2.851,2.851
APPLE_FAMILY,ONLINE,NL-ZH,3312.33,Weekly,2025-06-23,2025-06-29,KG,2.892,2.892
APPLE_FAMILY,ONLINE,NL-ZH,3008.01,Weekly,2025-06-30,2025-07-06,KG,2.853,2.853
APPLE_FAMILY,ONLINE,NL-ZH,3231.05,Weekly,2025-07-07,2025-07-13,KG,2.849,2.849
APPLE_FAMILY,ONLINE,NL-ZH,3285.82,Weekly,2025-07-14,2025-07-20,KG,2.832,2.832
APPLE_FAMILY,ONLINE,NL-ZH,3273.91,Weekly,2025-07-21,2025-07-27,KG,2.867,2.867
APPLE_FAMILY,ONLINE,NL-ZH,3074.7,Weekly,2025-07-28,2025-08-03,KG,2.698,2.698
APPLE_FAMILY,ONLINE,NL-ZH,3548.13,Weekly,2025-08-04,2025-08-10,KG,2.413,2.413
APPLE_FAMILY,ONLINE,NL-ZH,3583.69,Weekly,2025-08-11,2025-08-17,KG,2.438,2.438
APPLE_FAMILY,ONLINE,NL-ZH,3843.55,Weekly,2025-08-18,2025-08-24,KG,2.407,2.407
APPLE_FAMILY,ONLINE,NL-ZH,3664.01,Weekly,2025-08-25,2025-08-31,KG,2.45,2.45
APPLE_FAMILY,ONLINE,NL-ZH,3915.35,Weekly,2025-09-01,2025-09-07,KG,2.298,2.298
APPLE_FAMILY,ONLINE,NL-ZH,3757.84,Weekly,2025-09-08,2025-09-14,KG,2.31,2.31
APPLE_FAMILY,ONLINE,NL-ZH,3761.99,Weekly,2025-09-15,2025-09-21,KG,2.316,2.316
APPLE_FAMILY,ONLINE,NL-ZH,4055.1400000000003,Weekly,2025-09-22,2025-09-28,KG,2.314,2.314
APPLE_FAMILY,ONLINE,NL-ZH,3802.8,Weekly,2025-09-29,2025-10-05,KG,2.313,2.313
APPLE_FAMILY,ONLINE,NL-ZH,4265.99,Weekly,2025-10-06,2025-10-12,KG,2.307,2.307
APPLE_FAMILY,ONLINE,NL-ZH,4179.42,Weekly,2025-10-13,2025-10-19,KG,2.294,2.294
APPLE_FAMILY,ONLINE,NL-ZH,3591.45,Weekly,2025-10-20,2025-10-26,KG,2.293,2.293
APPLE_FAMILY,ONLINE,NL-ZH,3902.4500000000003,Weekly,2025-10-27,2025-11-02,KG,2.307,2.307
APPLE_FAMILY,ONLINE,NL-ZH,4779.18,Weekly,2025-11-03,2025-11-09,KG,2.296,2.296
APPLE_FAMILY,ONLINE,NL-ZH,4172.12,Weekly,2025-11-10,2025-11-16,KG,2.33,2.33
APPLE_FAMILY,ONLINE,NL-ZH,3963.52,Weekly,2025-11-17,2025-11-23,KG,2.281,2.308
APPLE_FAMILY,ONLINE,NL-ZH,4134.79,Weekly,2025-11-24,2025-11-30,KG,2.313,2.313
APPLE_FAMILY,ONLINE,NL-ZH,4292.04,Weekly,2025-12-01,2025-12-07,KG,2.795,2.795
APPLE_FAMILY,ONLINE,NL-ZH,4637.55,Weekly,2025-12-08,2025-12-14,KG,2.826,2.826
APPLE_FAMILY,ONLINE,NL-ZH,4593.71,Weekly,2025-12-15,2025-12-21,KG,2.897,2.897
APPLE_FAMILY,ONLINE,NL-ZH,4646.22,Weekly,2025-12-22,2025-12-28,KG,2.844,2.844
APPLE_FAMILY,ONLINE,NL-ZH,4111.71,Weekly,2025-12-29,2026-01-04,KG,2.859,2.859
APPLE_FAMILY,ONLINE,NL-ZH,3556.51,Weekly,2026-01-05,2026-01-11,KG,2.838,2.838
APPLE_FAMILY,ONLINE,NL-ZH,4364.78,Weekly,2026-01-12,2026-01-18,KG,2.85,2.85
APPLE_FAMILY,ONLINE,NL-ZH,4609.72,Weekly,2026-01-19,2026-01-25,KG,2.858,2.858
APPLE_FAMILY,ONLINE,NL-ZH,4195.09,Weekly,2026-01-26,2026-02-01,KG,2.886,2.886
