Data/History_221_Weekly.csv
ProductID,ChannelID,LocationID,Qty,Period,StartDate,EndDate,UOM,NetPrice,ListPrice
APPLE_FAMILY,RETAIL,NL-GE,4713.92,Weekly,2023-01-30,2023-02-05,KG,2.587,2.587
APPLE_FAMILY,RETAIL,NL-GE,8316.11,Weekly,2023-02-06,2023-02-12,KG,2.623,2.623
APPLE_FAMILY,RETAIL,NL-GE,7535.02,Weekly,2023-02-13,2023-02-19,KG,2.573,2.573
APPLE_FAMILY,RETAIL,NL-GE,7678.7,Weekly,2023-02-20,2023-02-26,KG,2.588,2.588
APPLE_FAMILY,RETAIL,NL-GE,7998.59,Weekly,2023-02-27,2023-03-05,KG,2.577,2.599
APPLE_FAMILY,RETAIL,NL-GE,6254.77,Weekly,2023-03-06,2023-03-12,KG,2.558,2.586
APPLE_FAMILY,RETAIL,NL-GE,7553.35,Weekly,2023-03-13,2023-03-19,KG,2.574,2.574
APPLE_FAMILY,RETAIL,NL-GE,6092.41,Weekly,2023-03-20,2023-03-26,KG,2.618,2.618
APPLE_FAMILY,RETAIL,NL-GE,6515.06,Weekly,2023-03-27,2023-04-02,KG,2.55,2.55
APPLE_FAMILY,RETAIL,NL-GE,7202.53,Weekly,2023-04-03,2023-04-09,KG,2.603,2.603
APPLE_FAMILY,RETAIL,NL-GE,6884.7,Weekly,2023-04-10,2023-04-16,KG,2.623,2.623
APPLE_FAMILY,RETAIL,NL-GE,6646.16,Weekly,2023-04-17,2023-04-23,KG,2.594,2.594
APPLE_FAMILY,RETAIL,NL-GE,6289.33,Weekly,2023-04-24,2023-04-30,KG,2.595,2.595
APPLE_FAMILY,RETAIL,NL-GE,6636.1900000000005,Weekly,2023-05-01,2023-05-07,KG,2.575,2.575
APPLE_FAMILY,RETAIL,NL-GE,5711.68,Weekly,2023-05-08,2023-05-14,KG,2.59,2.59
APPLE_FAMILY,RETAIL,NL-GE,6885.67,Weekly,2023-05-15,2023-05-21,KG,2.609,2.609
APPLE_FAMILY,RETAIL,NL-GE,6512.610000000001,Weekly,2023-05-22,2023-05-28,KG,2.58,2.58
APPLE_FAMILY,RETAIL,NL-GE,6503.49,Weekly,2023-05-29,2023-06-04,KG,2.605,2.605
APPLE_FAMILY,RETAIL,NL-GE,6569.79,Weekly,2023-06-05,2023-06-11,KG,2.603,2.603
APPLE_FAMILY,RETAIL,NL-GE,6336.09,Weekly,2023-06-12,2023-06-18,KG,2.563,2.563
APPLE_FAMILY,RETAIL,NL-GE,5732.39,Weekly,2023-06-19,2023-06-25,KG,2.557,2.557
APPLE_FAMILY,RETAIL,NL-GE,5575.9400000000005,Weekly,2023-06-26,2023-07-02,KG,2.579,2.579
APPLE_FAMILY,RETAIL,NL-GE,5787.93,Weekly,2023-07-03,2023-07-09,KG,2.572,2.572
APPLE_FAMILY,RETAIL,NL-GE,5965.59,Weekly,2023-07-10,2023-07-16,KG,2.592,2.592
APPLE_FAMILY,RETAIL,NL-GE,5566.62,Weekly,2023-07-17,2023-07-23,KG,2.597,2.597
APPLE_FAMILY,RETAIL,NL-GE,4987.15,Weekly,2023-07-24,2023-07-30,KG,2.582,2.582
APPLE_FAMILY,RETAIL,NL-GE,4593.37,Weekly,2023-07-31,2023-08-06,KG,2.22,2.22
APPLE_FAMILY,RETAIL,NL-GE,6240.25,Weekly,2023-08-07,2023-08-13,KG,2.208,2.216
APPLE_FAMILY,RETAIL,NL-GE,6506.13,Weekly,2023-08-14,2023-08-20,KG,2.205,2.242
APPLE_FAMILY,RETAIL,NL-GE,6435.1,Weekly,2023-08-21,2023-08-27,KG,2.193,2.218
APPLE_FAMILY,RETAIL,NL-GE,6797.97,Weekly,2023-08-28,2023-09-03,KG,2.127,2.127
APPLE_FAMILY,RETAIL,NL-GE,7629.88,Weekly,2023-09-04,2023-09-10,KG,2.116,2.116
APPLE_FAMILY,RETAIL,NL-GE,7068.42,Weekly,2023-09-11,2023-09-17,KG,2.105,2.105
APPLE_FAMILY,RETAIL,NL-GE,7102.4800000000005,Weekly,2023-09-18,2023-09-24,KG,2.104,2.104
APPLE_FAMILY,RETAIL,NL-GE,8015.79,Weekly,2023-09-25,2023-10-01,KG,2.076,2.076
APPLE_FAMILY,RETAIL,NL-GE,9404.96,Weekly,2023-10-02,2023-10-08,KG,1.92,2.085
APPLE_FAMILY,RETAIL,NL-GE,8123.1,Weekly,2023-10-09,2023-10-15,KG,1.943,2.096
APPLE_FAMILY,RETAIL,NL-GE,6808.41,Weekly,2023-10-16,2023-10-22,KG,2.089,2.089
APPLE_FAMILY,RETAIL,NL-GE,6115.31,Weekly,2023-10-23,2023-10-29,KG,2.128,2.128
APPLE_FAMILY,RETAIL,NL-GE,6933.63,Weekly,2023-10-30,2023-11-05,KG,2.122,2.122
APPLE_FAMILY,RETAIL,NL-GE,7196.8,Weekly,2023-11-06,2023-11-12,KG,2.117,2.117
APPLE_FAMILY,RETAIL,NL-GE,7032.51,Weekly,2023-11-13,2023-11-19,KG,2.124,2.124
APPLE_FAMILY,RETAIL,NL-GE,7359.02,Weekly,2023-11-20,2023-11-26,KG,2.136,2.136
APPLE_FAMILY,RETAIL,NL-GE,7053.16,Weekly,2023-11-27,2023-12-03,KG,2.334,2.334
APPLE_FAMILY,RETAIL,NL-GE,6752.02,Weekly,2023-12-04,2023-12-10,KG,2.544,2.544
APPLE_FAMILY,RETAIL,NL-GE,7946.78,Weekly,2023-12-11,2023-12-17,KG,2.619,2.619
APPLE_FAMILY,RETAIL,NL-GE,6331.89,Weekly,2023-12-18,2023-12-24,KG,2.609,2.609
APPLE_FAMILY,RETAIL,NL-GE,7053.44,Weekly,2023-12-25,2023-12-31,KG,2.606,2.606
APPLE_FAMILY,RETAIL,NL-GE,7313.59,Weekly,2024-01-01,2024-01-07,KG,2.584,2.584
APPLE_FAMILY,RETAIL,NL-GE,7547.88,Weekly,2024-01-08,2024-01-14,KG,2.583,2.583
APPLE_FAMILY,RETAIL,NL-GE,7472.91,Weekly,2024-01-15,2024-01-21,KG,2.562,2.562
APPLE_FAMILY,RETAIL,NL-GE,7648.04,Weekly,2024-01-22,2024-01-28,KG,2.561,2.561
APPLE_FAMILY,RETAIL,NL-GE,7867.09,Weekly,2024-01-29,2024-02-04,KG,2.595,2.595
APPLE_FAMILY,RETAIL,NL-GE,6632.54,Weekly,2024-02-05,2024-02-11,KG,2.566,2.566
APPLE_FAMILY,RETAIL,NL-GE,7616.75,Weekly,2024-02-12,2024-02-18,KG,2.556,2.574
APPLE_FAMILY,RETAIL,NL-GE,7193.11,Weekly,2024-02-19,2024-02-25,KG,2.571,2.599
APPLE_FAMILY,RETAIL,NL-GE,7742.14,Weekly,2024-02-26,2024-03-03,KG,2.593,2.604
APPLE_FAMILY,RETAIL,NL-GE,8293.37,Weekly,2024-03-04,2024-03-10,KG,2.604,2.604
APPLE_FAMILY,RETAIL,NL-GE,7365.6900000000005,Weekly,2024-03-11,2024-03-17,KG,2.613,2.613
APPLE_FAMILY,RETAIL,NL-GE,7178.18,Weekly,2024-03-18,2024-03-24,KG,2.575,2.575
APPLE_FAMILY,RETAIL,NL-GE,7242.25,Weekly,2024-03-25,2024-03-31,KG,2.601,2.601
APPLE_FAMILY,RETAIL,NL-GE,7041.41,Weekly,2024-04-01,2024-04-07,KG,2.594,2.594
APPLE_FAMILY,RETAIL,NL-GE,7254.96,Weekly,2024-04-08,2024-04-14,KG,2.6,2.6
APPLE_FAMILY,RETAIL,NL-GE,5434.7,Weekly,2024-04-15,2024-04-21,KG,2.599,2.599
APPLE_FAMILY,RETAIL,NL-GE,6524.72,Weekly,2024-04-22,2024-04-28,KG,2.591,2.591
APPLE_FAMILY,RETAIL,NL-GE,6656.36,Weekly,2024-04-29,2024-05-05,KG,2.618,2.618
APPLE_FAMILY,RETAIL,NL-GE,7166.8099999999995,Weekly,2024-05-06,2024-05-12,KG,2.602,2.602
APPLE_FAMILY,RETAIL,NL-GE,6570.36,Weekly,2024-05-13,2024-05-19,KG,2.626,2.626
APPLE_FAMILY,RETAIL,NL-GE,5568.34,Weekly,2024-05-20,2024-05-26,KG,2.623,2.623
APPLE_FAMILY,RETAIL,NL-GE,5607.4,Weekly,2024-05-27,2024-06-02,KG,2.6,2.6
APPLE_FAMILY,RETAIL,NL-GE,6050.13,Weekly,2024-06-03,2024-06-09,KG,2.608,2.608
APPLE_FAMILY,RETAIL,NL-GE,5063.78,Weekly,2024-06-10,2024-06-16,KG,2.605,2.605
APPLE_FAMILY,RETAIL,NL-GE,5347.38,Weekly,2024-06-17,2024-06-23,KG,2.589,2.589
APPLE_FAMILY,RETAIL,NL-GE,5733.03,Weekly,2024-06-24,2024-06-30,KG,2.59,2.59
APPLE_FAMILY,RETAIL,NL-GE,5461.62,Weekly,2024-07-01,2024-07-07,KG,2.579,2.579
APPLE_FAMILY,RETAIL,NL-GE,5313.54,Weekly,2024-07-08,2024-07-14,KG,2.6,2.6
APPLE_FAMILY,RETAIL,NL-GE,5976.6,Weekly,2024-07-15,2024-07-21,KG,2.578,2.578
APPLE_FAMILY,RETAIL,NL-GE,5927.63,Weekly,2024-07-22,2024-07-28,KG,2.559,2.559
APPLE_FAMILY,RETAIL,NL-GE,5971.11,Weekly,2024-07-29,2024-08-04,KG,2.386,2.386
APPLE_FAMILY,RETAIL,NL-GE,6368.63,Weekly,2024-08-05,2024-08-11,KG,2.199,2.199
APPLE_FAMILY,RETAIL,NL-GE,6046.22,Weekly,2024-08-12,2024-08-18,KG,2.223,2.223
APPLE_FAMILY,RETAIL,NL-GE,6371.92,Weekly,2024-08-19,2024-08-25,KG,2.222,2.222
APPLE_FAMILY,RETAIL,NL-GE,6822.849999999999,Weekly,2024-08-26,2024-09-01,KG,2.188,2.188
APPLE_FAMILY,RETAIL,NL-GE,6718.67,Weekly,2024-09-02,2024-09-08,KG,2.116,2.116
APPLE_FAMILY,RETAIL,NL-GE,6377.2300000000005,Weekly,2024-09-09,2024-09-15,KG,2.073,2.073
APPLE_FAMILY,RETAIL,NL-GE,7741.91,Weekly,2024-09-16,2024-09-22,KG,2.112,2.112
APPLE_FAMILY,RETAIL,NL-GE,6366.35,Weekly,2024-09-23,2024-09-29,KG,2.084,2.084
APPLE_FAMILY,RETAIL,NL-GE,6973.110000000001,Weekly,2024-09-30,2024-10-06,KG,2.105,2.105
APPLE_FAMILY,RETAIL,NL-GE,6784.62,Weekly,2024-10-07,2024-10-13,KG,2.103,2.103
APPLE_FAMILY,RETAIL,NL-GE,7714.47,Weekly,2024-10-14,2024-10-20,KG,2.128,2.128
APPLE_FAMILY,RETAIL,NL-GE,8212.08,Weekly,2024-10-21,2024-10-27,KG,2.098,2.098
APPLE_FAMILY,RETAIL,NL-GE,7634.45,Weekly,2024-10-28,2024-11-03,KG,2.104,2.104
APPLE_FAMILY,RETAIL,NL-GE,7740.82,Weekly,2024-11-04,2024-11-10,KG,2.112,2.112
APPLE_FAMILY,RETAIL,NL-GE,7086.54,Weekly,2024-11-11,2024-11-17,KG,2.089,2.089
APPLE_FAMILY,RETAIL,NL-GE,6887.1900000000005,Weekly,2024-11-18,2024-11-24,KG,2.117,2.117
APPLE_FAMILY,RETAIL,NL-GE,7854.79,Weekly,2024-11-25,2024-12-01,KG,2.224,2.224
APPLE_FAMILY,RETAIL,NL-GE,7311.55,Weekly,2024-12-02,2024-12-08,KG,2.598,2.598
APPLE_FAMILY,RETAIL,NL-GE,7647.89,Weekly,2024-12-09,2024-12-15,KG,2.589,2.589
APPLE_FAMILY,RETAIL,NL-GE,7632.9800000000005,Weekly,2024-12-16,2024-12-22,KG,2.566,2.566
APPLE_FAMILY,RETAIL,NL-GE,7836.16,Weekly,2024-12-23,2024-12-29,KG,2.587,2.587
APPLE_FAMILY,RETAIL,NL-GE,7125.29,Weekly,2024-12-30,2025-01-05,KG,2.602,2.602
APPLE_FAMILY,RETAIL,NL-GE,7576.88,Weekly,2025-01-06,2025-01-12,KG,2.593,2.593
APPLE_FAMILY,RETAIL,NL-GE,7835.07,Weekly,2025-01-13,2025-01-19,KG,2.574,2.574
APPLE_FAMILY,RETAIL,NL-GE,6942.56,Weekly,2025-01-20,2025-01-26,KG,2.563,2.563
APPLE_FAMILY,RETAIL,NL-GE,7679.32,Weekly,2025-01-27,2025-02-02,KG,2.586,2.586
APPLE_FAMILY,RETAIL,NL-GE,8873.36,Weekly,2025-02-03,2025-02-09,KG,2.462,2.58
APPLE_FAMILY,RETAIL,NL-GE,8443.35,Weekly,2025-02-10,2025-02-16,KG,2.407,2.618
APPLE_FAMILY,RETAIL,NL-GE,8426.289999999999,Weekly,2025-02-17,2025-02-23,KG,2.604,2.604
APPLE_FAMILY,RETAIL,NL-GE,7340.82,Weekly,2025-02-24,2025-03-02,KG,2.582,2.582
APPLE_FAMILY,RETAIL,NL-GE,8779.23,Weekly,2025-03-03,2025-03-09,KG,2.603,2.603
APPLE_FAMILY,RETAIL,NL-GE,8054.360000000001,Weekly,2025-03-10,2025-03-16,KG,2.594,2.594
APPLE_FAMILY,RETAIL,NL-GE,8678.79,Weekly,2025-03-17,2025-03-23,KG,2.581,2.581
APPLE_FAMILY,RETAIL,NL-GE,8115.95,Weekly,2025-03-24,2025-03-30,KG,2.589,2.589
APPLE_FAMILY,RETAIL,NL-GE,8497.23,Weekly,2025-03-31,2025-04-06,KG,2.599,2.599
APPLE_FAMILY,RETAIL,NL-GE,7880.65,Weekly,2025-04-07,2025-04-13,KG,2.617,2.617
APPLE_FAMILY,RETAIL,NL-GE,6851.77,Weekly,2025-04-14,2025-04-20,KG,2.615,2.615
APPLE_FAMILY,RETAIL,NL-GE,6958.72,Weekly,2025-04-21,2025-04-27,KG,2.592,2.592
APPLE_FAMILY,RETAIL,NL-GE,7523.47,Weekly,2025-04-28,2025-05-04,KG,2.586,2.586
APPLE_FAMILY,RETAIL,NL-GE,6962.09,Weekly,2025-05-05,2025-05-11,KG,2.601,2.601
APPLE_FAMILY,RETAIL,NL-GE,7279.9400000000005,Weekly,2025-05-12,2025-05-18,KG,2.57,2.57
APPLE_FAMILY,RETAIL,NL-GE,6187.58,Weekly,2025-05-19,2025-05-25,KG,2.626,2.626
APPLE_FAMILY,RETAIL,NL-GE,5686.55,Weekly,2025-05-26,2025-06-01,KG,2.597,2.597
APPLE_FAMILY,RETAIL,NL-GE,5507.97,Weekly,2025-06-02,2025-06-08,KG,2.573,2.573
APPLE_FAMILY,RETAIL,NL-GE,6410.21,Weekly,2025-06-09,2025-06-15,KG,2.6,2.6
APPLE_FAMILY,RETAIL,NL-GE,6176.78,Weekly,2025-06-16,2025-06-22,KG,2.563,2.563
APPLE_FAMILY,RETAIL,NL-GE,5743.74,Weekly,2025-06-23,2025-06-29,KG,2.573,2.573
APPLE_FAMILY,RETAIL,NL-GE,5427.26,Weekly,2025-06-30,2025-07-06,KG,2.614,2.614
APPLE_FAMILY,RETAIL,NL-GE,6120.73,Weekly,2025-07-07,2025-07-13,KG,2.593,2.593
APPLE_FAMILY,RETAIL,NL-GE,5847.5199999999995,Weekly,2025-07-14,2025-07-20,KG,2.565,2.565
APPLE_FAMILY,RETAIL,NL-GE,5871.21,Weekly,2025-07-21,2025-07-27,KG,2.59,2.59
APPLE_FAMILY,RETAIL,NL-GE,5834.4,Weekly,2025-07-28,2025-08-03,KG,2.411,2.411
APPLE_FAMILY,RETAIL,NL-GE,6380.18,Weekly,2025-08-04,2025-08-10,KG,2.217,2.217
APPLE_FAMILY,RETAIL,NL-GE,6328.2300000000005,Weekly,2025-08-11,2025-08-17,KG,2.201,2.21
APPLE_FAMILY,RETAIL,NL-GE,6869.5,Weekly,2025-08-18,2025-08-24,KG,2.179,2.19
APPLE_FAMILY,RETAIL,NL-GE,7042.0599999999995,Weekly,2025-08-25,2025-08-31,KG,2.216,2.232
APPLE_FAMILY,RETAIL,NL-GE,7001.78,Weekly,2025-09-01,2025-09-07,KG,2.086,2.097
APPLE_FAMILY,RETAIL,NL-GE,6362.72,Weekly,2025-09-08,2025-09-14,KG,2.108,2.108
APPLE_FAMILY,RETAIL,NL-GE,6407.36,Weekly,2025-09-15,2025-09-21,KG,2.126,2.126
APPLE_FAMILY,RETAIL,NL-GE,7490.18,Weekly,2025-09-22,2025-09-28,KG,2.109,2.109
APPLE_FAMILY,RETAIL,NL-GE,6666.69,Weekly,2025-09-29,2025-10-05,KG,2.118,2.118
APPLE_FAMILY,RETAIL,NL-GE,7001.63,Weekly,2025-10-06,2025-10-12,KG,2.116,2.116
APPLE_FAMILY,RETAIL,NL-GE,7831.07,Weekly,2025-10-13,2025-10-19,KG,2.116,2.116
APPLE_FAMILY,RETAIL,NL-GE,6832.49,Weekly,2025-10-20,2025-10-26,KG,2.11,2.11
APPLE_FAMILY,RETAIL,NL-GE,6852.05,Weekly,2025-10-27,2025-11-02,KG,2.099,2.099
APPLE_FAMILY,RETAIL,NL-GE,8483.85,Weekly,2025-11-03,2025-11-09,KG,2.091,2.091
APPLE_FAMILY,RETAIL,NL-GE,7133.66,Weekly,2025-11-10,2025-11-16,KG,2.088,2.088
APPLE_FAMILY,RETAIL,NL-GE,7182.4,Weekly,2025-11-17,2025-11-23,KG,2.123,2.123
APPLE_FAMILY,RETAIL,NL-GE,7592.73,Weekly,2025-11-24,2025-11-30,KG,2.091,2.091
APPLE_FAMILY,RETAIL,NL-GE,6872.55,Weekly,2025-12-01,2025-12-07,KG,2.592,2.592
APPLE_FAMILY,RETAIL,NL-GE,8267.51,Weekly,2025-12-08,2025-12-14,KG,2.61,2.61
APPLE_FAMILY,RETAIL,NL-GE,8561.05,Weekly,2025-12-15,2025-12-21,KG,2.584,2.584
APPLE_FAMILY,RETAIL,NL-GE,7718.9,Weekly,2025-12-22,2025-12-28,KG,2.583,2.583
APPLE_FAMILY,RETAIL,NL-GE,7241.08,Weekly,2025-12-29,2026-01-04,KG,2.619,2.619
APPLE_FAMILY,RETAIL,NL-GE,6669.54,Weekly,2026-01-05,2026-01-11,KG,2.606,2.606
APPLE_FAMILY,RETAIL,NL-GE,8103.68,Weekly,2026-01-12,2026-01-18,KG,2.619,2.619
APPLE_FAMILY,RETAIL,NL-GE,8461.17,Weekly,2026-01-19,2026-01-25,KG,2.589,2.589
APPLE_FAMILY,RETAIL,NL-GE,7635.78,Weekly,2026-01-26,2026-02-01,KG,2.608,2.608
