Data/History_221_Weekly.csv
ProductID,ChannelID,LocationID,Qty,Period,StartDate,EndDate,UOM,NetPrice,ListPrice
APPLE_FAMILY,RETAIL,NL-NH,4972.52,Weekly,2023-01-30,2023-02-05,KG,2.666,2.666
APPLE_FAMILY,RETAIL,NL-NH,8714.17,Weekly,2023-02-06,2023-02-12,KG,2.779,2.779
APPLE_FAMILY,RETAIL,NL-NH,8226.43,Weekly,2023-02-13,2023-02-19,KG,2.762,2.762
APPLE_FAMILY,RETAIL,NL-NH,8385.99,Weekly,2023-02-20,2023-02-26,KG,2.771,2.771
APPLE_FAMILY,RETAIL,NL-NH,8279.78,Weekly,2023-02-27,2023-03-05,KG,2.766,2.766
APPLE_FAMILY,RETAIL,NL-NH,6458.59,Weekly,2023-03-06,2023-03-12,KG,2.772,2.772
APPLE_FAMILY,RETAIL,NL-NH,8140.07,Weekly,2023-03-13,2023-03-19,KG,2.745,2.745
APPLE_FAMILY,RETAIL,NL-NH,7131.02,Weekly,2023-03-20,2023-03-26,KG,2.776,2.776
APPLE_FAMILY,RETAIL,NL-NH,7198.04,Weekly,2023-03-27,2023-04-02,KG,2.755,2.755
APPLE_FAMILY,RETAIL,NL-NH,7552.45,Weekly,2023-04-03,2023-04-09,KG,2.759,2.759
APPLE_FAMILY,RETAIL,NL-NH,6813.53,Weekly,2023-04-10,2023-04-16,KG,2.744,2.744
APPLE_FAMILY,RETAIL,NL-NH,6678.73,Weekly,2023-04-17,2023-04-23,KG,2.775,2.775
APPLE_FAMILY,RETAIL,NL-NH,6854.4,Weekly,2023-04-24,2023-04-30,KG,2.729,2.729
APPLE_FAMILY,RETAIL,NL-NH,6847.01,Weekly,2023-05-01,2023-05-07,KG,2.802,2.802
APPLE_FAMILY,RETAIL,NL-NH,6425.52,Weekly,2023-05-08,2023-05-14,KG,2.737,2.737
APPLE_FAMILY,RETAIL,NL-NH,7195.62,Weekly,2023-05-15,2023-05-21,KG,2.763,2.763
APPLE_FAMILY,RETAIL,NL-NH,6802.87,Weekly,2023-05-22,2023-05-28,KG,2.763,2.763
APPLE_FAMILY,RETAIL,NL-NH,6600.86,Weekly,2023-05-29,2023-06-04,KG,2.767,2.767
APPLE_FAMILY,RETAIL,NL-NH,6926.27,Weekly,2023-06-05,2023-06-11,KG,2.788,2.788
APPLE_FAMILY,RETAIL,NL-NH,6498.68,Weekly,2023-06-12,2023-06-18,KG,2.777,2.777
APPLE_FAMILY,RETAIL,NL-NH,6502.33,Weekly,2023-06-19,2023-06-25,KG,2.77,2.77
APPLE_FAMILY,RETAIL,NL-NH,5916.2,Weekly,2023-06-26,2023-07-02,KG,2.756,2.756
APPLE_FAMILY,RETAIL,NL-NH,6083.21,Weekly,2023-07-03,2023-07-09,KG,2.8,2.8
APPLE_FAMILY,RETAIL,NL-NH,6398.48,Weekly,2023-07-10,2023-07-16,KG,2.73,2.73
APPLE_FAMILY,RETAIL,NL-NH,5860.139999999999,Weekly,2023-07-17,2023-07-23,KG,2.772,2.772
APPLE_FAMILY,RETAIL,NL-NH,5806.46,Weekly,2023-07-24,2023-07-30,KG,2.739,2.739
APPLE_FAMILY,RETAIL,NL-NH,4988.1,Weekly,2023-07-31,2023-08-06,KG,2.364,2.364
APPLE_FAMILY,RETAIL,NL-NH,6560.64,Weekly,2023-08-07,2023-08-13,KG,2.348,2.348
APPLE_FAMILY,RETAIL,NL-NH,7096.2,Weekly,2023-08-14,2023-08-20,KG,2.365,2.365
APPLE_FAMILY,RETAIL,NL-NH,6846.55,Weekly,2023-08-21,2023-08-27,KG,2.345,2.386
APPLE_FAMILY,RETAIL,NL-NH,7078.44,Weekly,2023-08-28,2023-09-03,KG,2.263,2.304
APPLE_FAMILY,RETAIL,NL-NH,8148.610000000001,Weekly,2023-09-04,2023-09-10,KG,2.235,2.235
APPLE_FAMILY,RETAIL,NL-NH,8028.54,Weekly,2023-09-11,2023-09-17,KG,2.232,2.232
APPLE_FAMILY,RETAIL,NL-NH,6321.15,Weekly,2023-09-18,2023-09-24,KG,2.238,2.238
APPLE_FAMILY,RETAIL,NL-NH,8695.22,Weekly,2023-09-25,2023-10-01,KG,2.236,2.236
APPLE_FAMILY,RETAIL,NL-NH,8168.1,Weekly,2023-10-02,2023-10-08,KG,2.229,2.229
APPLE_FAMILY,RETAIL,NL-NH,7227.43,Weekly,2023-10-09,2023-10-15,KG,2.242,2.242
APPLE_FAMILY,RETAIL,NL-NH,7325.24,Weekly,2023-10-16,2023-10-22,KG,2.231,2.231
APPLE_FAMILY,RETAIL,NL-NH,6533.11,Weekly,2023-10-23,2023-10-29,KG,2.241,2.241
APPLE_FAMILY,RETAIL,NL-NH,6396.400000000001,Weekly,2023-10-30,2023-11-05,KG,2.258,2.258
APPLE_FAMILY,RETAIL,NL-NH,7174.03,Weekly,2023-11-06,2023-11-12,KG,2.205,2.205
APPLE_FAMILY,RETAIL,NL-NH,7271.47,Weekly,2023-11-13,2023-11-19,KG,2.264,2.264
APPLE_FAMILY,RETAIL,NL-NH,8335.92,Weekly,2023-11-20,2023-11-26,KG,2.243,2.243
APPLE_FAMILY,RETAIL,NL-NH,7466.39,Weekly,2023-11-27,2023-12-03,KG,2.481,2.481
APPLE_FAMILY,RETAIL,NL-NH,7469.51,Weekly,2023-12-04,2023-12-10,KG,2.735,2.735
APPLE_FAMILY,RETAIL,NL-NH,8554.75,Weekly,2023-12-11,2023-12-17,KG,2.787,2.787
APPLE_FAMILY,RETAIL,NL-NH,7577.93,Weekly,2023-12-18,2023-12-24,KG,2.746,2.746
APPLE_FAMILY,RETAIL,NL-NH,8048.32,Weekly,2023-12-25,2023-12-31,KG,2.748,2.748
APPLE_FAMILY,RETAIL,NL-NH,7667.56,Weekly,2024-01-01,2024-01-07,KG,2.745,2.745
APPLE_FAMILY,RETAIL,NL-NH,8046.48,Weekly,2024-01-08,2024-01-14,KG,2.72,2.72
APPLE_FAMILY,RETAIL,NL-NH,8484.29,Weekly,2024-01-15,2024-01-21,KG,2.733,2.733
APPLE_FAMILY,RETAIL,NL-NH,8634.94,Weekly,2024-01-22,2024-01-28,KG,2.733,2.733
APPLE_FAMILY,RETAIL,NL-NH,8190.67,Weekly,2024-01-29,2024-02-04,KG,2.739,2.739
APPLE_FAMILY,RETAIL,NL-NH,7460.23,Weekly,2024-02-05,2024-02-11,KG,2.787,2.787
APPLE_FAMILY,RETAIL,NL-NH,7998.53,Weekly,2024-02-12,2024-02-18,KG,2.784,2.784
APPLE_FAMILY,RETAIL,NL-NH,7346.88,Weekly,2024-02-19,2024-02-25,KG,2.793,2.793
APPLE_FAMILY,RETAIL,NL-NH,7864.8,Weekly,2024-02-26,2024-03-03,KG,2.773,2.773
APPLE_FAMILY,RETAIL,NL-NH,8959.11,Weekly,2024-03-04,2024-03-10,KG,2.735,2.749
APPLE_FAMILY,RETAIL,NL-NH,7774.5,Weekly,2024-03-11,2024-03-17,KG,2.752,2.76
APPLE_FAMILY,RETAIL,NL-NH,7611.24,Weekly,2024-03-18,2024-03-24,KG,2.782,2.782
APPLE_FAMILY,RETAIL,NL-NH,7696.27,Weekly,2024-03-25,2024-03-31,KG,2.767,2.767
APPLE_FAMILY,RETAIL,NL-NH,7183.34,Weekly,2024-04-01,2024-04-07,KG,2.744,2.744
APPLE_FAMILY,RETAIL,NL-NH,8134.24,Weekly,2024-04-08,2024-04-14,KG,2.768,2.768
APPLE_FAMILY,RETAIL,NL-NH,6147.57,Weekly,2024-04-15,2024-04-21,KG,2.778,2.778
APPLE_FAMILY,RETAIL,NL-NH,6773.91,Weekly,2024-04-22,2024-04-28,KG,2.739,2.739
APPLE_FAMILY,RETAIL,NL-NH,6891.18,Weekly,2024-04-29,2024-05-05,KG,2.745,2.745
APPLE_FAMILY,RETAIL,NL-NH,7369.39,Weekly,2024-05-06,2024-05-12,KG,2.75,2.75
APPLE_FAMILY,RETAIL,NL-NH,7005.15,Weekly,2024-05-13,2024-05-19,KG,2.736,2.736
APPLE_FAMILY,RETAIL,NL-NH,5283.96,Weekly,2024-05-20,2024-05-26,KG,2.74,2.74
APPLE_FAMILY,RETAIL,NL-NH,5850.43,Weekly,2024-05-27,2024-06-02,KG,2.772,2.772
APPLE_FAMILY,RETAIL,NL-NH,6614.37,Weekly,2024-06-03,2024-06-09,KG,2.754,2.754
APPLE_FAMILY,RETAIL,NL-NH,5306.41,Weekly,2024-06-10,2024-06-16,KG,2.755,2.755
APPLE_FAMILY,RETAIL,NL-NH,6073.34,Weekly,2024-06-17,2024-06-23,KG,2.757,2.757
APPLE_FAMILY,RETAIL,NL-NH,6456.71,Weekly,2024-06-24,2024-06-30,KG,2.744,2.744
APPLE_FAMILY,RETAIL,NL-NH,4704.86,Weekly,2024-07-01,2024-07-07,KG,2.783,2.783
APPLE_FAMILY,RETAIL,NL-NH,5899.89,Weekly,2024-07-08,2024-07-14,KG,2.771,2.771
APPLE_FAMILY,RETAIL,NL-NH,5997.83,Weekly,2024-07-15,2024-07-21,KG,2.762,2.762
APPLE_FAMILY,RETAIL,NL-NH,6223.63,Weekly,2024-07-22,2024-07-28,KG,2.765,2.765
APPLE_FAMILY,RETAIL,NL-NH,6791.44,Weekly,2024-07-29,2024-08-04,KG,2.523,2.53
APPLE_FAMILY,RETAIL,NL-NH,6926.36,Weekly,2024-08-05,2024-08-11,KG,2.352,2.362
APPLE_FAMILY,RETAIL,NL-NH,6501.98,Weekly,2024-08-12,2024-08-18,KG,2.318,2.318
APPLE_FAMILY,RETAIL,NL-NH,6763.11,Weekly,2024-08-19,2024-08-25,KG,2.341,2.341
APPLE_FAMILY,RETAIL,NL-NH,7631.78,Weekly,2024-08-26,2024-09-01,KG,2.342,2.342
APPLE_FAMILY,RETAIL,NL-NH,7578.51,Weekly,2024-09-02,2024-09-08,KG,2.248,2.248
APPLE_FAMILY,RETAIL,NL-NH,7137.740000000001,Weekly,2024-09-09,2024-09-15,KG,2.239,2.239
APPLE_FAMILY,RETAIL,NL-NH,8526.45,Weekly,2024-09-16,2024-09-22,KG,2.263,2.263
APPLE_FAMILY,RETAIL,NL-NH,6450.93,Weekly,2024-09-23,2024-09-29,KG,2.265,2.265
APPLE_FAMILY,RETAIL,NL-NH,7108.13,Weekly,2024-09-30,2024-10-06,KG,2.22,2.22
APPLE_FAMILY,RETAIL,NL-NH,8317.05,Weekly,2024-10-07,2024-10-13,KG,2.214,2.214
APPLE_FAMILY,RETAIL,NL-NH,8238.3,Weekly,2024-10-14,2024-10-20,KG,2.261,2.261
APPLE_FAMILY,RETAIL,NL-NH,8594.48,Weekly,2024-10-21,2024-10-27,KG,2.22,2.22
APPLE_FAMILY,RETAIL,NL-NH,8427.05,Weekly,2024-10-28,2024-11-03,KG,2.241,2.241
APPLE_FAMILY,RETAIL,NL-NH,8251.18,Weekly,2024-11-04,2024-11-10,KG,2.252,2.252
APPLE_FAMILY,RETAIL,NL-NH,8122.59,Weekly,2024-11-11,2024-11-17,KG,2.254,2.254
APPLE_FAMILY,RETAIL,NL-NH,6457.8,Weekly,2024-11-18,2024-11-24,KG,2.224,2.224
APPLE_FAMILY,RETAIL,NL-NH,8243.72,Weekly,2024-11-25,2024-12-01,KG,2.344,2.344
APPLE_FAMILY,RETAIL,NL-NH,7745.32,Weekly,2024-12-02,2024-12-08,KG,2.76,2.76
APPLE_FAMILY,RETAIL,NL-NH,8111.59,Weekly,2024-12-09,2024-12-15,KG,2.757,2.757
APPLE_FAMILY,RETAIL,NL-NH,8135.02,Weekly,2024-12-16,2024-12-22,KG,2.757,2.757
APPLE_FAMILY,RETAIL,NL-NH,8472.81,Weekly,2024-12-23,2024-12-29,KG,2.767,2.767
APPLE_FAMILY,RETAIL,NL-NH,7782.41,Weekly,2024-12-30,2025-01-05,KG,2.772,2.772
APPLE_FAMILY,RETAIL,NL-NH,8127.41,Weekly,2025-01-06,2025-01-12,KG,2.76,2.76
APPLE_FAMILY,RETAIL,NL-NH,8413.74,Weekly,2025-01-13,2025-01-19,KG,2.772,2.772
APPLE_FAMILY,RETAIL,NL-NH,7851.83,Weekly,2025-01-20,2025-01-26,KG,2.756,2.756
APPLE_FAMILY,RETAIL,NL-NH,8646.35,Weekly,2025-01-27,2025-02-02,KG,2.78,2.78
APPLE_FAMILY,RETAIL,NL-NH,8611.14,Weekly,2025-02-03,2025-02-09,KG,2.767,2.767
APPLE_FAMILY,RETAIL,NL-NH,7488.89,Weekly,2025-02-10,2025-02-16,KG,2.743,2.743
APPLE_FAMILY,RETAIL,NL-NH,8383.4,Weekly,2025-02-17,2025-02-23,KG,2.781,2.781
APPLE_FAMILY,RETAIL,NL-NH,8730.91,Weekly,2025-02-24,2025-03-02,KG,2.714,2.714
APPLE_FAMILY,RETAIL,NL-NH,9599.97,Weekly,2025-03-03,2025-03-09,KG,2.736,2.736
APPLE_FAMILY,RETAIL,NL-NH,8578.54,Weekly,2025-03-10,2025-03-16,KG,2.767,2.767
APPLE_FAMILY,RETAIL,NL-NH,9032.08,Weekly,2025-03-17,2025-03-23,KG,2.742,2.742
APPLE_FAMILY,RETAIL,NL-NH,8668.42,Weekly,2025-03-24,2025-03-30,KG,2.767,2.767
APPLE_FAMILY,RETAIL,NL-NH,9050.01,Weekly,2025-03-31,2025-04-06,KG,2.75,2.75
APPLE_FAMILY,RETAIL,NL-NH,8441.74,Weekly,2025-04-07,2025-04-13,KG,2.744,2.744
APPLE_FAMILY,RETAIL,NL-NH,7432.33,Weekly,2025-04-14,2025-04-20,KG,2.739,2.739
APPLE_FAMILY,RETAIL,NL-NH,6941.27,Weekly,2025-04-21,2025-04-27,KG,2.799,2.799
APPLE_FAMILY,RETAIL,NL-NH,8234.69,Weekly,2025-04-28,2025-05-04,KG,2.718,2.718
APPLE_FAMILY,RETAIL,NL-NH,7459.71,Weekly,2025-05-05,2025-05-11,KG,2.75,2.75
APPLE_FAMILY,RETAIL,NL-NH,7812.88,Weekly,2025-05-12,2025-05-18,KG,2.726,2.801
APPLE_FAMILY,RETAIL,NL-NH,6860.08,Weekly,2025-05-19,2025-05-25,KG,2.736,2.795
APPLE_FAMILY,RETAIL,NL-NH,6402.72,Weekly,2025-05-26,2025-06-01,KG,2.789,2.789
APPLE_FAMILY,RETAIL,NL-NH,5657.61,Weekly,2025-06-02,2025-06-08,KG,2.73,2.73
APPLE_FAMILY,RETAIL,NL-NH,6653.12,Weekly,2025-06-09,2025-06-15,KG,2.742,2.742
APPLE_FAMILY,RETAIL,NL-NH,6735.280000000001,Weekly,2025-06-16,2025-06-22,KG,2.767,2.767
APPLE_FAMILY,RETAIL,NL-NH,6528.74,Weekly,2025-06-23,2025-06-29,KG,2.769,2.769
APPLE_FAMILY,RETAIL,NL-NH,5839.42,Weekly,2025-06-30,2025-07-06,KG,2.767,2.767
APPLE_FAMILY,RETAIL,NL-NH,6359.469999999999,Weekly,2025-07-07,2025-07-13,KG,2.766,2.766
APPLE_FAMILY,RETAIL,NL-NH,5861.45,Weekly,2025-07-14,2025-07-20,KG,2.795,2.795
APPLE_FAMILY,RETAIL,NL-NH,5936.9800000000005,Weekly,2025-07-21,2025-07-27,KG,2.734,2.734
APPLE_FAMILY,RETAIL,NL-NH,6018.54,Weekly,2025-07-28,2025-08-03,KG,2.551,2.551
APPLE_FAMILY,RETAIL,NL-NH,6890.47,Weekly,2025-08-04,2025-08-10,KG,2.344,2.344
APPLE_FAMILY,RETAIL,NL-NH,6791.31,Weekly,2025-08-11,2025-08-17,KG,2.338,2.338
APPLE_FAMILY,RETAIL,NL-NH,7325.22,Weekly,2025-08-18,2025-08-24,KG,2.389,2.389
APPLE_FAMILY,RETAIL,NL-NH,7204.81,Weekly,2025-08-25,2025-08-31,KG,2.334,2.334
APPLE_FAMILY,RETAIL,NL-NH,7503.88,Weekly,2025-09-01,2025-09-07,KG,2.242,2.242
APPLE_FAMILY,RETAIL,NL-NH,6887.67,Weekly,2025-09-08,2025-09-14,KG,2.242,2.242
APPLE_FAMILY,RETAIL,NL-NH,6726.31,Weekly,2025-09-15,2025-09-21,KG,2.209,2.209
APPLE_FAMILY,RETAIL,NL-NH,8089.44,Weekly,2025-09-22,2025-09-28,KG,2.255,2.255
APPLE_FAMILY,RETAIL,NL-NH,6714.22,Weekly,2025-09-29,2025-10-05,KG,2.239,2.239
APPLE_FAMILY,RETAIL,NL-NH,7875.28,Weekly,2025-10-06,2025-10-12,KG,2.243,2.243
APPLE_FAMILY,RETAIL,NL-NH,8148.32,Weekly,2025-10-13,2025-10-19,KG,2.259,2.259
APPLE_FAMILY,RETAIL,NL-NH,6767.110000000001,Weekly,2025-10-20,2025-10-26,KG,2.237,2.237
APPLE_FAMILY,RETAIL,NL-NH,7252.63,Weekly,2025-10-27,2025-11-02,KG,2.24,2.24
APPLE_FAMILY,RETAIL,NL-NH,9460.02,Weekly,2025-11-03,2025-11-09,KG,2.228,2.228
APPLE_FAMILY,RETAIL,NL-NH,7590.05,Weekly,2025-11-10,2025-11-16,KG,2.266,2.266
APPLE_FAMILY,RETAIL,NL-NH,7080.639999999999,Weekly,2025-11-17,2025-11-23,KG,2.263,2.263
APPLE_FAMILY,RETAIL,NL-NH,8352.08,Weekly,2025-11-24,2025-11-30,KG,2.27,2.27
APPLE_FAMILY,RETAIL,NL-NH,7793.84,Weekly,2025-12-01,2025-12-07,KG,2.769,2.769
APPLE_FAMILY,RETAIL,NL-NH,8850.92,Weekly,2025-12-08,2025-12-14,KG,2.759,2.759
APPLE_FAMILY,RETAIL,NL-NH,8757.87,Weekly,2025-12-15,2025-12-21,KG,2.768,2.768
APPLE_FAMILY,RETAIL,NL-NH,8571.84,Weekly,2025-12-22,2025-12-28,KG,2.794,2.794
APPLE_FAMILY,RETAIL,NL-NH,7451.54,Weekly,2025-12-29,2026-01-04,KG,2.766,2.766
APPLE_FAMILY,RETAIL,NL-NH,7332.73,Weekly,2026-01-05,2026-01-11,KG,2.75,2.75
APPLE_FAMILY,RETAIL,NL-NH,8687.17,Weekly,2026-01-12,2026-01-18,KG,2.752,2.752
APPLE_FAMILY,RETAIL,NL-NH,8931.59,Weekly,2026-01-19,2026-01-25,KG,2.773,2.773
APPLE_FAMILY,RETAIL,NL-NH,7734.17,Weekly,2026-01-26,2026-02-01,KG,2.762,2.762
