Data/History_221_Weekly.csv
ProductID,ChannelID,LocationID,Qty,Period,StartDate,EndDate,UOM,NetPrice,ListPrice
APPLE_FAMILY,RETAIL,NL-ZH,5441.64,Weekly,2023-01-30,2023-02-05,KG,2.871,2.871
APPLE_FAMILY,RETAIL,NL-ZH,9097.87,Weekly,2023-02-06,2023-02-12,KG,2.805,2.805
APPLE_FAMILY,RETAIL,NL-ZH,8857.64,Weekly,2023-02-13,2023-02-19,KG,2.847,2.847
APPLE_FAMILY,RETAIL,NL-ZH,8300.43,Weekly,2023-02-20,2023-02-26,KG,2.831,2.831
APPLE_FAMILY,RETAIL,NL-ZH,8198.449999999999,Weekly,2023-02-27,2023-03-05,KG,2.818,2.818
APPLE_FAMILY,RETAIL,NL-ZH,6924.29,Weekly,2023-03-06,2023-03-12,KG,2.83,2.83
APPLE_FAMILY,RETAIL,NL-ZH,7832.26,Weekly,2023-03-13,2023-03-19,KG,2.847,2.847
APPLE_FAMILY,RETAIL,NL-ZH,7309.24,Weekly,2023-03-20,2023-03-26,KG,2.777,2.777
APPLE_FAMILY,RETAIL,NL-ZH,7120.41,Weekly,2023-03-27,2023-04-02,KG,2.845,2.845
APPLE_FAMILY,RETAIL,NL-ZH,7917.43,Weekly,2023-04-03,2023-04-09,KG,2.836,2.836
APPLE_FAMILY,RETAIL,NL-ZH,7221.780000000001,Weekly,2023-04-10,2023-04-16,KG,2.853,2.853
APPLE_FAMILY,RETAIL,NL-ZH,6988.7,Weekly,2023-04-17,2023-04-23,KG,2.837,2.837
APPLE_FAMILY,RETAIL,NL-ZH,6824.1,Weekly,2023-04-24,2023-04-30,KG,2.85,2.85
APPLE_FAMILY,RETAIL,NL-ZH,7650.82,Weekly,2023-05-01,2023-05-07,KG,2.831,2.831
APPLE_FAMILY,RETAIL,NL-ZH,6093.66,Weekly,2023-05-08,2023-05-14,KG,2.839,2.839
APPLE_FAMILY,RETAIL,NL-ZH,7268.52,Weekly,2023-05-15,2023-05-21,KG,2.854,2.854
APPLE_FAMILY,RETAIL,NL-ZH,7539.47,Weekly,2023-05-22,2023-05-28,KG,2.859,2.859
APPLE_FAMILY,RETAIL,NL-ZH,7102.7300000000005,Weekly,2023-05-29,2023-06-04,KG,2.821,2.821
APPLE_FAMILY,RETAIL,NL-ZH,7122.42,Weekly,2023-06-05,2023-06-11,KG,2.813,2.813
APPLE_FAMILY,RETAIL,NL-ZH,7007.48,Weekly,2023-06-12,2023-06-18,KG,2.832,2.832
APPLE_FAMILY,RETAIL,NL-ZH,6589.33,Weekly,2023-06-19,2023-06-25,KG,2.871,2.871
APPLE_FAMILY,RETAIL,NL-ZH,6562.01,Weekly,2023-06-26,2023-07-02,KG,2.806,2.806
APPLE_FAMILY,RETAIL,NL-ZH,5944.83,Weekly,2023-07-03,2023-07-09,KG,2.816,2.816
APPLE_FAMILY,RETAIL,NL-ZH,6765.67,Weekly,2023-07-10,2023-07-16,KG,2.826,2.826
APPLE_FAMILY,RETAIL,NL-ZH,6247.15,Weekly,2023-07-17,2023-07-23,KG,2.826,2.826
APPLE_FAMILY,RETAIL,NL-ZH,5948.78,Weekly,2023-07-24,2023-07-30,KG,2.834,2.834
APPLE_FAMILY,RETAIL,NL-ZH,5115.57,Weekly,2023-07-31,2023-08-06,KG,2.468,2.468
APPLE_FAMILY,RETAIL,NL-ZH,6728.93,Weekly,2023-08-07,2023-08-13,KG,2.398,2.398
APPLE_FAMILY,RETAIL,NL-ZH,7218.12,Weekly,2023-08-14,2023-08-20,KG,2.42,2.42
APPLE_FAMILY,RETAIL,NL-ZH,6542.5,Weekly,2023-08-21,2023-08-27,KG,2.405,2.405
APPLE_FAMILY,RETAIL,NL-ZH,7320.27,Weekly,2023-08-28,2023-09-03,KG,2.357,2.357
APPLE_FAMILY,RETAIL,NL-ZH,7955.47,Weekly,2023-09-04,2023-09-10,KG,2.288,2.288
APPLE_FAMILY,RETAIL,NL-ZH,8074.87,Weekly,2023-09-11,2023-09-17,KG,2.29,2.29
APPLE_FAMILY,RETAIL,NL-ZH,6816.0,Weekly,2023-09-18,2023-09-24,KG,2.328,2.328
APPLE_FAMILY,RETAIL,NL-ZH,9139.03,Weekly,2023-09-25,2023-10-01,KG,2.306,2.306
APPLE_FAMILY,RETAIL,NL-ZH,8932.2,Weekly,2023-10-02,2023-10-08,KG,2.334,2.334
APPLE_FAMILY,RETAIL,NL-ZH,7760.89,Weekly,2023-10-09,2023-10-15,KG,2.336,2.336
APPLE_FAMILY,RETAIL,NL-ZH,7473.29,Weekly,2023-10-16,2023-10-22,KG,2.306,2.306
APPLE_FAMILY,RETAIL,NL-ZH,6489.92,Weekly,2023-10-23,2023-10-29,KG,2.323,2.323
APPLE_FAMILY,RETAIL,NL-ZH,6762.36,Weekly,2023-10-30,2023-11-05,KG,2.299,2.299
APPLE_FAMILY,RETAIL,NL-ZH,7906.1,Weekly,2023-11-06,2023-11-12,KG,2.31,2.31
APPLE_FAMILY,RETAIL,NL-ZH,7842.1,Weekly,2023-11-13,2023-11-19,KG,2.321,2.321
APPLE_FAMILY,RETAIL,NL-ZH,8405.65,Weekly,2023-11-20,2023-11-26,KG,2.318,2.318
APPLE_FAMILY,RETAIL,NL-ZH,8006.29,Weekly,2023-11-27,2023-12-03,KG,2.596,2.596
APPLE_FAMILY,RETAIL,NL-ZH,8034.1900000000005,Weekly,2023-12-04,2023-12-10,KG,2.854,2.854
APPLE_FAMILY,RETAIL,NL-ZH,9106.11,Weekly,2023-12-11,2023-12-17,KG,2.828,2.828
APPLE_FAMILY,RETAIL,NL-ZH,7969.89,Weekly,2023-12-18,2023-12-24,KG,2.841,2.841
APPLE_FAMILY,RETAIL,NL-ZH,8323.79,Weekly,2023-12-25,2023-12-31,KG,2.87,2.87
APPLE_FAMILY,RETAIL,NL-ZH,8138.27,Weekly,2024-01-01,2024-01-07,KG,2.862,2.862
APPLE_FAMILY,RETAIL,NL-ZH,8592.369999999999,Weekly,2024-01-08,2024-01-14,KG,2.785,2.785
APPLE_FAMILY,RETAIL,NL-ZH,8673.16,Weekly,2024-01-15,2024-01-21,KG,2.863,2.863
APPLE_FAMILY,RETAIL,NL-ZH,9062.47,Weekly,2024-01-22,2024-01-28,KG,2.825,2.825
APPLE_FAMILY,RETAIL,NL-ZH,8963.18,Weekly,2024-01-29,2024-02-04,KG,2.846,2.846
APPLE_FAMILY,RETAIL,NL-ZH,7652.23,Weekly,2024-02-05,2024-02-11,KG,2.835,2.835
APPLE_FAMILY,RETAIL,NL-ZH,8303.65,Weekly,2024-02-12,2024-02-18,KG,2.823,2.823
APPLE_FAMILY,RETAIL,NL-ZH,7685.8,Weekly,2024-02-19,2024-02-25,KG,2.826,2.826
APPLE_FAMILY,RETAIL,NL-ZH,8033.7,Weekly,2024-02-26,2024-03-03,KG,2.873,2.873
APPLE_FAMILY,RETAIL,NL-ZH,9028.630000000001,Weekly,2024-03-04,2024-03-10,KG,2.891,2.891
APPLE_FAMILY,RETAIL,NL-ZH,7831.82,Weekly,2024-03-11,2024-03-17,KG,2.842,2.842
APPLE_FAMILY,RETAIL,NL-ZH,7809.43,Weekly,2024-03-18,2024-03-24,KG,2.885,2.885
APPLE_FAMILY,RETAIL,NL-ZH,8012.17,Weekly,2024-03-25,2024-03-31,KG,2.802,2.802
APPLE_FAMILY,RETAIL,NL-ZH,7763.57,Weekly,2024-04-01,2024-04-07,KG,2.874,2.874
APPLE_FAMILY,RETAIL,NL-ZH,8465.62,Weekly,2024-04-08,2024-04-14,KG,2.835,2.835
APPLE_FAMILY,RETAIL,NL-ZH,6444.67,Weekly,2024-04-15,2024-04-21,KG,2.827,2.827
APPLE_FAMILY,RETAIL,NL-ZH,6989.36,Weekly,2024-04-22,2024-04-28,KG,2.841,2.841
APPLE_FAMILY,RETAIL,NL-ZH,7222.99,Weekly,2024-04-29,2024-05-05,KG,2.865,2.865
APPLE_FAMILY,RETAIL,NL-ZH,7561.27,Weekly,2024-05-06,2024-05-12,KG,2.81,2.81
APPLE_FAMILY,RETAIL,NL-ZH,6894.26,Weekly,2024-05-13,2024-05-19,KG,2.844,2.844
APPLE_FAMILY,RETAIL,NL-ZH,5551.26,Weekly,2024-05-20,2024-05-26,KG,2.853,2.853
APPLE_FAMILY,RETAIL,NL-ZH,6215.64,Weekly,2024-05-27,2024-06-02,KG,2.854,2.854
APPLE_FAMILY,RETAIL,NL-ZH,6835.2,Weekly,2024-06-03,2024-06-09,KG,2.874,2.874
APPLE_FAMILY,RETAIL,NL-ZH,5593.56,Weekly,2024-06-10,2024-06-16,KG,2.855,2.855
APPLE_FAMILY,RETAIL,NL-ZH,6215.2,Weekly,2024-06-17,2024-06-23,KG,2.832,2.832
APPLE_FAMILY,RETAIL,NL-ZH,6672.1900000000005,Weekly,2024-06-24,2024-06-30,KG,2.847,2.847
APPLE_FAMILY,RETAIL,NL-ZH,4817.74,Weekly,2024-07-01,2024-07-07,KG,2.82,2.82
APPLE_FAMILY,RETAIL,NL-ZH,5639.64,Weekly,2024-07-08,2024-07-14,KG,2.899,2.899
APPLE_FAMILY,RETAIL,NL-ZH,6764.41,Weekly,2024-07-15,2024-07-21,KG,2.836,2.836
APPLE_FAMILY,RETAIL,NL-ZH,6440.2,Weekly,2024-07-22,2024-07-28,KG,2.809,2.809
APPLE_FAMILY,RETAIL,NL-ZH,6817.3099999999995,Weekly,2024-07-29,2024-08-04,KG,2.615,2.615
APPLE_FAMILY,RETAIL,NL-ZH,7156.25,Weekly,2024-08-05,2024-08-11,KG,2.412,2.412
APPLE_FAMILY,RETAIL,NL-ZH,6874.77,Weekly,2024-08-12,2024-08-18,KG,2.411,2.411
APPLE_FAMILY,RETAIL,NL-ZH,6676.849999999999,Weekly,2024-08-19,2024-08-25,KG,2.426,2.426
APPLE_FAMILY,RETAIL,NL-ZH,7832.61,Weekly,2024-08-26,2024-09-01,KG,2.393,2.393
APPLE_FAMILY,RETAIL,NL-ZH,7431.6900000000005,Weekly,2024-09-02,2024-09-08,KG,2.296,2.296
APPLE_FAMILY,RETAIL,NL-ZH,6885.55,Weekly,2024-09-09,2024-09-15,KG,2.309,2.309
APPLE_FAMILY,RETAIL,NL-ZH,8302.9,Weekly,2024-09-16,2024-09-22,KG,2.305,2.305
APPLE_FAMILY,RETAIL,NL-ZH,6066.16,Weekly,2024-09-23,2024-09-29,KG,2.288,2.288
APPLE_FAMILY,RETAIL,NL-ZH,7486.18,Weekly,2024-09-30,2024-10-06,KG,2.311,2.311
APPLE_FAMILY,RETAIL,NL-ZH,7688.49,Weekly,2024-10-07,2024-10-13,KG,2.28,2.28
APPLE_FAMILY,RETAIL,NL-ZH,8364.69,Weekly,2024-10-14,2024-10-20,KG,2.308,2.308
APPLE_FAMILY,RETAIL,NL-ZH,9070.69,Weekly,2024-10-21,2024-10-27,KG,2.308,2.308
APPLE_FAMILY,RETAIL,NL-ZH,8764.73,Weekly,2024-10-28,2024-11-03,KG,2.295,2.295
APPLE_FAMILY,RETAIL,NL-ZH,8306.16,Weekly,2024-11-04,2024-11-10,KG,2.307,2.307
APPLE_FAMILY,RETAIL,NL-ZH,8635.37,Weekly,2024-11-11,2024-11-17,KG,2.293,2.293
APPLE_FAMILY,RETAIL,NL-ZH,7467.02,Weekly,2024-11-18,2024-11-24,KG,2.304,2.304
APPLE_FAMILY,RETAIL,NL-ZH,8374.09,Weekly,2024-11-25,2024-12-01,KG,2.427,2.427
APPLE_FAMILY,RETAIL,NL-ZH,8000.8,Weekly,2024-12-02,2024-12-08,KG,2.845,2.845
APPLE_FAMILY,RETAIL,NL-ZH,8136.34,Weekly,2024-12-09,2024-12-15,KG,2.858,2.858
APPLE_FAMILY,RETAIL,NL-ZH,8305.91,Weekly,2024-12-16,2024-12-22,KG,2.833,2.833
APPLE_FAMILY,RETAIL,NL-ZH,8714.5,Weekly,2024-12-23,2024-12-29,KG,2.838,2.838
APPLE_FAMILY,RETAIL,NL-ZH,8035.88,Weekly,2024-12-30,2025-01-05,KG,2.825,2.825
APPLE_FAMILY,RETAIL,NL-ZH,8395.41,Weekly,2025-01-06,2025-01-12,KG,2.854,2.854
APPLE_FAMILY,RETAIL,NL-ZH,8828.2,Weekly,2025-01-13,2025-01-19,KG,2.842,2.842
APPLE_FAMILY,RETAIL,NL-ZH,7834.37,Weekly,2025-01-20,2025-01-26,KG,2.841,2.841
APPLE_FAMILY,RETAIL,NL-ZH,8738.27,Weekly,2025-01-27,2025-02-02,KG,2.827,2.827
APPLE_FAMILY,RETAIL,NL-ZH,8603.98,Weekly,2025-02-03,2025-02-09,KG,2.862,2.862
APPLE_FAMILY,RETAIL,NL-ZH,7939.73,Weekly,2025-02-10,2025-02-16,KG,2.865,2.865
APPLE_FAMILY,RETAIL,NL-ZH,8701.42,Weekly,2025-02-17,2025-02-23,KG,2.841,2.841
APPLE_FAMILY,RETAIL,NL-ZH,8481.62,Weekly,2025-02-24,2025-03-02,KG,2.828,2.828
APPLE_FAMILY,RETAIL,NL-ZH,9687.78,Weekly,2025-03-03,2025-03-09,KG,2.854,2.854
APPLE_FAMILY,RETAIL,NL-ZH,8875.53,Weekly,2025-03-10,2025-03-16,KG,2.838,2.838
APPLE_FAMILY,RETAIL,NL-ZH,9192.86,Weekly,2025-03-17,2025-03-23,KG,2.845,2.845
APPLE_FAMILY,RETAIL,NL-ZH,8696.03,Weekly,2025-03-24,2025-03-30,KG,2.843,2.843
APPLE_FAMILY,RETAIL,NL-ZH,9555.65,Weekly,2025-03-31,2025-04-06,KG,2.862,2.862
APPLE_FAMILY,RETAIL,NL-ZH,8849.01,Weekly,2025-04-07,2025-04-13,KG,2.826,2.826
APPLE_FAMILY,RETAIL,NL-ZH,7995.7,Weekly,2025-04-14,2025-04-20,KG,2.864,2.864
APPLE_FAMILY,RETAIL,NL-ZH,7485.4800000000005,Weekly,2025-04-21,2025-04-27,KG,2.859,2.859
APPLE_FAMILY,RETAIL,NL-ZH,8213.86,Weekly,2025-04-28,2025-05-04,KG,2.836,2.836
APPLE_FAMILY,RETAIL,NL-ZH,7687.08,Weekly,2025-05-05,2025-05-11,KG,2.847,2.847
APPLE_FAMILY,RETAIL,NL-ZH,7708.35,Weekly,2025-05-12,2025-05-18,KG,2.855,2.855
APPLE_FAMILY,RETAIL,NL-ZH,6929.4,Weekly,2025-05-19,2025-05-25,KG,2.829,2.829
APPLE_FAMILY,RETAIL,NL-ZH,6498.99,Weekly,2025-05-26,2025-06-01,KG,2.843,2.843
APPLE_FAMILY,RETAIL,NL-ZH,8169.89,Weekly,2025-06-02,2025-06-08,KG,2.26,2.825
APPLE_FAMILY,RETAIL,NL-ZH,9076.61,Weekly,2025-06-09,2025-06-15,KG,2.255,2.819
APPLE_FAMILY,RETAIL,NL-ZH,7059.2300000000005,Weekly,2025-06-16,2025-06-22,KG,2.836,2.836
APPLE_FAMILY,RETAIL,NL-ZH,6585.97,Weekly,2025-06-23,2025-06-29,KG,2.836,2.836
APPLE_FAMILY,RETAIL,NL-ZH,6251.49,Weekly,2025-06-30,2025-07-06,KG,2.823,2.823
APPLE_FAMILY,RETAIL,NL-ZH,6547.76,Weekly,2025-07-07,2025-07-13,KG,2.844,2.844
APPLE_FAMILY,RETAIL,NL-ZH,6673.62,Weekly,2025-07-14,2025-07-20,KG,2.839,2.839
APPLE_FAMILY,RETAIL,NL-ZH,6496.780000000001,Weekly,2025-07-21,2025-07-27,KG,2.843,2.843
APPLE_FAMILY,RETAIL,NL-ZH,7092.66,Weekly,2025-07-28,2025-08-03,KG,2.516,2.631
APPLE_FAMILY,RETAIL,NL-ZH,7713.21,Weekly,2025-08-04,2025-08-10,KG,2.382,2.451
APPLE_FAMILY,RETAIL,NL-ZH,7036.23,Weekly,2025-08-11,2025-08-17,KG,2.386,2.386
APPLE_FAMILY,RETAIL,NL-ZH,7724.45,Weekly,2025-08-18,2025-08-24,KG,2.42,2.42
APPLE_FAMILY,RETAIL,NL-ZH,7488.57,Weekly,2025-08-25,2025-08-31,KG,2.432,2.432
APPLE_FAMILY,RETAIL,NL-ZH,7775.13,Weekly,2025-09-01,2025-09-07,KG,2.298,2.298
APPLE_FAMILY,RETAIL,NL-ZH,7169.280000000001,Weekly,2025-09-08,2025-09-14,KG,2.298,2.298
APPLE_FAMILY,RETAIL,NL-ZH,7771.9,Weekly,2025-09-15,2025-09-21,KG,2.343,2.343
APPLE_FAMILY,RETAIL,NL-ZH,8086.11,Weekly,2025-09-22,2025-09-28,KG,2.298,2.298
APPLE_FAMILY,RETAIL,NL-ZH,7540.71,Weekly,2025-09-29,2025-10-05,KG,2.311,2.311
APPLE_FAMILY,RETAIL,NL-ZH,8034.22,Weekly,2025-10-06,2025-10-12,KG,2.273,2.273
APPLE_FAMILY,RETAIL,NL-ZH,8429.73,Weekly,2025-10-13,2025-10-19,KG,2.322,2.322
APPLE_FAMILY,RETAIL,NL-ZH,6851.56,Weekly,2025-10-20,2025-10-26,KG,2.289,2.289
APPLE_FAMILY,RETAIL,NL-ZH,7547.5599999999995,Weekly,2025-10-27,2025-11-02,KG,2.301,2.301
APPLE_FAMILY,RETAIL,NL-ZH,9630.41,Weekly,2025-11-03,2025-11-09,KG,2.319,2.319
APPLE_FAMILY,RETAIL,NL-ZH,7594.58,Weekly,2025-11-10,2025-11-16,KG,2.323,2.323
APPLE_FAMILY,RETAIL,NL-ZH,7702.34,Weekly,2025-11-17,2025-11-23,KG,2.335,2.335
APPLE_FAMILY,RETAIL,NL-ZH,8751.13,Weekly,2025-11-24,2025-11-30,KG,2.282,2.282
APPLE_FAMILY,RETAIL,NL-ZH,8259.41,Weekly,2025-12-01,2025-12-07,KG,2.847,2.847
APPLE_FAMILY,RETAIL,NL-ZH,8934.18,Weekly,2025-12-08,2025-12-14,KG,2.876,2.876
APPLE_FAMILY,RETAIL,NL-ZH,9004.04,Weekly,2025-12-15,2025-12-21,KG,2.841,2.841
APPLE_FAMILY,RETAIL,NL-ZH,8944.1,Weekly,2025-12-22,2025-12-28,KG,2.777,2.777
APPLE_FAMILY,RETAIL,NL-ZH,8027.1900000000005,Weekly,2025-12-29,2026-01-04,KG,2.841,2.841
APPLE_FAMILY,RETAIL,NL-ZH,7291.64,Weekly,2026-01-05,2026-01-11,KG,2.841,2.841
APPLE_FAMILY,RETAIL,NL-ZH,8955.74,Weekly,2026-01-12,2026-01-18,KG,2.826,2.826
APPLE_FAMILY,RETAIL,NL-ZH,9028.65,Weekly,2026-01-19,2026-01-25,KG,2.829,2.829
APPLE_FAMILY,RETAIL,NL-ZH,8098.49,Weekly,2026-01-26,2026-02-01,KG,2.848,2.848
