Data/History_221_Weekly.csv
ProductID,ChannelID,LocationID,Qty,Period,StartDate,EndDate,UOM,NetPrice,ListPrice
APPLE_FAMILY,WHOLESALE,NL-GE,3652.58,Weekly,2023-01-30,2023-02-05,KG,2.591,2.591
APPLE_FAMILY,WHOLESALE,NL-GE,6923.45,Weekly,2023-02-06,2023-02-12,KG,2.6,2.6
APPLE_FAMILY,WHOLESALE,NL-GE,6515.6,Weekly,2023-02-13,2023-02-19,KG,2.578,2.578
APPLE_FAMILY,WHOLESALE,NL-GE,6475.599999999999,Weekly,2023-02-20,2023-02-26,KG,2.579,2.579
APPLE_FAMILY,WHOLESALE,NL-GE,6569.04,Weekly,2023-02-27,2023-03-05,KG,2.576,2.576
APPLE_FAMILY,WHOLESALE,NL-GE,5293.11,Weekly,2023-03-06,2023-03-12,KG,2.577,2.577
APPLE_FAMILY,WHOLESALE,NL-GE,6389.71,Weekly,2023-03-13,2023-03-19,KG,2.587,2.587
APPLE_FAMILY,WHOLESALE,NL-GE,5368.2,Weekly,2023-03-20,2023-03-26,KG,2.624,2.624
APPLE_FAMILY,WHOLESALE,NL-GE,5488.39,Weekly,2023-03-27,2023-04-02,KG,2.583,2.583
APPLE_FAMILY,WHOLESALE,NL-GE,6090.42,Weekly,2023-04-03,2023-04-09,KG,2.588,2.588
APPLE_FAMILY,WHOLESALE,NL-GE,5819.61,Weekly,2023-04-10,2023-04-16,KG,2.601,2.601
APPLE_FAMILY,WHOLESALE,NL-GE,5865.9,Weekly,2023-04-17,2023-04-23,KG,2.584,2.584
APPLE_FAMILY,WHOLESALE,NL-GE,5430.57,Weekly,2023-04-24,2023-04-30,KG,2.604,2.604
APPLE_FAMILY,WHOLESALE,NL-GE,5544.02,Weekly,2023-05-01,2023-05-07,KG,2.579,2.579
APPLE_FAMILY,WHOLESALE,NL-GE,4772.53,Weekly,2023-05-08,2023-05-14,KG,2.584,2.584
APPLE_FAMILY,WHOLESALE,NL-GE,5772.55,Weekly,2023-05-15,2023-05-21,KG,2.626,2.626
APPLE_FAMILY,WHOLESALE,NL-GE,5684.51,Weekly,2023-05-22,2023-05-28,KG,2.59,2.59
APPLE_FAMILY,WHOLESALE,NL-GE,5620.43,Weekly,2023-05-29,2023-06-04,KG,2.579,2.579
APPLE_FAMILY,WHOLESALE,NL-GE,5635.75,Weekly,2023-06-05,2023-06-11,KG,2.579,2.579
APPLE_FAMILY,WHOLESALE,NL-GE,5315.1,Weekly,2023-06-12,2023-06-18,KG,2.558,2.558
APPLE_FAMILY,WHOLESALE,NL-GE,4953.13,Weekly,2023-06-19,2023-06-25,KG,2.609,2.609
APPLE_FAMILY,WHOLESALE,NL-GE,4789.05,Weekly,2023-06-26,2023-07-02,KG,2.602,2.602
APPLE_FAMILY,WHOLESALE,NL-GE,4992.95,Weekly,2023-07-03,2023-07-09,KG,2.584,2.584
APPLE_FAMILY,WHOLESALE,NL-GE,5253.26,Weekly,2023-07-10,2023-07-16,KG,2.608,2.608
APPLE_FAMILY,WHOLESALE,NL-GE,4864.44,Weekly,2023-07-17,2023-07-23,KG,2.56,2.56
APPLE_FAMILY,WHOLESALE,NL-GE,4129.77,Weekly,2023-07-24,2023-07-30,KG,2.59,2.59
APPLE_FAMILY,WHOLESALE,NL-GE,4077.4,Weekly,2023-07-31,2023-08-06,KG,2.226,2.257
APPLE_FAMILY,WHOLESALE,NL-GE,5159.59,Weekly,2023-08-07,2023-08-13,KG,2.205,2.208
APPLE_FAMILY,WHOLESALE,NL-GE,5580.21,Weekly,2023-08-14,2023-08-20,KG,2.259,2.259
APPLE_FAMILY,WHOLESALE,NL-GE,5495.03,Weekly,2023-08-21,2023-08-27,KG,2.215,2.215
APPLE_FAMILY,WHOLESALE,NL-GE,5731.58,Weekly,2023-08-28,2023-09-03,KG,2.142,2.142
APPLE_FAMILY,WHOLESALE,NL-GE,6549.75,Weekly,2023-09-04,2023-09-10,KG,2.107,2.107
APPLE_FAMILY,WHOLESALE,NL-GE,5870.13,Weekly,2023-09-11,2023-09-17,KG,2.081,2.081
APPLE_FAMILY,WHOLESALE,NL-GE,5897.6900000000005,Weekly,2023-09-18,2023-09-24,KG,2.11,2.11
APPLE_FAMILY,WHOLESALE,NL-GE,6958.72,Weekly,2023-09-25,2023-10-01,KG,2.083,2.083
APPLE_FAMILY,WHOLESALE,NL-GE,6900.36,Weekly,2023-10-02,2023-10-08,KG,2.111,2.111
APPLE_FAMILY,WHOLESALE,NL-GE,5711.48,Weekly,2023-10-09,2023-10-15,KG,2.109,2.109
APPLE_FAMILY,WHOLESALE,NL-GE,5852.8099999999995,Weekly,2023-10-16,2023-10-22,KG,2.153,2.153
APPLE_FAMILY,WHOLESALE,NL-GE,5304.43,Weekly,2023-10-23,2023-10-29,KG,2.101,2.101
APPLE_FAMILY,WHOLESALE,NL-GE,5827.32,Weekly,2023-10-30,2023-11-05,KG,2.091,2.091
APPLE_FAMILY,WHOLESALE,NL-GE,6246.51,Weekly,2023-11-06,2023-11-12,KG,2.094,2.094
APPLE_FAMILY,WHOLESALE,NL-GE,6076.93,Weekly,2023-11-13,2023-11-19,KG,2.102,2.102
APPLE_FAMILY,WHOLESALE,NL-GE,6514.13,Weekly,2023-11-20,2023-11-26,KG,2.093,2.093
APPLE_FAMILY,WHOLESALE,NL-GE,5700.76,Weekly,2023-11-27,2023-12-03,KG,2.319,2.319
APPLE_FAMILY,WHOLESALE,NL-GE,5944.15,Weekly,2023-12-04,2023-12-10,KG,2.597,2.597
APPLE_FAMILY,WHOLESALE,NL-GE,6656.57,Weekly,2023-12-11,2023-12-17,KG,2.581,2.581
APPLE_FAMILY,WHOLESALE,NL-GE,5519.18,Weekly,2023-12-18,2023-12-24,KG,2.586,2.586
APPLE_FAMILY,WHOLESALE,NL-GE,6031.16,Weekly,2023-12-25,2023-12-31,KG,2.604,2.604
APPLE_FAMILY,WHOLESALE,NL-GE,6268.78,Weekly,2024-01-01,2024-01-07,KG,2.59,2.599
APPLE_FAMILY,WHOLESALE,NL-GE,6635.43,Weekly,2024-01-08,2024-01-14,KG,2.593,2.615
APPLE_FAMILY,WHOLESALE,NL-GE,6667.2699999999995,Weekly,2024-01-15,2024-01-21,KG,2.613,2.613
APPLE_FAMILY,WHOLESALE,NL-GE,6499.36,Weekly,2024-01-22,2024-01-28,KG,2.614,2.614
APPLE_FAMILY,WHOLESALE,NL-GE,6680.7,Weekly,2024-01-29,2024-02-04,KG,2.61,2.61
APPLE_FAMILY,WHOLESALE,NL-GE,5745.22,Weekly,2024-02-05,2024-02-11,KG,2.565,2.565
APPLE_FAMILY,WHOLESALE,NL-GE,6491.5199999999995,Weekly,2024-02-12,2024-02-18,KG,2.588,2.588
APPLE_FAMILY,WHOLESALE,NL-GE,6152.62,Weekly,2024-02-19,2024-02-25,KG,2.591,2.591
APPLE_FAMILY,WHOLESALE,NL-GE,6558.19,Weekly,2024-02-26,2024-03-03,KG,2.587,2.587
APPLE_FAMILY,WHOLESALE,NL-GE,7054.4800000000005,Weekly,2024-03-04,2024-03-10,KG,2.589,2.589
APPLE_FAMILY,WHOLESALE,NL-GE,6292.7300000000005,Weekly,2024-03-11,2024-03-17,KG,2.596,2.596
APPLE_FAMILY,WHOLESALE,NL-GE,6216.23,Weekly,2024-03-18,2024-03-24,KG,2.579,2.579
APPLE_FAMILY,WHOLESALE,NL-GE,6126.6,Weekly,2024-03-25,2024-03-31,KG,2.575,2.575
APPLE_FAMILY,WHOLESALE,NL-GE,5775.2,Weekly,2024-04-01,2024-04-07,KG,2.627,2.627
APPLE_FAMILY,WHOLESALE,NL-GE,6330.06,Weekly,2024-04-08,2024-04-14,KG,2.611,2.611
APPLE_FAMILY,WHOLESALE,NL-GE,4887.71,Weekly,2024-04-15,2024-04-21,KG,2.603,2.603
APPLE_FAMILY,WHOLESALE,NL-GE,5593.7,Weekly,2024-04-22,2024-04-28,KG,2.612,2.612
APPLE_FAMILY,WHOLESALE,NL-GE,5910.03,Weekly,2024-04-29,2024-05-05,KG,2.616,2.616
APPLE_FAMILY,WHOLESALE,NL-GE,6058.85,Weekly,2024-05-06,2024-05-12,KG,2.607,2.607
APPLE_FAMILY,WHOLESALE,NL-GE,5418.32,Weekly,2024-05-13,2024-05-19,KG,2.557,2.557
APPLE_FAMILY,WHOLESALE,NL-GE,4643.76,Weekly,2024-05-20,2024-05-26,KG,2.559,2.559
APPLE_FAMILY,WHOLESALE,NL-GE,4913.85,Weekly,2024-05-27,2024-06-02,KG,2.579,2.579
APPLE_FAMILY,WHOLESALE,NL-GE,5283.05,Weekly,2024-06-03,2024-06-09,KG,2.56,2.56
APPLE_FAMILY,WHOLESALE,NL-GE,4529.89,Weekly,2024-06-10,2024-06-16,KG,2.617,2.617
APPLE_FAMILY,WHOLESALE,NL-GE,4549.68,Weekly,2024-06-17,2024-06-23,KG,2.553,2.553
APPLE_FAMILY,WHOLESALE,NL-GE,4997.1,Weekly,2024-06-24,2024-06-30,KG,2.609,2.609
APPLE_FAMILY,WHOLESALE,NL-GE,4610.89,Weekly,2024-07-01,2024-07-07,KG,2.597,2.597
APPLE_FAMILY,WHOLESALE,NL-GE,4658.68,Weekly,2024-07-08,2024-07-14,KG,2.605,2.605
APPLE_FAMILY,WHOLESALE,NL-GE,5045.9,Weekly,2024-07-15,2024-07-21,KG,2.57,2.57
APPLE_FAMILY,WHOLESALE,NL-GE,4988.06,Weekly,2024-07-22,2024-07-28,KG,2.578,2.578
APPLE_FAMILY,WHOLESALE,NL-GE,5054.33,Weekly,2024-07-29,2024-08-04,KG,2.401,2.401
APPLE_FAMILY,WHOLESALE,NL-GE,5435.16,Weekly,2024-08-05,2024-08-11,KG,2.225,2.225
APPLE_FAMILY,WHOLESALE,NL-GE,5006.02,Weekly,2024-08-12,2024-08-18,KG,2.223,2.223
APPLE_FAMILY,WHOLESALE,NL-GE,5372.85,Weekly,2024-08-19,2024-08-25,KG,2.211,2.211
APPLE_FAMILY,WHOLESALE,NL-GE,5970.22,Weekly,2024-08-26,2024-09-01,KG,2.218,2.218
APPLE_FAMILY,WHOLESALE,NL-GE,5875.15,Weekly,2024-09-02,2024-09-08,KG,2.095,2.095
APPLE_FAMILY,WHOLESALE,NL-GE,5264.54,Weekly,2024-09-09,2024-09-15,KG,2.144,2.144
APPLE_FAMILY,WHOLESALE,NL-GE,6787.87,Weekly,2024-09-16,2024-09-22,KG,2.112,2.112
APPLE_FAMILY,WHOLESALE,NL-GE,5667.97,Weekly,2024-09-23,2024-09-29,KG,2.098,2.098
APPLE_FAMILY,WHOLESALE,NL-GE,5985.21,Weekly,2024-09-30,2024-10-06,KG,2.105,2.105
APPLE_FAMILY,WHOLESALE,NL-GE,5581.71,Weekly,2024-10-07,2024-10-13,KG,2.142,2.142
APPLE_FAMILY,WHOLESALE,NL-GE,6567.86,Weekly,2024-10-14,2024-10-20,KG,2.11,2.11
APPLE_FAMILY,WHOLESALE,NL-GE,6749.89,Weekly,2024-10-21,2024-10-27,KG,2.103,2.103
APPLE_FAMILY,WHOLESALE,NL-GE,6469.48,Weekly,2024-10-28,2024-11-03,KG,2.131,2.131
APPLE_FAMILY,WHOLESALE,NL-GE,6637.68,Weekly,2024-11-04,2024-11-10,KG,2.102,2.102
APPLE_FAMILY,WHOLESALE,NL-GE,6345.01,Weekly,2024-11-11,2024-11-17,KG,2.104,2.104
APPLE_FAMILY,WHOLESALE,NL-GE,5806.25,Weekly,2024-11-18,2024-11-24,KG,2.122,2.122
APPLE_FAMILY,WHOLESALE,NL-GE,6584.17,Weekly,2024-11-25,2024-12-01,KG,2.187,2.187
APPLE_FAMILY,WHOLESALE,NL-GE,6132.9,Weekly,2024-12-02,2024-12-08,KG,2.576,2.576
APPLE_FAMILY,WHOLESALE,NL-GE,6653.75,Weekly,2024-12-09,2024-12-15,KG,2.6,2.6
APPLE_FAMILY,WHOLESALE,NL-GE,6502.98,Weekly,2024-12-16,2024-12-22,KG,2.561,2.561
APPLE_FAMILY,WHOLESALE,NL-GE,6608.85,Weekly,2024-12-23,2024-12-29,KG,2.605,2.605
APPLE_FAMILY,WHOLESALE,NL-GE,6306.13,Weekly,2024-12-30,2025-01-05,KG,2.567,2.567
APPLE_FAMILY,WHOLESALE,NL-GE,6604.69,Weekly,2025-01-06,2025-01-12,KG,2.588,2.588
APPLE_FAMILY,WHOLESALE,NL-GE,6497.52,Weekly,2025-01-13,2025-01-19,KG,2.565,2.565
APPLE_FAMILY,WHOLESALE,NL-GE,5727.79,Weekly,2025-01-20,2025-01-26,KG,2.574,2.574
APPLE_FAMILY,WHOLESALE,NL-GE,6792.91,Weekly,2025-01-27,2025-02-02,KG,2.602,2.602
APPLE_FAMILY,WHOLESALE,NL-GE,7090.26,Weekly,2025-02-03,2025-02-09,KG,2.579,2.579
APPLE_FAMILY,WHOLESALE,NL-GE,6058.63,Weekly,2025-02-10,2025-02-16,KG,2.588,2.588
APPLE_FAMILY,WHOLESALE,NL-GE,7054.4,Weekly,2025-02-17,2025-02-23,KG,2.589,2.589
APPLE_FAMILY,WHOLESALE,NL-GE,6276.78,Weekly,2025-02-24,2025-03-02,KG,2.602,2.602
APPLE_FAMILY,WHOLESALE,NL-GE,7456.25,Weekly,2025-03-03,2025-03-09,KG,2.583,2.583
APPLE_FAMILY,WHOLESALE,NL-GE,6804.88,Weekly,2025-03-10,2025-03-16,KG,2.574,2.574
APPLE_FAMILY,WHOLESALE,NL-GE,7368.21,Weekly,2025-03-17,2025-03-23,KG,2.607,2.607
APPLE_FAMILY,WHOLESALE,NL-GE,6704.89,Weekly,2025-03-24,2025-03-30,KG,2.604,2.604
APPLE_FAMILY,WHOLESALE,NL-GE,7410.8,Weekly,2025-03-31,2025-04-06,KG,2.595,2.595
APPLE_FAMILY,WHOLESALE,NL-GE,6781.45,Weekly,2025-04-07,2025-04-13,KG,2.59,2.59
APPLE_FAMILY,WHOLESALE,NL-GE,5646.05,Weekly,2025-04-14,2025-04-20,KG,2.58,2.58
APPLE_FAMILY,WHOLESALE,NL-GE,5945.610000000001,Weekly,2025-04-21,2025-04-27,KG,2.56,2.56
APPLE_FAMILY,WHOLESALE,NL-GE,6430.28,Weekly,2025-04-28,2025-05-04,KG,2.607,2.607
APPLE_FAMILY,WHOLESALE,NL-GE,6305.43,Weekly,2025-05-05,2025-05-11,KG,2.607,2.607
APPLE_FAMILY,WHOLESALE,NL-GE,6312.08,Weekly,2025-05-12,2025-05-18,KG,2.611,2.611
APPLE_FAMILY,WHOLESALE,NL-GE,5338.57,Weekly,2025-05-19,2025-05-25,KG,2.603,2.603
APPLE_FAMILY,WHOLESALE,NL-GE,4638.91,Weekly,2025-05-26,2025-06-01,KG,2.594,2.594
APPLE_FAMILY,WHOLESALE,NL-GE,4726.56,Weekly,2025-06-02,2025-06-08,KG,2.577,2.577
APPLE_FAMILY,WHOLESALE,NL-GE,5324.71,Weekly,2025-06-09,2025-06-15,KG,2.594,2.594
APPLE_FAMILY,WHOLESALE,NL-GE,5308.4800000000005,Weekly,2025-06-16,2025-06-22,KG,2.618,2.618
APPLE_FAMILY,WHOLESALE,NL-GE,4970.7300000000005,Weekly,2025-06-23,2025-06-29,KG,2.572,2.572
APPLE_FAMILY,WHOLESALE,NL-GE,4991.75,Weekly,2025-06-30,2025-07-06,KG,2.589,2.589
APPLE_FAMILY,WHOLESALE,NL-GE,5192.46,Weekly,2025-07-07,2025-07-13,KG,2.531,2.531
APPLE_FAMILY,WHOLESALE,NL-GE,5130.2,Weekly,2025-07-14,2025-07-20,KG,2.595,2.595
APPLE_FAMILY,WHOLESALE,NL-GE,5062.07,Weekly,2025-07-21,2025-07-27,KG,2.597,2.597
APPLE_FAMILY,WHOLESALE,NL-GE,4757.94,Weekly,2025-07-28,2025-08-03,KG,2.465,2.465
APPLE_FAMILY,WHOLESALE,NL-GE,5294.57,Weekly,2025-08-04,2025-08-10,KG,2.179,2.179
APPLE_FAMILY,WHOLESALE,NL-GE,5586.2699999999995,Weekly,2025-08-11,2025-08-17,KG,2.221,2.221
APPLE_FAMILY,WHOLESALE,NL-GE,5782.19,Weekly,2025-08-18,2025-08-24,KG,2.191,2.191
APPLE_FAMILY,WHOLESALE,NL-GE,6052.03,Weekly,2025-08-25,2025-08-31,KG,2.231,2.231
APPLE_FAMILY,WHOLESALE,NL-GE,5971.5,Weekly,2025-09-01,2025-09-07,KG,2.119,2.119
APPLE_FAMILY,WHOLESALE,NL-GE,5525.97,Weekly,2025-09-08,2025-09-14,KG,2.13,2.13
APPLE_FAMILY,WHOLESALE,NL-GE,5687.650000000001,Weekly,2025-09-15,2025-09-21,KG,2.089,2.089
APPLE_FAMILY,WHOLESALE,NL-GE,6325.59,Weekly,2025-09-22,2025-09-28,KG,2.122,2.122
APPLE_FAMILY,WHOLESALE,NL-GE,5883.72,Weekly,2025-09-29,2025-10-05,KG,2.098,2.098
APPLE_FAMILY,WHOLESALE,NL-GE,5970.56,Weekly,2025-10-06,2025-10-12,KG,2.131,2.131
APPLE_FAMILY,WHOLESALE,NL-GE,6617.91,Weekly,2025-10-13,2025-10-19,KG,2.118,2.118
APPLE_FAMILY,WHOLESALE,NL-GE,5817.5199999999995,Weekly,2025-10-20,2025-10-26,KG,2.137,2.137
APPLE_FAMILY,WHOLESALE,NL-GE,5858.35,Weekly,2025-10-27,2025-11-02,KG,2.106,2.106
APPLE_FAMILY,WHOLESALE,NL-GE,7505.57,Weekly,2025-11-03,2025-11-09,KG,2.124,2.124
APPLE_FAMILY,WHOLESALE,NL-GE,5975.45,Weekly,2025-11-10,2025-11-16,KG,2.093,2.093
APPLE_FAMILY,WHOLESALE,NL-GE,6266.01,Weekly,2025-11-17,2025-11-23,KG,2.116,2.116
APPLE_FAMILY,WHOLESALE,NL-GE,6503.05,Weekly,2025-11-24,2025-11-30,KG,2.125,2.125
APPLE_FAMILY,WHOLESALE,NL-GE,6278.8,Weekly,2025-12-01,2025-12-07,KG,2.59,2.59
APPLE_FAMILY,WHOLESALE,NL-GE,7119.45,Weekly,2025-12-08,2025-12-14,KG,2.587,2.587
APPLE_FAMILY,WHOLESALE,NL-GE,7253.51,Weekly,2025-12-15,2025-12-21,KG,2.546,2.546
APPLE_FAMILY,WHOLESALE,NL-GE,6677.55,Weekly,2025-12-22,2025-12-28,KG,2.565,2.565
APPLE_FAMILY,WHOLESALE,NL-GE,6155.12,Weekly,2025-12-29,2026-01-04,KG,2.618,2.618
APPLE_FAMILY,WHOLESALE,NL-GE,5834.03,Weekly,2026-01-05,2026-01-11,KG,2.606,2.606
APPLE_FAMILY,WHOLESALE,NL-GE,7020.05,Weekly,2026-01-12,2026-01-18,KG,2.61,2.61
APPLE_FAMILY,WHOLESALE,NL-GE,7172.23,Weekly,2026-01-19,2026-01-25,KG,2.604,2.604
APPLE_FAMILY,WHOLESALE,NL-GE,6364.72,Weekly,2026-01-26,2026-02-01,KG,2.583,2.583
