Data/History_221_Weekly.csv
ProductID,ChannelID,LocationID,Qty,Period,StartDate,EndDate,UOM,NetPrice,ListPrice
APPLE_FAMILY,WHOLESALE,NL-NB,3978.11,Weekly,2023-01-30,2023-02-05,KG,2.669,2.669
APPLE_FAMILY,WHOLESALE,NL-NB,7034.6,Weekly,2023-02-06,2023-02-12,KG,2.677,2.677
APPLE_FAMILY,WHOLESALE,NL-NB,7153.6,Weekly,2023-02-13,2023-02-19,KG,2.643,2.643
APPLE_FAMILY,WHOLESALE,NL-NB,6377.24,Weekly,2023-02-20,2023-02-26,KG,2.675,2.675
APPLE_FAMILY,WHOLESALE,NL-NB,6654.21,Weekly,2023-02-27,2023-03-05,KG,2.668,2.668
APPLE_FAMILY,WHOLESALE,NL-NB,5227.15,Weekly,2023-03-06,2023-03-12,KG,2.7,2.7
APPLE_FAMILY,WHOLESALE,NL-NB,6773.16,Weekly,2023-03-13,2023-03-19,KG,2.674,2.674
APPLE_FAMILY,WHOLESALE,NL-NB,5408.25,Weekly,2023-03-20,2023-03-26,KG,2.654,2.654
APPLE_FAMILY,WHOLESALE,NL-NB,5545.22,Weekly,2023-03-27,2023-04-02,KG,2.691,2.691
APPLE_FAMILY,WHOLESALE,NL-NB,6187.02,Weekly,2023-04-03,2023-04-09,KG,2.662,2.662
APPLE_FAMILY,WHOLESALE,NL-NB,5798.85,Weekly,2023-04-10,2023-04-16,KG,2.685,2.685
APPLE_FAMILY,WHOLESALE,NL-NB,5901.32,Weekly,2023-04-17,2023-04-23,KG,2.676,2.676
APPLE_FAMILY,WHOLESALE,NL-NB,5375.51,Weekly,2023-04-24,2023-04-30,KG,2.687,2.687
APPLE_FAMILY,WHOLESALE,NL-NB,5829.59,Weekly,2023-05-01,2023-05-07,KG,2.66,2.66
APPLE_FAMILY,WHOLESALE,NL-NB,5022.16,Weekly,2023-05-08,2023-05-14,KG,2.692,2.692
APPLE_FAMILY,WHOLESALE,NL-NB,6143.22,Weekly,2023-05-15,2023-05-21,KG,2.687,2.687
APPLE_FAMILY,WHOLESALE,NL-NB,5814.57,Weekly,2023-05-22,2023-05-28,KG,2.65,2.65
APPLE_FAMILY,WHOLESALE,NL-NB,5953.41,Weekly,2023-05-29,2023-06-04,KG,2.694,2.694
APPLE_FAMILY,WHOLESALE,NL-NB,5583.53,Weekly,2023-06-05,2023-06-11,KG,2.671,2.671
APPLE_FAMILY,WHOLESALE,NL-NB,5616.09,Weekly,2023-06-12,2023-06-18,KG,2.686,2.686
APPLE_FAMILY,WHOLESALE,NL-NB,5161.38,Weekly,2023-06-19,2023-06-25,KG,2.667,2.667
APPLE_FAMILY,WHOLESALE,NL-NB,5208.35,Weekly,2023-06-26,2023-07-02,KG,2.707,2.707
APPLE_FAMILY,WHOLESALE,NL-NB,5192.08,Weekly,2023-07-03,2023-07-09,KG,2.675,2.675
APPLE_FAMILY,WHOLESALE,NL-NB,5480.34,Weekly,2023-07-10,2023-07-16,KG,2.688,2.688
APPLE_FAMILY,WHOLESALE,NL-NB,5232.65,Weekly,2023-07-17,2023-07-23,KG,2.682,2.682
APPLE_FAMILY,WHOLESALE,NL-NB,4630.84,Weekly,2023-07-24,2023-07-30,KG,2.649,2.649
APPLE_FAMILY,WHOLESALE,NL-NB,4046.84,Weekly,2023-07-31,2023-08-06,KG,2.307,2.307
APPLE_FAMILY,WHOLESALE,NL-NB,5271.1,Weekly,2023-08-07,2023-08-13,KG,2.278,2.278
APPLE_FAMILY,WHOLESALE,NL-NB,6064.6900000000005,Weekly,2023-08-14,2023-08-20,KG,2.273,2.273
APPLE_FAMILY,WHOLESALE,NL-NB,5603.65,Weekly,2023-08-21,2023-08-27,KG,2.272,2.272
APPLE_FAMILY,WHOLESALE,NL-NB,5534.84,Weekly,2023-08-28,2023-09-03,KG,2.244,2.244
APPLE_FAMILY,WHOLESALE,NL-NB,6758.35,Weekly,2023-09-04,2023-09-10,KG,2.181,2.181
APPLE_FAMILY,WHOLESALE,NL-NB,6461.02,Weekly,2023-09-11,2023-09-17,KG,2.175,2.175
APPLE_FAMILY,WHOLESALE,NL-NB,6177.08,Weekly,2023-09-18,2023-09-24,KG,2.182,2.182
APPLE_FAMILY,WHOLESALE,NL-NB,7312.110000000001,Weekly,2023-09-25,2023-10-01,KG,2.159,2.159
APPLE_FAMILY,WHOLESALE,NL-NB,6665.56,Weekly,2023-10-02,2023-10-08,KG,2.178,2.178
APPLE_FAMILY,WHOLESALE,NL-NB,6404.01,Weekly,2023-10-09,2023-10-15,KG,2.181,2.181
APPLE_FAMILY,WHOLESALE,NL-NB,6083.26,Weekly,2023-10-16,2023-10-22,KG,2.171,2.171
APPLE_FAMILY,WHOLESALE,NL-NB,6015.62,Weekly,2023-10-23,2023-10-29,KG,2.168,2.168
APPLE_FAMILY,WHOLESALE,NL-NB,6004.95,Weekly,2023-10-30,2023-11-05,KG,2.187,2.187
APPLE_FAMILY,WHOLESALE,NL-NB,6647.82,Weekly,2023-11-06,2023-11-12,KG,2.166,2.166
APPLE_FAMILY,WHOLESALE,NL-NB,6103.4,Weekly,2023-11-13,2023-11-19,KG,2.156,2.156
APPLE_FAMILY,WHOLESALE,NL-NB,6564.2,Weekly,2023-11-20,2023-11-26,KG,2.174,2.174
APPLE_FAMILY,WHOLESALE,NL-NB,6061.94,Weekly,2023-11-27,2023-12-03,KG,2.355,2.355
APPLE_FAMILY,WHOLESALE,NL-NB,6427.88,Weekly,2023-12-04,2023-12-10,KG,2.684,2.684
APPLE_FAMILY,WHOLESALE,NL-NB,7100.83,Weekly,2023-12-11,2023-12-17,KG,2.679,2.679
APPLE_FAMILY,WHOLESALE,NL-NB,5974.06,Weekly,2023-12-18,2023-12-24,KG,2.68,2.68
APPLE_FAMILY,WHOLESALE,NL-NB,6911.46,Weekly,2023-12-25,2023-12-31,KG,2.645,2.645
APPLE_FAMILY,WHOLESALE,NL-NB,6293.93,Weekly,2024-01-01,2024-01-07,KG,2.675,2.675
APPLE_FAMILY,WHOLESALE,NL-NB,6835.78,Weekly,2024-01-08,2024-01-14,KG,2.665,2.665
APPLE_FAMILY,WHOLESALE,NL-NB,6614.09,Weekly,2024-01-15,2024-01-21,KG,2.708,2.708
APPLE_FAMILY,WHOLESALE,NL-NB,7110.43,Weekly,2024-01-22,2024-01-28,KG,2.664,2.664
APPLE_FAMILY,WHOLESALE,NL-NB,7118.7,Weekly,2024-01-29,2024-02-04,KG,2.667,2.667
APPLE_FAMILY,WHOLESALE,NL-NB,6285.21,Weekly,2024-02-05,2024-02-11,KG,2.675,2.675
APPLE_FAMILY,WHOLESALE,NL-NB,6925.94,Weekly,2024-02-12,2024-02-18,KG,2.677,2.677
APPLE_FAMILY,WHOLESALE,NL-NB,6261.07,Weekly,2024-02-19,2024-02-25,KG,2.692,2.692
APPLE_FAMILY,WHOLESALE,NL-NB,6554.02,Weekly,2024-02-26,2024-03-03,KG,2.672,2.672
APPLE_FAMILY,WHOLESALE,NL-NB,7230.95,Weekly,2024-03-04,2024-03-10,KG,2.659,2.659
APPLE_FAMILY,WHOLESALE,NL-NB,6480.85,Weekly,2024-03-11,2024-03-17,KG,2.682,2.682
APPLE_FAMILY,WHOLESALE,NL-NB,6476.82,Weekly,2024-03-18,2024-03-24,KG,2.688,2.688
APPLE_FAMILY,WHOLESALE,NL-NB,6339.51,Weekly,2024-03-25,2024-03-31,KG,2.679,2.679
APPLE_FAMILY,WHOLESALE,NL-NB,6291.65,Weekly,2024-04-01,2024-04-07,KG,2.657,2.657
APPLE_FAMILY,WHOLESALE,NL-NB,6188.99,Weekly,2024-04-08,2024-04-14,KG,2.702,2.702
APPLE_FAMILY,WHOLESALE,NL-NB,4803.11,Weekly,2024-04-15,2024-04-21,KG,2.681,2.681
APPLE_FAMILY,WHOLESALE,NL-NB,5500.89,Weekly,2024-04-22,2024-04-28,KG,2.676,2.676
APPLE_FAMILY,WHOLESALE,NL-NB,5477.78,Weekly,2024-04-29,2024-05-05,KG,2.674,2.674
APPLE_FAMILY,WHOLESALE,NL-NB,5714.2,Weekly,2024-05-06,2024-05-12,KG,2.702,2.702
APPLE_FAMILY,WHOLESALE,NL-NB,5178.66,Weekly,2024-05-13,2024-05-19,KG,2.667,2.667
APPLE_FAMILY,WHOLESALE,NL-NB,4984.86,Weekly,2024-05-20,2024-05-26,KG,2.672,2.672
APPLE_FAMILY,WHOLESALE,NL-NB,4951.01,Weekly,2024-05-27,2024-06-02,KG,2.674,2.674
APPLE_FAMILY,WHOLESALE,NL-NB,5519.87,Weekly,2024-06-03,2024-06-09,KG,2.667,2.667
APPLE_FAMILY,WHOLESALE,NL-NB,4477.0,Weekly,2024-06-10,2024-06-16,KG,2.682,2.682
APPLE_FAMILY,WHOLESALE,NL-NB,5049.57,Weekly,2024-06-17,2024-06-23,KG,2.666,2.666
APPLE_FAMILY,WHOLESALE,NL-NB,5148.94,Weekly,2024-06-24,2024-06-30,KG,2.67,2.67
APPLE_FAMILY,WHOLESALE,NL-NB,4613.51,Weekly,2024-07-01,2024-07-07,KG,2.674,2.674
APPLE_FAMILY,WHOLESALE,NL-NB,4602.83,Weekly,2024-07-08,2024-07-14,KG,2.645,2.645
APPLE_FAMILY,WHOLESALE,NL-NB,5626.52,Weekly,2024-07-15,2024-07-21,KG,2.685,2.685
APPLE_FAMILY,WHOLESALE,NL-NB,4875.51,Weekly,2024-07-22,2024-07-28,KG,2.682,2.682
APPLE_FAMILY,WHOLESALE,NL-NB,5354.46,Weekly,2024-07-29,2024-08-04,KG,2.456,2.456
APPLE_FAMILY,WHOLESALE,NL-NB,5782.83,Weekly,2024-08-05,2024-08-11,KG,2.31,2.31
APPLE_FAMILY,WHOLESALE,NL-NB,5419.68,Weekly,2024-08-12,2024-08-18,KG,2.296,2.296
APPLE_FAMILY,WHOLESALE,NL-NB,5661.41,Weekly,2024-08-19,2024-08-25,KG,2.272,2.272
APPLE_FAMILY,WHOLESALE,NL-NB,6169.6,Weekly,2024-08-26,2024-09-01,KG,2.251,2.251
APPLE_FAMILY,WHOLESALE,NL-NB,5878.37,Weekly,2024-09-02,2024-09-08,KG,2.167,2.167
APPLE_FAMILY,WHOLESALE,NL-NB,5520.62,Weekly,2024-09-09,2024-09-15,KG,2.163,2.163
APPLE_FAMILY,WHOLESALE,NL-NB,6930.57,Weekly,2024-09-16,2024-09-22,KG,2.177,2.177
APPLE_FAMILY,WHOLESALE,NL-NB,5919.98,Weekly,2024-09-23,2024-09-29,KG,2.173,2.173
APPLE_FAMILY,WHOLESALE,NL-NB,6283.97,Weekly,2024-09-30,2024-10-06,KG,2.158,2.158
APPLE_FAMILY,WHOLESALE,NL-NB,5925.58,Weekly,2024-10-07,2024-10-13,KG,2.171,2.171
APPLE_FAMILY,WHOLESALE,NL-NB,6352.09,Weekly,2024-10-14,2024-10-20,KG,2.189,2.189
APPLE_FAMILY,WHOLESALE,NL-NB,6683.05,Weekly,2024-10-21,2024-10-27,KG,2.185,2.185
APPLE_FAMILY,WHOLESALE,NL-NB,6604.46,Weekly,2024-10-28,2024-11-03,KG,2.185,2.185
APPLE_FAMILY,WHOLESALE,NL-NB,6636.12,Weekly,2024-11-04,2024-11-10,KG,2.185,2.185
APPLE_FAMILY,WHOLESALE,NL-NB,6770.17,Weekly,2024-11-11,2024-11-17,KG,2.182,2.182
APPLE_FAMILY,WHOLESALE,NL-NB,5532.99,Weekly,2024-11-18,2024-11-24,KG,2.173,2.173
APPLE_FAMILY,WHOLESALE,NL-NB,7271.18,Weekly,2024-11-25,2024-12-01,KG,2.227,2.227
APPLE_FAMILY,WHOLESALE,NL-NB,6421.97,Weekly,2024-12-02,2024-12-08,KG,2.678,2.678
APPLE_FAMILY,WHOLESALE,NL-NB,6598.96,Weekly,2024-12-09,2024-12-15,KG,2.682,2.682
APPLE_FAMILY,WHOLESALE,NL-NB,6681.81,Weekly,2024-12-16,2024-12-22,KG,2.672,2.672
APPLE_FAMILY,WHOLESALE,NL-NB,6666.52,Weekly,2024-12-23,2024-12-29,KG,2.682,2.682
APPLE_FAMILY,WHOLESALE,NL-NB,6098.46,Weekly,2024-12-30,2025-01-05,KG,2.671,2.671
APPLE_FAMILY,WHOLESALE,NL-NB,6227.8,Weekly,2025-01-06,2025-01-12,KG,2.685,2.685
APPLE_FAMILY,WHOLESALE,NL-NB,6821.41,Weekly,2025-01-13,2025-01-19,KG,2.688,2.688
APPLE_FAMILY,WHOLESALE,NL-NB,6023.2699999999995,Weekly,2025-01-20,2025-01-26,KG,2.672,2.672
APPLE_FAMILY,WHOLESALE,NL-NB,6886.29,Weekly,2025-01-27,2025-02-02,KG,2.631,2.631
APPLE_FAMILY,WHOLESALE,NL-NB,6911.27,Weekly,2025-02-03,2025-02-09,KG,2.689,2.689
APPLE_FAMILY,WHOLESALE,NL-NB,6267.7300000000005,Weekly,2025-02-10,2025-02-16,KG,2.649,2.649
APPLE_FAMILY,WHOLESALE,NL-NB,7248.13,Weekly,2025-02-17,2025-02-23,KG,2.646,2.646
APPLE_FAMILY,WHOLESALE,NL-NB,6549.28,Weekly,2025-02-24,2025-03-02,KG,2.654,2.654
APPLE_FAMILY,WHOLESALE,NL-NB,7929.2,Weekly,2025-03-03,2025-03-09,KG,2.701,2.701
APPLE_FAMILY,WHOLESALE,NL-NB,7236.52,Weekly,2025-03-10,2025-03-16,KG,2.657,2.657
APPLE_FAMILY,WHOLESALE,NL-NB,7425.44,Weekly,2025-03-17,2025-03-23,KG,2.683,2.683
APPLE_FAMILY,WHOLESALE,NL-NB,7041.07,Weekly,2025-03-24,2025-03-30,KG,2.641,2.641
APPLE_FAMILY,WHOLESALE,NL-NB,7711.94,Weekly,2025-03-31,2025-04-06,KG,2.667,2.667
APPLE_FAMILY,WHOLESALE,NL-NB,7022.54,Weekly,2025-04-07,2025-04-13,KG,2.696,2.696
APPLE_FAMILY,WHOLESALE,NL-NB,5591.57,Weekly,2025-04-14,2025-04-20,KG,2.679,2.679
APPLE_FAMILY,WHOLESALE,NL-NB,6012.21,Weekly,2025-04-21,2025-04-27,KG,2.673,2.673
APPLE_FAMILY,WHOLESALE,NL-NB,6711.3,Weekly,2025-04-28,2025-05-04,KG,2.659,2.659
APPLE_FAMILY,WHOLESALE,NL-NB,6338.91,Weekly,2025-05-05,2025-05-11,KG,2.652,2.652
APPLE_FAMILY,WHOLESALE,NL-NB,6469.23,Weekly,2025-05-12,2025-05-18,KG,2.68,2.68
APPLE_FAMILY,WHOLESALE,NL-NB,5413.38,Weekly,2025-05-19,2025-05-25,KG,2.68,2.68
APPLE_FAMILY,WHOLESALE,NL-NB,5135.82,Weekly,2025-05-26,2025-06-01,KG,2.65,2.65
APPLE_FAMILY,WHOLESALE,NL-NB,5082.45,Weekly,2025-06-02,2025-06-08,KG,2.687,2.687
APPLE_FAMILY,WHOLESALE,NL-NB,5631.76,Weekly,2025-06-09,2025-06-15,KG,2.68,2.68
APPLE_FAMILY,WHOLESALE,NL-NB,5427.88,Weekly,2025-06-16,2025-06-22,KG,2.67,2.67
APPLE_FAMILY,WHOLESALE,NL-NB,5255.27,Weekly,2025-06-23,2025-06-29,KG,2.66,2.66
APPLE_FAMILY,WHOLESALE,NL-NB,4915.68,Weekly,2025-06-30,2025-07-06,KG,2.7,2.7
APPLE_FAMILY,WHOLESALE,NL-NB,5417.93,Weekly,2025-07-07,2025-07-13,KG,2.651,2.651
APPLE_FAMILY,WHOLESALE,NL-NB,5337.71,Weekly,2025-07-14,2025-07-20,KG,2.646,2.646
APPLE_FAMILY,WHOLESALE,NL-NB,5239.56,Weekly,2025-07-21,2025-07-27,KG,2.68,2.68
APPLE_FAMILY,WHOLESALE,NL-NB,5304.2,Weekly,2025-07-28,2025-08-03,KG,2.518,2.518
APPLE_FAMILY,WHOLESALE,NL-NB,5715.71,Weekly,2025-08-04,2025-08-10,KG,2.299,2.299
APPLE_FAMILY,WHOLESALE,NL-NB,5849.04,Weekly,2025-08-11,2025-08-17,KG,2.268,2.268
APPLE_FAMILY,WHOLESALE,NL-NB,5996.15,Weekly,2025-08-18,2025-08-24,KG,2.293,2.293
APPLE_FAMILY,WHOLESALE,NL-NB,5894.97,Weekly,2025-08-25,2025-08-31,KG,2.288,2.288
APPLE_FAMILY,WHOLESALE,NL-NB,6365.95,Weekly,2025-09-01,2025-09-07,KG,2.187,2.187
APPLE_FAMILY,WHOLESALE,NL-NB,5807.88,Weekly,2025-09-08,2025-09-14,KG,2.159,2.159
APPLE_FAMILY,WHOLESALE,NL-NB,6293.98,Weekly,2025-09-15,2025-09-21,KG,2.158,2.158
APPLE_FAMILY,WHOLESALE,NL-NB,6607.52,Weekly,2025-09-22,2025-09-28,KG,2.183,2.183
APPLE_FAMILY,WHOLESALE,NL-NB,6184.87,Weekly,2025-09-29,2025-10-05,KG,2.155,2.155
APPLE_FAMILY,WHOLESALE,NL-NB,6520.76,Weekly,2025-10-06,2025-10-12,KG,2.182,2.182
APPLE_FAMILY,WHOLESALE,NL-NB,6526.59,Weekly,2025-10-13,2025-10-19,KG,2.19,2.19
APPLE_FAMILY,WHOLESALE,NL-NB,6123.65,Weekly,2025-10-20,2025-10-26,KG,2.177,2.177
APPLE_FAMILY,WHOLESALE,NL-NB,6327.57,Weekly,2025-10-27,2025-11-02,KG,2.157,2.157
APPLE_FAMILY,WHOLESALE,NL-NB,7617.22,Weekly,2025-11-03,2025-11-09,KG,2.177,2.177
APPLE_FAMILY,WHOLESALE,NL-NB,6966.1900000000005,Weekly,2025-11-10,2025-11-16,KG,2.172,2.172
APPLE_FAMILY,WHOLESALE,NL-NB,6452.19,Weekly,2025-11-17,2025-11-23,KG,2.167,2.167
APPLE_FAMILY,WHOLESALE,NL-NB,6470.98,Weekly,2025-11-24,2025-11-30,KG,2.16,2.16
APPLE_FAMILY,WHOLESALE,NL-NB,6628.16,Weekly,2025-12-01,2025-12-07,KG,2.633,2.633
APPLE_FAMILY,WHOLESALE,NL-NB,6983.29,Weekly,2025-12-08,2025-12-14,KG,2.681,2.681
APPLE_FAMILY,WHOLESALE,NL-NB,7017.54,Weekly,2025-12-15,2025-12-21,KG,2.666,2.666
APPLE_FAMILY,WHOLESALE,NL-NB,7200.9800000000005,Weekly,2025-12-22,2025-12-28,KG,2.691,2.691
APPLE_FAMILY,WHOLESALE,NL-NB,6441.67,Weekly,2025-12-29,2026-01-04,KG,2.676,2.676
APPLE_FAMILY,WHOLESALE,NL-NB,6027.58,Weekly,2026-01-05,2026-01-11,KG,2.67,2.67
APPLE_FAMILY,WHOLESALE,NL-NB,7257.74,Weekly,2026-01-12,2026-01-18,KG,2.666,2.666
APPLE_FAMILY,WHOLESALE,NL-NB,7366.28,Weekly,2026-01-19,2026-01-25,KG,2.731,2.731
APPLE_FAMILY,WHOLESALE,NL-NB,6575.29,Weekly,2026-01-26,2026-02-01,KG,2.655,2.655
