Data/History_221_Weekly.csv
ProductID,ChannelID,LocationID,Qty,Period,StartDate,EndDate,UOM,NetPrice,ListPrice
APPLE_FAMILY,WHOLESALE,NL-NH,4123.61,Weekly,2023-01-30,2023-02-05,KG,2.721,2.721
APPLE_FAMILY,WHOLESALE,NL-NH,7560.63,Weekly,2023-02-06,2023-02-12,KG,2.775,2.775
APPLE_FAMILY,WHOLESALE,NL-NH,7201.03,Weekly,2023-02-13,2023-02-19,KG,2.713,2.713
APPLE_FAMILY,WHOLESALE,NL-NH,7069.23,Weekly,2023-02-20,2023-02-26,KG,2.733,2.733
APPLE_FAMILY,WHOLESALE,NL-NH,7226.91,Weekly,2023-02-27,2023-03-05,KG,2.739,2.739
APPLE_FAMILY,WHOLESALE,NL-NH,5648.1,Weekly,2023-03-06,2023-03-12,KG,2.727,2.727
APPLE_FAMILY,WHOLESALE,NL-NH,6904.61,Weekly,2023-03-13,2023-03-19,KG,2.745,2.745
APPLE_FAMILY,WHOLESALE,NL-NH,5926.64,Weekly,2023-03-20,2023-03-26,KG,2.782,2.782
APPLE_FAMILY,WHOLESALE,NL-NH,5939.360000000001,Weekly,2023-03-27,2023-04-02,KG,2.739,2.739
APPLE_FAMILY,WHOLESALE,NL-NH,6364.32,Weekly,2023-04-03,2023-04-09,KG,2.728,2.728
APPLE_FAMILY,WHOLESALE,NL-NH,5889.29,Weekly,2023-04-10,2023-04-16,KG,2.795,2.795
APPLE_FAMILY,WHOLESALE,NL-NH,5639.26,Weekly,2023-04-17,2023-04-23,KG,2.733,2.733
APPLE_FAMILY,WHOLESALE,NL-NH,5844.32,Weekly,2023-04-24,2023-04-30,KG,2.758,2.758
APPLE_FAMILY,WHOLESALE,NL-NH,5968.58,Weekly,2023-05-01,2023-05-07,KG,2.773,2.773
APPLE_FAMILY,WHOLESALE,NL-NH,5563.91,Weekly,2023-05-08,2023-05-14,KG,2.738,2.738
APPLE_FAMILY,WHOLESALE,NL-NH,6239.56,Weekly,2023-05-15,2023-05-21,KG,2.731,2.731
APPLE_FAMILY,WHOLESALE,NL-NH,5791.73,Weekly,2023-05-22,2023-05-28,KG,2.757,2.757
APPLE_FAMILY,WHOLESALE,NL-NH,5540.83,Weekly,2023-05-29,2023-06-04,KG,2.773,2.773
APPLE_FAMILY,WHOLESALE,NL-NH,5862.49,Weekly,2023-06-05,2023-06-11,KG,2.76,2.76
APPLE_FAMILY,WHOLESALE,NL-NH,5675.8,Weekly,2023-06-12,2023-06-18,KG,2.767,2.767
APPLE_FAMILY,WHOLESALE,NL-NH,5595.110000000001,Weekly,2023-06-19,2023-06-25,KG,2.733,2.733
APPLE_FAMILY,WHOLESALE,NL-NH,5106.99,Weekly,2023-06-26,2023-07-02,KG,2.76,2.76
APPLE_FAMILY,WHOLESALE,NL-NH,5155.4,Weekly,2023-07-03,2023-07-09,KG,2.743,2.743
APPLE_FAMILY,WHOLESALE,NL-NH,5601.75,Weekly,2023-07-10,2023-07-16,KG,2.764,2.764
APPLE_FAMILY,WHOLESALE,NL-NH,4983.3,Weekly,2023-07-17,2023-07-23,KG,2.764,2.764
APPLE_FAMILY,WHOLESALE,NL-NH,5142.13,Weekly,2023-07-24,2023-07-30,KG,2.754,2.754
APPLE_FAMILY,WHOLESALE,NL-NH,4173.2,Weekly,2023-07-31,2023-08-06,KG,2.39,2.39
APPLE_FAMILY,WHOLESALE,NL-NH,5575.83,Weekly,2023-08-07,2023-08-13,KG,2.357,2.357
APPLE_FAMILY,WHOLESALE,NL-NH,6132.01,Weekly,2023-08-14,2023-08-20,KG,2.366,2.366
APPLE_FAMILY,WHOLESALE,NL-NH,6030.9800000000005,Weekly,2023-08-21,2023-08-27,KG,2.359,2.359
APPLE_FAMILY,WHOLESALE,NL-NH,6120.22,Weekly,2023-08-28,2023-09-03,KG,2.308,2.308
APPLE_FAMILY,WHOLESALE,NL-NH,6832.8,Weekly,2023-09-04,2023-09-10,KG,2.226,2.226
APPLE_FAMILY,WHOLESALE,NL-NH,6575.37,Weekly,2023-09-11,2023-09-17,KG,2.232,2.232
APPLE_FAMILY,WHOLESALE,NL-NH,5671.49,Weekly,2023-09-18,2023-09-24,KG,2.242,2.242
APPLE_FAMILY,WHOLESALE,NL-NH,7144.7300000000005,Weekly,2023-09-25,2023-10-01,KG,2.236,2.236
APPLE_FAMILY,WHOLESALE,NL-NH,7375.48,Weekly,2023-10-02,2023-10-08,KG,2.213,2.213
APPLE_FAMILY,WHOLESALE,NL-NH,6394.86,Weekly,2023-10-09,2023-10-15,KG,2.244,2.244
APPLE_FAMILY,WHOLESALE,NL-NH,6175.22,Weekly,2023-10-16,2023-10-22,KG,2.261,2.261
APPLE_FAMILY,WHOLESALE,NL-NH,5378.150000000001,Weekly,2023-10-23,2023-10-29,KG,2.245,2.245
APPLE_FAMILY,WHOLESALE,NL-NH,5443.4,Weekly,2023-10-30,2023-11-05,KG,2.23,2.23
APPLE_FAMILY,WHOLESALE,NL-NH,6269.19,Weekly,2023-11-06,2023-11-12,KG,2.256,2.256
APPLE_FAMILY,WHOLESALE,NL-NH,6325.98,Weekly,2023-11-13,2023-11-19,KG,2.242,2.242
APPLE_FAMILY,WHOLESALE,NL-NH,6989.28,Weekly,2023-11-20,2023-11-26,KG,2.248,2.248
APPLE_FAMILY,WHOLESALE,NL-NH,6184.95,Weekly,2023-11-27,2023-12-03,KG,2.466,2.466
APPLE_FAMILY,WHOLESALE,NL-NH,6281.36,Weekly,2023-12-04,2023-12-10,KG,2.747,2.747
APPLE_FAMILY,WHOLESALE,NL-NH,7462.5199999999995,Weekly,2023-12-11,2023-12-17,KG,2.776,2.776
APPLE_FAMILY,WHOLESALE,NL-NH,6518.91,Weekly,2023-12-18,2023-12-24,KG,2.755,2.755
APPLE_FAMILY,WHOLESALE,NL-NH,6693.38,Weekly,2023-12-25,2023-12-31,KG,2.757,2.757
APPLE_FAMILY,WHOLESALE,NL-NH,6413.35,Weekly,2024-01-01,2024-01-07,KG,2.753,2.753
APPLE_FAMILY,WHOLESALE,NL-NH,6955.61,Weekly,2024-01-08,2024-01-14,KG,2.746,2.746
APPLE_FAMILY,WHOLESALE,NL-NH,7056.17,Weekly,2024-01-15,2024-01-21,KG,2.751,2.751
APPLE_FAMILY,WHOLESALE,NL-NH,7811.29,Weekly,2024-01-22,2024-01-28,KG,2.745,2.745
APPLE_FAMILY,WHOLESALE,NL-NH,7258.28,Weekly,2024-01-29,2024-02-04,KG,2.78,2.78
APPLE_FAMILY,WHOLESALE,NL-NH,6288.53,Weekly,2024-02-05,2024-02-11,KG,2.738,2.738
APPLE_FAMILY,WHOLESALE,NL-NH,6636.92,Weekly,2024-02-12,2024-02-18,KG,2.77,2.77
APPLE_FAMILY,WHOLESALE,NL-NH,6207.46,Weekly,2024-02-19,2024-02-25,KG,2.764,2.764
APPLE_FAMILY,WHOLESALE,NL-NH,6779.3,Weekly,2024-02-26,2024-03-03,KG,2.76,2.76
APPLE_FAMILY,WHOLESALE,NL-NH,7434.64,Weekly,2024-03-04,2024-03-10,KG,2.727,2.727
APPLE_FAMILY,WHOLESALE,NL-NH,6695.72,Weekly,2024-03-11,2024-03-17,KG,2.749,2.749
APPLE_FAMILY,WHOLESALE,NL-NH,6595.78,Weekly,2024-03-18,2024-03-24,KG,2.77,2.77
APPLE_FAMILY,WHOLESALE,NL-NH,6719.07,Weekly,2024-03-25,2024-03-31,KG,2.759,2.759
APPLE_FAMILY,WHOLESALE,NL-NH,6187.43,Weekly,2024-04-01,2024-04-07,KG,2.757,2.757
APPLE_FAMILY,WHOLESALE,NL-NH,6730.9,Weekly,2024-04-08,2024-04-14,KG,2.773,2.773
APPLE_FAMILY,WHOLESALE,NL-NH,5210.95,Weekly,2024-04-15,2024-04-21,KG,2.766,2.766
APPLE_FAMILY,WHOLESALE,NL-NH,5829.62,Weekly,2024-04-22,2024-04-28,KG,2.768,2.768
APPLE_FAMILY,WHOLESALE,NL-NH,6227.93,Weekly,2024-04-29,2024-05-05,KG,2.739,2.739
APPLE_FAMILY,WHOLESALE,NL-NH,6414.25,Weekly,2024-05-06,2024-05-12,KG,2.742,2.742
APPLE_FAMILY,WHOLESALE,NL-NH,5954.54,Weekly,2024-05-13,2024-05-19,KG,2.772,2.772
APPLE_FAMILY,WHOLESALE,NL-NH,4607.55,Weekly,2024-05-20,2024-05-26,KG,2.765,2.765
APPLE_FAMILY,WHOLESALE,NL-NH,4935.82,Weekly,2024-05-27,2024-06-02,KG,2.73,2.73
APPLE_FAMILY,WHOLESALE,NL-NH,5295.74,Weekly,2024-06-03,2024-06-09,KG,2.725,2.725
APPLE_FAMILY,WHOLESALE,NL-NH,4611.04,Weekly,2024-06-10,2024-06-16,KG,2.745,2.745
APPLE_FAMILY,WHOLESALE,NL-NH,5057.05,Weekly,2024-06-17,2024-06-23,KG,2.758,2.758
APPLE_FAMILY,WHOLESALE,NL-NH,5826.57,Weekly,2024-06-24,2024-06-30,KG,2.8,2.8
APPLE_FAMILY,WHOLESALE,NL-NH,4064.84,Weekly,2024-07-01,2024-07-07,KG,2.737,2.737
APPLE_FAMILY,WHOLESALE,NL-NH,4898.65,Weekly,2024-07-08,2024-07-14,KG,2.796,2.796
APPLE_FAMILY,WHOLESALE,NL-NH,5085.3,Weekly,2024-07-15,2024-07-21,KG,2.754,2.754
APPLE_FAMILY,WHOLESALE,NL-NH,5441.55,Weekly,2024-07-22,2024-07-28,KG,2.738,2.738
APPLE_FAMILY,WHOLESALE,NL-NH,5836.6,Weekly,2024-07-29,2024-08-04,KG,2.55,2.55
APPLE_FAMILY,WHOLESALE,NL-NH,5759.89,Weekly,2024-08-05,2024-08-11,KG,2.355,2.355
APPLE_FAMILY,WHOLESALE,NL-NH,5575.38,Weekly,2024-08-12,2024-08-18,KG,2.349,2.349
APPLE_FAMILY,WHOLESALE,NL-NH,5398.54,Weekly,2024-08-19,2024-08-25,KG,2.373,2.373
APPLE_FAMILY,WHOLESALE,NL-NH,6488.55,Weekly,2024-08-26,2024-09-01,KG,2.343,2.343
APPLE_FAMILY,WHOLESALE,NL-NH,6086.5,Weekly,2024-09-02,2024-09-08,KG,2.244,2.244
APPLE_FAMILY,WHOLESALE,NL-NH,5701.67,Weekly,2024-09-09,2024-09-15,KG,2.237,2.237
APPLE_FAMILY,WHOLESALE,NL-NH,7206.780000000001,Weekly,2024-09-16,2024-09-22,KG,2.244,2.244
APPLE_FAMILY,WHOLESALE,NL-NH,5432.21,Weekly,2024-09-23,2024-09-29,KG,2.247,2.247
APPLE_FAMILY,WHOLESALE,NL-NH,6033.09,Weekly,2024-09-30,2024-10-06,KG,2.239,2.239
APPLE_FAMILY,WHOLESALE,NL-NH,6951.25,Weekly,2024-10-07,2024-10-13,KG,2.247,2.247
APPLE_FAMILY,WHOLESALE,NL-NH,6969.67,Weekly,2024-10-14,2024-10-20,KG,2.265,2.265
APPLE_FAMILY,WHOLESALE,NL-NH,7401.94,Weekly,2024-10-21,2024-10-27,KG,2.232,2.232
APPLE_FAMILY,WHOLESALE,NL-NH,7130.58,Weekly,2024-10-28,2024-11-03,KG,2.224,2.224
APPLE_FAMILY,WHOLESALE,NL-NH,7092.7,Weekly,2024-11-04,2024-11-10,KG,2.249,2.249
APPLE_FAMILY,WHOLESALE,NL-NH,7141.56,Weekly,2024-11-11,2024-11-17,KG,2.24,2.24
APPLE_FAMILY,WHOLESALE,NL-NH,5754.76,Weekly,2024-11-18,2024-11-24,KG,2.2,2.2
APPLE_FAMILY,WHOLESALE,NL-NH,7110.0,Weekly,2024-11-25,2024-12-01,KG,2.344,2.344
APPLE_FAMILY,WHOLESALE,NL-NH,6355.49,Weekly,2024-12-02,2024-12-08,KG,2.795,2.795
APPLE_FAMILY,WHOLESALE,NL-NH,7077.98,Weekly,2024-12-09,2024-12-15,KG,2.744,2.744
APPLE_FAMILY,WHOLESALE,NL-NH,6929.85,Weekly,2024-12-16,2024-12-22,KG,2.694,2.694
APPLE_FAMILY,WHOLESALE,NL-NH,7342.42,Weekly,2024-12-23,2024-12-29,KG,2.741,2.741
APPLE_FAMILY,WHOLESALE,NL-NH,6826.79,Weekly,2024-12-30,2025-01-05,KG,2.782,2.782
APPLE_FAMILY,WHOLESALE,NL-NH,6996.29,Weekly,2025-01-06,2025-01-12,KG,2.774,2.774
APPLE_FAMILY,WHOLESALE,NL-NH,7037.7,Weekly,2025-01-13,2025-01-19,KG,2.776,2.776
APPLE_FAMILY,WHOLESALE,NL-NH,6587.72,Weekly,2025-01-20,2025-01-26,KG,2.763,2.763
APPLE_FAMILY,WHOLESALE,NL-NH,7602.64,Weekly,2025-01-27,2025-02-02,KG,2.762,2.762
APPLE_FAMILY,WHOLESALE,NL-NH,7239.18,Weekly,2025-02-03,2025-02-09,KG,2.733,2.733
APPLE_FAMILY,WHOLESALE,NL-NH,6285.83,Weekly,2025-02-10,2025-02-16,KG,2.76,2.76
APPLE_FAMILY,WHOLESALE,NL-NH,7073.51,Weekly,2025-02-17,2025-02-23,KG,2.772,2.772
APPLE_FAMILY,WHOLESALE,NL-NH,7228.13,Weekly,2025-02-24,2025-03-02,KG,2.733,2.733
APPLE_FAMILY,WHOLESALE,NL-NH,7897.47,Weekly,2025-03-03,2025-03-09,KG,2.757,2.757
APPLE_FAMILY,WHOLESALE,NL-NH,7218.65,Weekly,2025-03-10,2025-03-16,KG,2.749,2.749
APPLE_FAMILY,WHOLESALE,NL-NH,7635.97,Weekly,2025-03-17,2025-03-23,KG,2.792,2.792
APPLE_FAMILY,WHOLESALE,NL-NH,7036.46,Weekly,2025-03-24,2025-03-30,KG,2.746,2.746
APPLE_FAMILY,WHOLESALE,NL-NH,7791.89,Weekly,2025-03-31,2025-04-06,KG,2.746,2.746
APPLE_FAMILY,WHOLESALE,NL-NH,7164.77,Weekly,2025-04-07,2025-04-13,KG,2.765,2.765
APPLE_FAMILY,WHOLESALE,NL-NH,6572.72,Weekly,2025-04-14,2025-04-20,KG,2.791,2.791
APPLE_FAMILY,WHOLESALE,NL-NH,6070.08,Weekly,2025-04-21,2025-04-27,KG,2.764,2.764
APPLE_FAMILY,WHOLESALE,NL-NH,6929.84,Weekly,2025-04-28,2025-05-04,KG,2.769,2.769
APPLE_FAMILY,WHOLESALE,NL-NH,6503.79,Weekly,2025-05-05,2025-05-11,KG,2.751,2.751
APPLE_FAMILY,WHOLESALE,NL-NH,6501.63,Weekly,2025-05-12,2025-05-18,KG,2.738,2.738
APPLE_FAMILY,WHOLESALE,NL-NH,5754.88,Weekly,2025-05-19,2025-05-25,KG,2.765,2.765
APPLE_FAMILY,WHOLESALE,NL-NH,5106.08,Weekly,2025-05-26,2025-06-01,KG,2.773,2.773
APPLE_FAMILY,WHOLESALE,NL-NH,4800.83,Weekly,2025-06-02,2025-06-08,KG,2.733,2.733
APPLE_FAMILY,WHOLESALE,NL-NH,5583.34,Weekly,2025-06-09,2025-06-15,KG,2.751,2.751
APPLE_FAMILY,WHOLESALE,NL-NH,5741.37,Weekly,2025-06-16,2025-06-22,KG,2.746,2.746
APPLE_FAMILY,WHOLESALE,NL-NH,5571.5,Weekly,2025-06-23,2025-06-29,KG,2.767,2.767
APPLE_FAMILY,WHOLESALE,NL-NH,5131.82,Weekly,2025-06-30,2025-07-06,KG,2.774,2.774
APPLE_FAMILY,WHOLESALE,NL-NH,5387.88,Weekly,2025-07-07,2025-07-13,KG,2.746,2.746
APPLE_FAMILY,WHOLESALE,NL-NH,5134.28,Weekly,2025-07-14,2025-07-20,KG,2.755,2.755
APPLE_FAMILY,WHOLESALE,NL-NH,5179.4400000000005,Weekly,2025-07-21,2025-07-27,KG,2.734,2.734
APPLE_FAMILY,WHOLESALE,NL-NH,5267.25,Weekly,2025-07-28,2025-08-03,KG,2.599,2.599
APPLE_FAMILY,WHOLESALE,NL-NH,5847.33,Weekly,2025-08-04,2025-08-10,KG,2.362,2.362
APPLE_FAMILY,WHOLESALE,NL-NH,5900.17,Weekly,2025-08-11,2025-08-17,KG,2.376,2.376
APPLE_FAMILY,WHOLESALE,NL-NH,6163.92,Weekly,2025-08-18,2025-08-24,KG,2.357,2.357
APPLE_FAMILY,WHOLESALE,NL-NH,6263.610000000001,Weekly,2025-08-25,2025-08-31,KG,2.337,2.337
APPLE_FAMILY,WHOLESALE,NL-NH,6450.62,Weekly,2025-09-01,2025-09-07,KG,2.224,2.224
APPLE_FAMILY,WHOLESALE,NL-NH,5962.41,Weekly,2025-09-08,2025-09-14,KG,2.23,2.23
APPLE_FAMILY,WHOLESALE,NL-NH,5712.55,Weekly,2025-09-15,2025-09-21,KG,2.238,2.238
APPLE_FAMILY,WHOLESALE,NL-NH,6854.97,Weekly,2025-09-22,2025-09-28,KG,2.226,2.226
APPLE_FAMILY,WHOLESALE,NL-NH,6152.18,Weekly,2025-09-29,2025-10-05,KG,2.232,2.232
APPLE_FAMILY,WHOLESALE,NL-NH,6690.67,Weekly,2025-10-06,2025-10-12,KG,2.226,2.226
APPLE_FAMILY,WHOLESALE,NL-NH,6849.95,Weekly,2025-10-13,2025-10-19,KG,2.233,2.233
APPLE_FAMILY,WHOLESALE,NL-NH,5644.2300000000005,Weekly,2025-10-20,2025-10-26,KG,2.256,2.256
APPLE_FAMILY,WHOLESALE,NL-NH,6231.41,Weekly,2025-10-27,2025-11-02,KG,2.245,2.245
APPLE_FAMILY,WHOLESALE,NL-NH,8088.94,Weekly,2025-11-03,2025-11-09,KG,2.232,2.232
APPLE_FAMILY,WHOLESALE,NL-NH,6710.49,Weekly,2025-11-10,2025-11-16,KG,2.221,2.221
APPLE_FAMILY,WHOLESALE,NL-NH,6278.67,Weekly,2025-11-17,2025-11-23,KG,2.247,2.247
APPLE_FAMILY,WHOLESALE,NL-NH,7142.64,Weekly,2025-11-24,2025-11-30,KG,2.222,2.222
APPLE_FAMILY,WHOLESALE,NL-NH,6702.6,Weekly,2025-12-01,2025-12-07,KG,2.775,2.775
APPLE_FAMILY,WHOLESALE,NL-NH,7541.55,Weekly,2025-12-08,2025-12-14,KG,2.756,2.756
APPLE_FAMILY,WHOLESALE,NL-NH,7231.9800000000005,Weekly,2025-12-15,2025-12-21,KG,2.758,2.758
APPLE_FAMILY,WHOLESALE,NL-NH,7385.02,Weekly,2025-12-22,2025-12-28,KG,2.759,2.759
APPLE_FAMILY,WHOLESALE,NL-NH,6283.3099999999995,Weekly,2025-12-29,2026-01-04,KG,2.747,2.747
APPLE_FAMILY,WHOLESALE,NL-NH,6428.8,Weekly,2026-01-05,2026-01-11,KG,2.756,2.756
APPLE_FAMILY,WHOLESALE,NL-NH,7173.27,Weekly,2026-01-12,2026-01-18,KG,2.771,2.771
APPLE_FAMILY,WHOLESALE,NL-NH,7710.7,Weekly,2026-01-19,2026-01-25,KG,2.737,2.737
APPLE_FAMILY,WHOLESALE,NL-NH,6508.04,Weekly,2026-01-26,2026-02-01,KG,2.746,2.746
