Data/History_221_Weekly.csv
ProductID,ChannelID,LocationID,Qty,Period,StartDate,EndDate,UOM,NetPrice,ListPrice
APPLE_FAMILY,WHOLESALE,NL-ZH,4132.15,Weekly,2023-01-30,2023-02-05,KG,2.848,2.848
APPLE_FAMILY,WHOLESALE,NL-ZH,7509.26,Weekly,2023-02-06,2023-02-12,KG,2.849,2.849
APPLE_FAMILY,WHOLESALE,NL-ZH,7729.5,Weekly,2023-02-13,2023-02-19,KG,2.806,2.806
APPLE_FAMILY,WHOLESALE,NL-ZH,7118.6,Weekly,2023-02-20,2023-02-26,KG,2.827,2.827
APPLE_FAMILY,WHOLESALE,NL-ZH,7173.22,Weekly,2023-02-27,2023-03-05,KG,2.852,2.852
APPLE_FAMILY,WHOLESALE,NL-ZH,5401.26,Weekly,2023-03-06,2023-03-12,KG,2.853,2.853
APPLE_FAMILY,WHOLESALE,NL-ZH,6953.14,Weekly,2023-03-13,2023-03-19,KG,2.836,2.836
APPLE_FAMILY,WHOLESALE,NL-ZH,6231.49,Weekly,2023-03-20,2023-03-26,KG,2.844,2.844
APPLE_FAMILY,WHOLESALE,NL-ZH,6158.24,Weekly,2023-03-27,2023-04-02,KG,2.82,2.82
APPLE_FAMILY,WHOLESALE,NL-ZH,6623.4,Weekly,2023-04-03,2023-04-09,KG,2.818,2.818
APPLE_FAMILY,WHOLESALE,NL-ZH,5996.21,Weekly,2023-04-10,2023-04-16,KG,2.835,2.835
APPLE_FAMILY,WHOLESALE,NL-ZH,6024.52,Weekly,2023-04-17,2023-04-23,KG,2.846,2.846
APPLE_FAMILY,WHOLESALE,NL-ZH,5955.26,Weekly,2023-04-24,2023-04-30,KG,2.841,2.841
APPLE_FAMILY,WHOLESALE,NL-ZH,6396.85,Weekly,2023-05-01,2023-05-07,KG,2.835,2.835
APPLE_FAMILY,WHOLESALE,NL-ZH,5240.69,Weekly,2023-05-08,2023-05-14,KG,2.846,2.846
APPLE_FAMILY,WHOLESALE,NL-ZH,6443.82,Weekly,2023-05-15,2023-05-21,KG,2.846,2.846
APPLE_FAMILY,WHOLESALE,NL-ZH,6405.64,Weekly,2023-05-22,2023-05-28,KG,2.83,2.83
APPLE_FAMILY,WHOLESALE,NL-ZH,5900.41,Weekly,2023-05-29,2023-06-04,KG,2.82,2.82
APPLE_FAMILY,WHOLESALE,NL-ZH,6288.47,Weekly,2023-06-05,2023-06-11,KG,2.837,2.837
APPLE_FAMILY,WHOLESALE,NL-ZH,5821.09,Weekly,2023-06-12,2023-06-18,KG,2.814,2.814
APPLE_FAMILY,WHOLESALE,NL-ZH,5655.52,Weekly,2023-06-19,2023-06-25,KG,2.866,2.866
APPLE_FAMILY,WHOLESALE,NL-ZH,5674.62,Weekly,2023-06-26,2023-07-02,KG,2.853,2.853
APPLE_FAMILY,WHOLESALE,NL-ZH,5251.55,Weekly,2023-07-03,2023-07-09,KG,2.832,2.832
APPLE_FAMILY,WHOLESALE,NL-ZH,5695.4,Weekly,2023-07-10,2023-07-16,KG,2.855,2.855
APPLE_FAMILY,WHOLESALE,NL-ZH,5372.09,Weekly,2023-07-17,2023-07-23,KG,2.82,2.82
APPLE_FAMILY,WHOLESALE,NL-ZH,4980.42,Weekly,2023-07-24,2023-07-30,KG,2.84,2.84
APPLE_FAMILY,WHOLESALE,NL-ZH,4449.84,Weekly,2023-07-31,2023-08-06,KG,2.461,2.461
APPLE_FAMILY,WHOLESALE,NL-ZH,5796.93,Weekly,2023-08-07,2023-08-13,KG,2.415,2.415
APPLE_FAMILY,WHOLESALE,NL-ZH,6183.8,Weekly,2023-08-14,2023-08-20,KG,2.405,2.405
APPLE_FAMILY,WHOLESALE,NL-ZH,5731.26,Weekly,2023-08-21,2023-08-27,KG,2.42,2.42
APPLE_FAMILY,WHOLESALE,NL-ZH,5983.8,Weekly,2023-08-28,2023-09-03,KG,2.39,2.39
APPLE_FAMILY,WHOLESALE,NL-ZH,6957.42,Weekly,2023-09-04,2023-09-10,KG,2.284,2.284
APPLE_FAMILY,WHOLESALE,NL-ZH,6757.41,Weekly,2023-09-11,2023-09-17,KG,2.285,2.285
APPLE_FAMILY,WHOLESALE,NL-ZH,5907.77,Weekly,2023-09-18,2023-09-24,KG,2.291,2.291
APPLE_FAMILY,WHOLESALE,NL-ZH,7570.2699999999995,Weekly,2023-09-25,2023-10-01,KG,2.263,2.263
APPLE_FAMILY,WHOLESALE,NL-ZH,7541.610000000001,Weekly,2023-10-02,2023-10-08,KG,2.306,2.306
APPLE_FAMILY,WHOLESALE,NL-ZH,6445.05,Weekly,2023-10-09,2023-10-15,KG,2.273,2.273
APPLE_FAMILY,WHOLESALE,NL-ZH,6564.13,Weekly,2023-10-16,2023-10-22,KG,2.333,2.333
APPLE_FAMILY,WHOLESALE,NL-ZH,5647.25,Weekly,2023-10-23,2023-10-29,KG,2.284,2.284
APPLE_FAMILY,WHOLESALE,NL-ZH,5871.75,Weekly,2023-10-30,2023-11-05,KG,2.294,2.294
APPLE_FAMILY,WHOLESALE,NL-ZH,6795.03,Weekly,2023-11-06,2023-11-12,KG,2.292,2.292
APPLE_FAMILY,WHOLESALE,NL-ZH,6402.97,Weekly,2023-11-13,2023-11-19,KG,2.328,2.328
APPLE_FAMILY,WHOLESALE,NL-ZH,7225.9,Weekly,2023-11-20,2023-11-26,KG,2.299,2.299
APPLE_FAMILY,WHOLESALE,NL-ZH,6618.72,Weekly,2023-11-27,2023-12-03,KG,2.559,2.559
APPLE_FAMILY,WHOLESALE,NL-ZH,6884.27,Weekly,2023-12-04,2023-12-10,KG,2.863,2.863
APPLE_FAMILY,WHOLESALE,NL-ZH,7309.31,Weekly,2023-12-11,2023-12-17,KG,2.831,2.831
APPLE_FAMILY,WHOLESALE,NL-ZH,6506.27,Weekly,2023-12-18,2023-12-24,KG,2.843,2.843
APPLE_FAMILY,WHOLESALE,NL-ZH,7046.35,Weekly,2023-12-25,2023-12-31,KG,2.847,2.847
APPLE_FAMILY,WHOLESALE,NL-ZH,6865.74,Weekly,2024-01-01,2024-01-07,KG,2.885,2.885
APPLE_FAMILY,WHOLESALE,NL-ZH,7313.53,Weekly,2024-01-08,2024-01-14,KG,2.836,2.836
APPLE_FAMILY,WHOLESALE,NL-ZH,7509.57,Weekly,2024-01-15,2024-01-21,KG,2.877,2.877
APPLE_FAMILY,WHOLESALE,NL-ZH,7792.650000000001,Weekly,2024-01-22,2024-01-28,KG,2.822,2.822
APPLE_FAMILY,WHOLESALE,NL-ZH,7646.13,Weekly,2024-01-29,2024-02-04,KG,2.843,2.843
APPLE_FAMILY,WHOLESALE,NL-ZH,6439.84,Weekly,2024-02-05,2024-02-11,KG,2.863,2.863
APPLE_FAMILY,WHOLESALE,NL-ZH,7286.35,Weekly,2024-02-12,2024-02-18,KG,2.846,2.846
APPLE_FAMILY,WHOLESALE,NL-ZH,6443.96,Weekly,2024-02-19,2024-02-25,KG,2.851,2.851
APPLE_FAMILY,WHOLESALE,NL-ZH,6497.97,Weekly,2024-02-26,2024-03-03,KG,2.852,2.852
APPLE_FAMILY,WHOLESALE,NL-ZH,7355.61,Weekly,2024-03-04,2024-03-10,KG,2.854,2.854
APPLE_FAMILY,WHOLESALE,NL-ZH,6882.5599999999995,Weekly,2024-03-11,2024-03-17,KG,2.828,2.828
APPLE_FAMILY,WHOLESALE,NL-ZH,6985.900000000001,Weekly,2024-03-18,2024-03-24,KG,2.834,2.834
APPLE_FAMILY,WHOLESALE,NL-ZH,6750.22,Weekly,2024-03-25,2024-03-31,KG,2.83,2.83
APPLE_FAMILY,WHOLESALE,NL-ZH,6448.2,Weekly,2024-04-01,2024-04-07,KG,2.866,2.866
APPLE_FAMILY,WHOLESALE,NL-ZH,6983.05,Weekly,2024-04-08,2024-04-14,KG,2.848,2.848
APPLE_FAMILY,WHOLESALE,NL-ZH,5414.33,Weekly,2024-04-15,2024-04-21,KG,2.843,2.843
APPLE_FAMILY,WHOLESALE,NL-ZH,6069.83,Weekly,2024-04-22,2024-04-28,KG,2.81,2.81
APPLE_FAMILY,WHOLESALE,NL-ZH,6144.91,Weekly,2024-04-29,2024-05-05,KG,2.83,2.83
APPLE_FAMILY,WHOLESALE,NL-ZH,6422.13,Weekly,2024-05-06,2024-05-12,KG,2.822,2.822
APPLE_FAMILY,WHOLESALE,NL-ZH,6024.86,Weekly,2024-05-13,2024-05-19,KG,2.848,2.848
APPLE_FAMILY,WHOLESALE,NL-ZH,4684.87,Weekly,2024-05-20,2024-05-26,KG,2.811,2.811
APPLE_FAMILY,WHOLESALE,NL-ZH,5231.27,Weekly,2024-05-27,2024-06-02,KG,2.8,2.8
APPLE_FAMILY,WHOLESALE,NL-ZH,5631.19,Weekly,2024-06-03,2024-06-09,KG,2.839,2.839
APPLE_FAMILY,WHOLESALE,NL-ZH,4754.63,Weekly,2024-06-10,2024-06-16,KG,2.821,2.821
APPLE_FAMILY,WHOLESALE,NL-ZH,5378.32,Weekly,2024-06-17,2024-06-23,KG,2.865,2.865
APPLE_FAMILY,WHOLESALE,NL-ZH,5704.82,Weekly,2024-06-24,2024-06-30,KG,2.827,2.827
APPLE_FAMILY,WHOLESALE,NL-ZH,4127.48,Weekly,2024-07-01,2024-07-07,KG,2.789,2.789
APPLE_FAMILY,WHOLESALE,NL-ZH,4966.22,Weekly,2024-07-08,2024-07-14,KG,2.852,2.852
APPLE_FAMILY,WHOLESALE,NL-ZH,5681.22,Weekly,2024-07-15,2024-07-21,KG,2.839,2.839
APPLE_FAMILY,WHOLESALE,NL-ZH,5503.0,Weekly,2024-07-22,2024-07-28,KG,2.824,2.824
APPLE_FAMILY,WHOLESALE,NL-ZH,5678.99,Weekly,2024-07-29,2024-08-04,KG,2.632,2.632
APPLE_FAMILY,WHOLESALE,NL-ZH,6252.25,Weekly,2024-08-05,2024-08-11,KG,2.423,2.423
APPLE_FAMILY,WHOLESALE,NL-ZH,6104.13,Weekly,2024-08-12,2024-08-18,KG,2.401,2.401
APPLE_FAMILY,WHOLESALE,NL-ZH,5668.78,Weekly,2024-08-19,2024-08-25,KG,2.401,2.401
APPLE_FAMILY,WHOLESALE,NL-ZH,6839.7,Weekly,2024-08-26,2024-09-01,KG,2.366,2.366
APPLE_FAMILY,WHOLESALE,NL-ZH,6285.88,Weekly,2024-09-02,2024-09-08,KG,2.31,2.31
APPLE_FAMILY,WHOLESALE,NL-ZH,5743.7,Weekly,2024-09-09,2024-09-15,KG,2.315,2.315
APPLE_FAMILY,WHOLESALE,NL-ZH,7163.16,Weekly,2024-09-16,2024-09-22,KG,2.32,2.32
APPLE_FAMILY,WHOLESALE,NL-ZH,5564.56,Weekly,2024-09-23,2024-09-29,KG,2.294,2.294
APPLE_FAMILY,WHOLESALE,NL-ZH,6346.1,Weekly,2024-09-30,2024-10-06,KG,2.298,2.298
APPLE_FAMILY,WHOLESALE,NL-ZH,6614.22,Weekly,2024-10-07,2024-10-13,KG,2.294,2.294
APPLE_FAMILY,WHOLESALE,NL-ZH,7003.64,Weekly,2024-10-14,2024-10-20,KG,2.293,2.293
APPLE_FAMILY,WHOLESALE,NL-ZH,7405.15,Weekly,2024-10-21,2024-10-27,KG,2.286,2.286
APPLE_FAMILY,WHOLESALE,NL-ZH,7178.43,Weekly,2024-10-28,2024-11-03,KG,2.309,2.309
APPLE_FAMILY,WHOLESALE,NL-ZH,7154.6,Weekly,2024-11-04,2024-11-10,KG,2.3,2.3
APPLE_FAMILY,WHOLESALE,NL-ZH,7303.15,Weekly,2024-11-11,2024-11-17,KG,2.295,2.295
APPLE_FAMILY,WHOLESALE,NL-ZH,5945.63,Weekly,2024-11-18,2024-11-24,KG,2.302,2.302
APPLE_FAMILY,WHOLESALE,NL-ZH,6766.22,Weekly,2024-11-25,2024-12-01,KG,2.375,2.375
APPLE_FAMILY,WHOLESALE,NL-ZH,6852.8,Weekly,2024-12-02,2024-12-08,KG,2.81,2.81
APPLE_FAMILY,WHOLESALE,NL-ZH,7267.8,Weekly,2024-12-09,2024-12-15,KG,2.854,2.854
APPLE_FAMILY,WHOLESALE,NL-ZH,6977.43,Weekly,2024-12-16,2024-12-22,KG,2.839,2.839
APPLE_FAMILY,WHOLESALE,NL-ZH,7749.02,Weekly,2024-12-23,2024-12-29,KG,2.828,2.828
APPLE_FAMILY,WHOLESALE,NL-ZH,6734.99,Weekly,2024-12-30,2025-01-05,KG,2.815,2.815
APPLE_FAMILY,WHOLESALE,NL-ZH,7307.3,Weekly,2025-01-06,2025-01-12,KG,2.824,2.824
APPLE_FAMILY,WHOLESALE,NL-ZH,7593.51,Weekly,2025-01-13,2025-01-19,KG,2.836,2.836
APPLE_FAMILY,WHOLESALE,NL-ZH,6811.55,Weekly,2025-01-20,2025-01-26,KG,2.845,2.845
APPLE_FAMILY,WHOLESALE,NL-ZH,7507.53,Weekly,2025-01-27,2025-02-02,KG,2.819,2.819
APPLE_FAMILY,WHOLESALE,NL-ZH,7770.26,Weekly,2025-02-03,2025-02-09,KG,2.84,2.84
APPLE_FAMILY,WHOLESALE,NL-ZH,6764.9800000000005,Weekly,2025-02-10,2025-02-16,KG,2.852,2.852
APPLE_FAMILY,WHOLESALE,NL-ZH,7583.83,Weekly,2025-02-17,2025-02-23,KG,2.843,2.843
APPLE_FAMILY,WHOLESALE,NL-ZH,7153.9800000000005,Weekly,2025-02-24,2025-03-02,KG,2.831,2.831
APPLE_FAMILY,WHOLESALE,NL-ZH,8644.7,Weekly,2025-03-03,2025-03-09,KG,2.8,2.8
APPLE_FAMILY,WHOLESALE,NL-ZH,7678.5599999999995,Weekly,2025-03-10,2025-03-16,KG,2.859,2.859
APPLE_FAMILY,WHOLESALE,NL-ZH,7975.4800000000005,Weekly,2025-03-17,2025-03-23,KG,2.849,2.849
APPLE_FAMILY,WHOLESALE,NL-ZH,7281.98,Weekly,2025-03-24,2025-03-30,KG,2.873,2.873
APPLE_FAMILY,WHOLESALE,NL-ZH,8317.1,Weekly,2025-03-31,2025-04-06,KG,2.833,2.833
APPLE_FAMILY,WHOLESALE,NL-ZH,7796.06,Weekly,2025-04-07,2025-04-13,KG,2.83,2.83
APPLE_FAMILY,WHOLESALE,NL-ZH,6728.93,Weekly,2025-04-14,2025-04-20,KG,2.843,2.843
APPLE_FAMILY,WHOLESALE,NL-ZH,6457.54,Weekly,2025-04-21,2025-04-27,KG,2.846,2.846
APPLE_FAMILY,WHOLESALE,NL-ZH,7198.43,Weekly,2025-04-28,2025-05-04,KG,2.833,2.833
APPLE_FAMILY,WHOLESALE,NL-ZH,6634.88,Weekly,2025-05-05,2025-05-11,KG,2.849,2.849
APPLE_FAMILY,WHOLESALE,NL-ZH,6876.87,Weekly,2025-05-12,2025-05-18,KG,2.834,2.834
APPLE_FAMILY,WHOLESALE,NL-ZH,5957.21,Weekly,2025-05-19,2025-05-25,KG,2.874,2.874
APPLE_FAMILY,WHOLESALE,NL-ZH,5750.8,Weekly,2025-05-26,2025-06-01,KG,2.833,2.833
APPLE_FAMILY,WHOLESALE,NL-ZH,5080.860000000001,Weekly,2025-06-02,2025-06-08,KG,2.808,2.808
APPLE_FAMILY,WHOLESALE,NL-ZH,6020.36,Weekly,2025-06-09,2025-06-15,KG,2.837,2.837
APPLE_FAMILY,WHOLESALE,NL-ZH,5885.99,Weekly,2025-06-16,2025-06-22,KG,2.841,2.841
APPLE_FAMILY,WHOLESALE,NL-ZH,5675.93,Weekly,2025-06-23,2025-06-29,KG,2.833,2.833
APPLE_FAMILY,WHOLESALE,NL-ZH,5250.71,Weekly,2025-06-30,2025-07-06,KG,2.892,2.892
APPLE_FAMILY,WHOLESALE,NL-ZH,5523.63,Weekly,2025-07-07,2025-07-13,KG,2.846,2.846
APPLE_FAMILY,WHOLESALE,NL-ZH,5431.29,Weekly,2025-07-14,2025-07-20,KG,2.832,2.832
APPLE_FAMILY,WHOLESALE,NL-ZH,5604.32,Weekly,2025-07-21,2025-07-27,KG,2.84,2.84
APPLE_FAMILY,WHOLESALE,NL-ZH,5554.8,Weekly,2025-07-28,2025-08-03,KG,2.673,2.673
APPLE_FAMILY,WHOLESALE,NL-ZH,6127.42,Weekly,2025-08-04,2025-08-10,KG,2.416,2.416
APPLE_FAMILY,WHOLESALE,NL-ZH,6219.82,Weekly,2025-08-11,2025-08-17,KG,2.434,2.434
APPLE_FAMILY,WHOLESALE,NL-ZH,6581.28,Weekly,2025-08-18,2025-08-24,KG,2.415,2.415
APPLE_FAMILY,WHOLESALE,NL-ZH,6361.1,Weekly,2025-08-25,2025-08-31,KG,2.409,2.409
APPLE_FAMILY,WHOLESALE,NL-ZH,6780.22,Weekly,2025-09-01,2025-09-07,KG,2.323,2.323
APPLE_FAMILY,WHOLESALE,NL-ZH,6307.53,Weekly,2025-09-08,2025-09-14,KG,2.291,2.291
APPLE_FAMILY,WHOLESALE,NL-ZH,6249.5599999999995,Weekly,2025-09-15,2025-09-21,KG,2.308,2.308
APPLE_FAMILY,WHOLESALE,NL-ZH,6834.889999999999,Weekly,2025-09-22,2025-09-28,KG,2.305,2.305
APPLE_FAMILY,WHOLESALE,NL-ZH,6339.37,Weekly,2025-09-29,2025-10-05,KG,2.284,2.284
APPLE_FAMILY,WHOLESALE,NL-ZH,7053.07,Weekly,2025-10-06,2025-10-12,KG,2.3,2.3
APPLE_FAMILY,WHOLESALE,NL-ZH,7151.28,Weekly,2025-10-13,2025-10-19,KG,2.297,2.297
APPLE_FAMILY,WHOLESALE,NL-ZH,5998.08,Weekly,2025-10-20,2025-10-26,KG,2.315,2.315
APPLE_FAMILY,WHOLESALE,NL-ZH,6512.33,Weekly,2025-10-27,2025-11-02,KG,2.288,2.288
APPLE_FAMILY,WHOLESALE,NL-ZH,8068.18,Weekly,2025-11-03,2025-11-09,KG,2.305,2.305
APPLE_FAMILY,WHOLESALE,NL-ZH,6703.63,Weekly,2025-11-10,2025-11-16,KG,2.315,2.315
APPLE_FAMILY,WHOLESALE,NL-ZH,6355.6900000000005,Weekly,2025-11-17,2025-11-23,KG,2.31,2.31
APPLE_FAMILY,WHOLESALE,NL-ZH,7314.72,Weekly,2025-11-24,2025-11-30,KG,2.309,2.309
APPLE_FAMILY,WHOLESALE,NL-ZH,7272.78,Weekly,2025-12-01,2025-12-07,KG,2.807,2.807
APPLE_FAMILY,WHOLESALE,NL-ZH,7695.0,Weekly,2025-12-08,2025-12-14,KG,2.826,2.826
APPLE_FAMILY,WHOLESALE,NL-ZH,7852.67,Weekly,2025-12-15,2025-12-21,KG,2.836,2.836
APPLE_FAMILY,WHOLESALE,NL-ZH,7518.33,Weekly,2025-12-22,2025-12-28,KG,2.847,2.847
APPLE_FAMILY,WHOLESALE,NL-ZH,6968.95,Weekly,2025-12-29,2026-01-04,KG,2.853,2.853
APPLE_FAMILY,WHOLESALE,NL-ZH,6310.02,Weekly,2026-01-05,2026-01-11,KG,2.828,2.828
APPLE_FAMILY,WHOLESALE,NL-ZH,7646.86,Weekly,2026-01-12,2026-01-18,KG,2.875,2.875
APPLE_FAMILY,WHOLESALE,NL-ZH,7877.4400000000005,Weekly,2026-01-19,2026-01-25,KG,2.832,2.832
APPLE_FAMILY,WHOLESALE,NL-ZH,7215.4400000000005,Weekly,2026-01-26,2026-02-01,KG,2.871,2.871
