Data/History_221_Weekly.csv
ProductID,ChannelID,LocationID,Qty,Period,StartDate,EndDate,UOM,NetPrice,ListPrice
PEAR_FAMILY,ONLINE,NL-ZH,2019.2,Weekly,2023-01-30,2023-02-05,KG,3.408,3.408
PEAR_FAMILY,ONLINE,NL-ZH,3792.49,Weekly,2023-02-06,2023-02-12,KG,3.322,3.322
PEAR_FAMILY,ONLINE,NL-ZH,3613.17,Weekly,2023-02-13,2023-02-19,KG,3.347,3.347
PEAR_FAMILY,ONLINE,NL-ZH,3441.88,Weekly,2023-02-20,2023-02-26,KG,3.342,3.342
PEAR_FAMILY,ONLINE,NL-ZH,3400.2200000000003,Weekly,2023-02-27,2023-03-05,KG,3.358,3.358
PEAR_FAMILY,ONLINE,NL-ZH,2630.53,Weekly,2023-03-06,2023-03-12,KG,3.319,3.319
PEAR_FAMILY,ONLINE,NL-ZH,3276.37,Weekly,2023-03-13,2023-03-19,KG,3.318,3.318
PEAR_FAMILY,ONLINE,NL-ZH,2820.71,Weekly,2023-03-20,2023-03-26,KG,3.372,3.372
PEAR_FAMILY,ONLINE,NL-ZH,2785.79,Weekly,2023-03-27,2023-04-02,KG,3.395,3.395
PEAR_FAMILY,ONLINE,NL-ZH,2991.75,Weekly,2023-04-03,2023-04-09,KG,3.36,3.36
PEAR_FAMILY,ONLINE,NL-ZH,2885.63,Weekly,2023-04-10,2023-04-16,KG,3.289,3.289
PEAR_FAMILY,ONLINE,NL-ZH,2853.86,Weekly,2023-04-17,2023-04-23,KG,3.306,3.306
PEAR_FAMILY,ONLINE,NL-ZH,2828.55,Weekly,2023-04-24,2023-04-30,KG,3.388,3.388
PEAR_FAMILY,ONLINE,NL-ZH,3136.17,Weekly,2023-05-01,2023-05-07,KG,3.306,3.306
PEAR_FAMILY,ONLINE,NL-ZH,2482.27,Weekly,2023-05-08,2023-05-14,KG,3.316,3.316
PEAR_FAMILY,ONLINE,NL-ZH,3152.3,Weekly,2023-05-15,2023-05-21,KG,3.335,3.335
PEAR_FAMILY,ONLINE,NL-ZH,3254.41,Weekly,2023-05-22,2023-05-28,KG,3.328,3.328
PEAR_FAMILY,ONLINE,NL-ZH,3091.06,Weekly,2023-05-29,2023-06-04,KG,3.371,3.371
PEAR_FAMILY,ONLINE,NL-ZH,3333.64,Weekly,2023-06-05,2023-06-11,KG,3.388,3.388
PEAR_FAMILY,ONLINE,NL-ZH,3323.92,Weekly,2023-06-12,2023-06-18,KG,3.354,3.354
PEAR_FAMILY,ONLINE,NL-ZH,3250.43,Weekly,2023-06-19,2023-06-25,KG,3.359,3.359
PEAR_FAMILY,ONLINE,NL-ZH,3441.63,Weekly,2023-06-26,2023-07-02,KG,3.318,3.318
PEAR_FAMILY,ONLINE,NL-ZH,3118.15,Weekly,2023-07-03,2023-07-09,KG,3.315,3.315
PEAR_FAMILY,ONLINE,NL-ZH,3583.19,Weekly,2023-07-10,2023-07-16,KG,3.355,3.355
PEAR_FAMILY,ONLINE,NL-ZH,3553.8,Weekly,2023-07-17,2023-07-23,KG,3.344,3.344
PEAR_FAMILY,ONLINE,NL-ZH,3306.2999999999997,Weekly,2023-07-24,2023-07-30,KG,3.371,3.371
PEAR_FAMILY,ONLINE,NL-ZH,2934.04,Weekly,2023-07-31,2023-08-06,KG,2.744,2.744
PEAR_FAMILY,ONLINE,NL-ZH,4023.87,Weekly,2023-08-07,2023-08-13,KG,2.747,2.747
PEAR_FAMILY,ONLINE,NL-ZH,4450.92,Weekly,2023-08-14,2023-08-20,KG,2.685,2.685
PEAR_FAMILY,ONLINE,NL-ZH,4107.43,Weekly,2023-08-21,2023-08-27,KG,2.692,2.692
PEAR_FAMILY,ONLINE,NL-ZH,4213.0,Weekly,2023-08-28,2023-09-03,KG,2.663,2.663
PEAR_FAMILY,ONLINE,NL-ZH,4760.13,Weekly,2023-09-04,2023-09-10,KG,2.675,2.675
PEAR_FAMILY,ONLINE,NL-ZH,4645.86,Weekly,2023-09-11,2023-09-17,KG,2.691,2.691
PEAR_FAMILY,ONLINE,NL-ZH,4115.03,Weekly,2023-09-18,2023-09-24,KG,2.689,2.689
PEAR_FAMILY,ONLINE,NL-ZH,5298.3099999999995,Weekly,2023-09-25,2023-10-01,KG,2.678,2.678
PEAR_FAMILY,ONLINE,NL-ZH,5107.33,Weekly,2023-10-02,2023-10-08,KG,2.665,2.665
PEAR_FAMILY,ONLINE,NL-ZH,4254.12,Weekly,2023-10-09,2023-10-15,KG,2.656,2.656
PEAR_FAMILY,ONLINE,NL-ZH,4362.38,Weekly,2023-10-16,2023-10-22,KG,2.679,2.679
PEAR_FAMILY,ONLINE,NL-ZH,3581.1,Weekly,2023-10-23,2023-10-29,KG,2.652,2.652
PEAR_FAMILY,ONLINE,NL-ZH,3486.82,Weekly,2023-10-30,2023-11-05,KG,3.136,3.136
PEAR_FAMILY,ONLINE,NL-ZH,4173.55,Weekly,2023-11-06,2023-11-12,KG,3.345,3.345
PEAR_FAMILY,ONLINE,NL-ZH,3902.19,Weekly,2023-11-13,2023-11-19,KG,3.355,3.355
PEAR_FAMILY,ONLINE,NL-ZH,4355.65,Weekly,2023-11-20,2023-11-26,KG,3.299,3.299
PEAR_FAMILY,ONLINE,NL-ZH,3907.35,Weekly,2023-11-27,2023-12-03,KG,3.356,3.356
PEAR_FAMILY,ONLINE,NL-ZH,3834.0299999999997,Weekly,2023-12-04,2023-12-10,KG,3.327,3.327
PEAR_FAMILY,ONLINE,NL-ZH,4144.07,Weekly,2023-12-11,2023-12-17,KG,3.33,3.33
PEAR_FAMILY,ONLINE,NL-ZH,3630.5,Weekly,2023-12-18,2023-12-24,KG,3.371,3.371
PEAR_FAMILY,ONLINE,NL-ZH,3734.51,Weekly,2023-12-25,2023-12-31,KG,3.329,3.329
PEAR_FAMILY,ONLINE,NL-ZH,3584.26,Weekly,2024-01-01,2024-01-07,KG,3.369,3.369
PEAR_FAMILY,ONLINE,NL-ZH,3817.13,Weekly,2024-01-08,2024-01-14,KG,3.377,3.377
PEAR_FAMILY,ONLINE,NL-ZH,3845.29,Weekly,2024-01-15,2024-01-21,KG,3.314,3.314
PEAR_FAMILY,ONLINE,NL-ZH,3784.3199999999997,Weekly,2024-01-22,2024-01-28,KG,3.35,3.35
PEAR_FAMILY,ONLINE,NL-ZH,3801.4700000000003,Weekly,2024-01-29,2024-02-04,KG,3.358,3.365
PEAR_FAMILY,ONLINE,NL-ZH,3344.7599999999998,Weekly,2024-02-05,2024-02-11,KG,3.284,3.352
PEAR_FAMILY,ONLINE,NL-ZH,3388.11,Weekly,2024-02-12,2024-02-18,KG,3.364,3.364
PEAR_FAMILY,ONLINE,NL-ZH,3176.31,Weekly,2024-02-19,2024-02-25,KG,3.33,3.33
PEAR_FAMILY,ONLINE,NL-ZH,3036.37,Weekly,2024-02-26,2024-03-03,KG,3.308,3.308
PEAR_FAMILY,ONLINE,NL-ZH,3515.01,Weekly,2024-03-04,2024-03-10,KG,3.296,3.296
PEAR_FAMILY,ONLINE,NL-ZH,3112.03,Weekly,2024-03-11,2024-03-17,KG,3.351,3.351
PEAR_FAMILY,ONLINE,NL-ZH,3313.29,Weekly,2024-03-18,2024-03-24,KG,3.393,3.393
PEAR_FAMILY,ONLINE,NL-ZH,3140.14,Weekly,2024-03-25,2024-03-31,KG,3.324,3.324
PEAR_FAMILY,ONLINE,NL-ZH,3037.09,Weekly,2024-04-01,2024-04-07,KG,3.355,3.355
PEAR_FAMILY,ONLINE,NL-ZH,3192.72,Weekly,2024-04-08,2024-04-14,KG,3.391,3.391
PEAR_FAMILY,ONLINE,NL-ZH,2542.73,Weekly,2024-04-15,2024-04-21,KG,3.369,3.369
PEAR_FAMILY,ONLINE,NL-ZH,2865.97,Weekly,2024-04-22,2024-04-28,KG,3.351,3.351
PEAR_FAMILY,ONLINE,NL-ZH,3010.3,Weekly,2024-04-29,2024-05-05,KG,3.319,3.319
PEAR_FAMILY,ONLINE,NL-ZH,3191.84,Weekly,2024-05-06,2024-05-12,KG,3.362,3.362
PEAR_FAMILY,ONLINE,NL-ZH,3031.63,Weekly,2024-05-13,2024-05-19,KG,3.314,3.314
PEAR_FAMILY,ONLINE,NL-ZH,2469.29,Weekly,2024-05-20,2024-05-26,KG,3.35,3.35
PEAR_FAMILY,ONLINE,NL-ZH,2851.4,Weekly,2024-05-27,2024-06-02,KG,3.363,3.363
PEAR_FAMILY,ONLINE,NL-ZH,3226.9,Weekly,2024-06-03,2024-06-09,KG,3.378,3.378
PEAR_FAMILY,ONLINE,NL-ZH,2666.11,Weekly,2024-06-10,2024-06-16,KG,3.356,3.356
PEAR_FAMILY,ONLINE,NL-ZH,3045.65,Weekly,2024-06-17,2024-06-23,KG,3.348,3.348
PEAR_FAMILY,ONLINE,NL-ZH,3598.77,Weekly,2024-06-24,2024-06-30,KG,3.347,3.347
PEAR_FAMILY,ONLINE,NL-ZH,2695.55,Weekly,2024-07-01,2024-07-07,KG,3.335,3.335
PEAR_FAMILY,ONLINE,NL-ZH,3087.95,Weekly,2024-07-08,2024-07-14,KG,3.36,3.36
PEAR_FAMILY,ONLINE,NL-ZH,3689.02,Weekly,2024-07-15,2024-07-21,KG,3.327,3.327
PEAR_FAMILY,ONLINE,NL-ZH,3438.13,Weekly,2024-07-22,2024-07-28,KG,3.326,3.326
PEAR_FAMILY,ONLINE,NL-ZH,3728.46,Weekly,2024-07-29,2024-08-04,KG,3.002,3.002
PEAR_FAMILY,ONLINE,NL-ZH,4086.77,Weekly,2024-08-05,2024-08-11,KG,2.684,2.684
PEAR_FAMILY,ONLINE,NL-ZH,4159.81,Weekly,2024-08-12,2024-08-18,KG,2.715,2.715
PEAR_FAMILY,ONLINE,NL-ZH,4086.69,Weekly,2024-08-19,2024-08-25,KG,2.708,2.708
PEAR_FAMILY,ONLINE,NL-ZH,4560.63,Weekly,2024-08-26,2024-09-01,KG,2.688,2.688
PEAR_FAMILY,ONLINE,NL-ZH,4595.43,Weekly,2024-09-02,2024-09-08,KG,2.666,2.666
PEAR_FAMILY,ONLINE,NL-ZH,4095.47,Weekly,2024-09-09,2024-09-15,KG,2.691,2.691
PEAR_FAMILY,ONLINE,NL-ZH,4993.26,Weekly,2024-09-16,2024-09-22,KG,2.682,2.682
PEAR_FAMILY,ONLINE,NL-ZH,3655.04,Weekly,2024-09-23,2024-09-29,KG,2.722,2.722
PEAR_FAMILY,ONLINE,NL-ZH,4258.57,Weekly,2024-09-30,2024-10-06,KG,2.685,2.685
PEAR_FAMILY,ONLINE,NL-ZH,4379.0,Weekly,2024-10-07,2024-10-13,KG,2.661,2.661
PEAR_FAMILY,ONLINE,NL-ZH,4646.76,Weekly,2024-10-14,2024-10-20,KG,2.66,2.66
PEAR_FAMILY,ONLINE,NL-ZH,4917.47,Weekly,2024-10-21,2024-10-27,KG,2.704,2.704
PEAR_FAMILY,ONLINE,NL-ZH,4541.74,Weekly,2024-10-28,2024-11-03,KG,2.941,2.941
PEAR_FAMILY,ONLINE,NL-ZH,4409.33,Weekly,2024-11-04,2024-11-10,KG,3.34,3.34
PEAR_FAMILY,ONLINE,NL-ZH,4326.72,Weekly,2024-11-11,2024-11-17,KG,3.348,3.348
PEAR_FAMILY,ONLINE,NL-ZH,3657.07,Weekly,2024-11-18,2024-11-24,KG,3.339,3.339
PEAR_FAMILY,ONLINE,NL-ZH,4013.85,Weekly,2024-11-25,2024-12-01,KG,3.355,3.355
PEAR_FAMILY,ONLINE,NL-ZH,3782.21,Weekly,2024-12-02,2024-12-08,KG,3.381,3.381
PEAR_FAMILY,ONLINE,NL-ZH,4154.12,Weekly,2024-12-09,2024-12-15,KG,3.309,3.309
PEAR_FAMILY,ONLINE,NL-ZH,3703.85,Weekly,2024-12-16,2024-12-22,KG,3.359,3.359
PEAR_FAMILY,ONLINE,NL-ZH,4120.87,Weekly,2024-12-23,2024-12-29,KG,3.381,3.381
PEAR_FAMILY,ONLINE,NL-ZH,3651.2400000000002,Weekly,2024-12-30,2025-01-05,KG,3.355,3.355
PEAR_FAMILY,ONLINE,NL-ZH,3699.56,Weekly,2025-01-06,2025-01-12,KG,3.34,3.34
PEAR_FAMILY,ONLINE,NL-ZH,3806.08,Weekly,2025-01-13,2025-01-19,KG,3.378,3.378
PEAR_FAMILY,ONLINE,NL-ZH,3300.5699999999997,Weekly,2025-01-20,2025-01-26,KG,3.408,3.408
PEAR_FAMILY,ONLINE,NL-ZH,3691.06,Weekly,2025-01-27,2025-02-02,KG,3.337,3.337
PEAR_FAMILY,ONLINE,NL-ZH,3757.14,Weekly,2025-02-03,2025-02-09,KG,3.346,3.346
PEAR_FAMILY,ONLINE,NL-ZH,3256.91,Weekly,2025-02-10,2025-02-16,KG,3.346,3.346
PEAR_FAMILY,ONLINE,NL-ZH,3581.59,Weekly,2025-02-17,2025-02-23,KG,3.344,3.344
PEAR_FAMILY,ONLINE,NL-ZH,3329.26,Weekly,2025-02-24,2025-03-02,KG,3.38,3.38
PEAR_FAMILY,ONLINE,NL-ZH,3814.88,Weekly,2025-03-03,2025-03-09,KG,3.304,3.304
PEAR_FAMILY,ONLINE,NL-ZH,3531.09,Weekly,2025-03-10,2025-03-16,KG,3.384,3.384
PEAR_FAMILY,ONLINE,NL-ZH,3629.83,Weekly,2025-03-17,2025-03-23,KG,3.318,3.318
PEAR_FAMILY,ONLINE,NL-ZH,3409.54,Weekly,2025-03-24,2025-03-30,KG,3.352,3.352
PEAR_FAMILY,ONLINE,NL-ZH,3638.06,Weekly,2025-03-31,2025-04-06,KG,3.373,3.373
PEAR_FAMILY,ONLINE,NL-ZH,3563.84,Weekly,2025-04-07,2025-04-13,KG,3.312,3.312
PEAR_FAMILY,ONLINE,NL-ZH,3298.2,Weekly,2025-04-14,2025-04-20,KG,3.334,3.334
PEAR_FAMILY,ONLINE,NL-ZH,2994.64,Weekly,2025-04-21,2025-04-27,KG,3.31,3.31
PEAR_FAMILY,ONLINE,NL-ZH,3510.4900000000002,Weekly,2025-04-28,2025-05-04,KG,3.367,3.367
PEAR_FAMILY,ONLINE,NL-ZH,3271.62,Weekly,2025-05-05,2025-05-11,KG,3.347,3.347
PEAR_FAMILY,ONLINE,NL-ZH,3346.24,Weekly,2025-05-12,2025-05-18,KG,3.351,3.351
PEAR_FAMILY,ONLINE,NL-ZH,3258.64,Weekly,2025-05-19,2025-05-25,KG,3.386,3.386
PEAR_FAMILY,ONLINE,NL-ZH,2876.71,Weekly,2025-05-26,2025-06-01,KG,3.332,3.332
PEAR_FAMILY,ONLINE,NL-ZH,2734.6,Weekly,2025-06-02,2025-06-08,KG,3.321,3.321
PEAR_FAMILY,ONLINE,NL-ZH,3380.16,Weekly,2025-06-09,2025-06-15,KG,3.229,3.315
PEAR_FAMILY,ONLINE,NL-ZH,4084.5299999999997,Weekly,2025-06-16,2025-06-22,KG,2.904,3.355
PEAR_FAMILY,ONLINE,NL-ZH,3422.82,Weekly,2025-06-23,2025-06-29,KG,3.35,3.35
PEAR_FAMILY,ONLINE,NL-ZH,3269.96,Weekly,2025-06-30,2025-07-06,KG,3.356,3.356
PEAR_FAMILY,ONLINE,NL-ZH,3582.66,Weekly,2025-07-07,2025-07-13,KG,3.339,3.339
PEAR_FAMILY,ONLINE,NL-ZH,3538.36,Weekly,2025-07-14,2025-07-20,KG,3.398,3.398
PEAR_FAMILY,ONLINE,NL-ZH,3605.24,Weekly,2025-07-21,2025-07-27,KG,3.321,3.321
PEAR_FAMILY,ONLINE,NL-ZH,3717.19,Weekly,2025-07-28,2025-08-03,KG,3.107,3.107
PEAR_FAMILY,ONLINE,NL-ZH,4024.48,Weekly,2025-08-04,2025-08-10,KG,2.714,2.714
PEAR_FAMILY,ONLINE,NL-ZH,4111.72,Weekly,2025-08-11,2025-08-17,KG,2.715,2.715
PEAR_FAMILY,ONLINE,NL-ZH,4435.45,Weekly,2025-08-18,2025-08-24,KG,2.679,2.679
PEAR_FAMILY,ONLINE,NL-ZH,4354.47,Weekly,2025-08-25,2025-08-31,KG,2.697,2.697
PEAR_FAMILY,ONLINE,NL-ZH,4723.89,Weekly,2025-09-01,2025-09-07,KG,2.684,2.684
PEAR_FAMILY,ONLINE,NL-ZH,4324.09,Weekly,2025-09-08,2025-09-14,KG,2.668,2.668
PEAR_FAMILY,ONLINE,NL-ZH,4562.93,Weekly,2025-09-15,2025-09-21,KG,2.654,2.654
PEAR_FAMILY,ONLINE,NL-ZH,4807.26,Weekly,2025-09-22,2025-09-28,KG,2.658,2.658
PEAR_FAMILY,ONLINE,NL-ZH,4091.14,Weekly,2025-09-29,2025-10-05,KG,2.692,2.692
PEAR_FAMILY,ONLINE,NL-ZH,4597.71,Weekly,2025-10-06,2025-10-12,KG,2.718,2.718
PEAR_FAMILY,ONLINE,NL-ZH,4632.74,Weekly,2025-10-13,2025-10-19,KG,2.706,2.706
PEAR_FAMILY,ONLINE,NL-ZH,3908.79,Weekly,2025-10-20,2025-10-26,KG,2.697,2.697
PEAR_FAMILY,ONLINE,NL-ZH,4125.12,Weekly,2025-10-27,2025-11-02,KG,2.86,2.86
PEAR_FAMILY,ONLINE,NL-ZH,4938.31,Weekly,2025-11-03,2025-11-09,KG,3.326,3.326
PEAR_FAMILY,ONLINE,NL-ZH,4165.75,Weekly,2025-11-10,2025-11-16,KG,3.336,3.336
PEAR_FAMILY,ONLINE,NL-ZH,3796.57,Weekly,2025-11-17,2025-11-23,KG,3.35,3.35
PEAR_FAMILY,ONLINE,NL-ZH,4431.03,Weekly,2025-11-24,2025-11-30,KG,3.356,3.356
PEAR_FAMILY,ONLINE,NL-ZH,4253.66,Weekly,2025-12-01,2025-12-07,KG,3.324,3.324
PEAR_FAMILY,ONLINE,NL-ZH,4333.45,Weekly,2025-12-08,2025-12-14,KG,3.305,3.305
PEAR_FAMILY,ONLINE,NL-ZH,4536.11,Weekly,2025-12-15,2025-12-21,KG,3.335,3.335
PEAR_FAMILY,ONLINE,NL-ZH,4140.46,Weekly,2025-12-22,2025-12-28,KG,3.349,3.349
PEAR_FAMILY,ONLINE,NL-ZH,3603.17,Weekly,2025-12-29,2026-01-04,KG,3.362,3.362
PEAR_FAMILY,ONLINE,NL-ZH,3241.86,Weekly,2026-01-05,2026-01-11,KG,3.374,3.374
PEAR_FAMILY,ONLINE,NL-ZH,3795.4500000000003,Weekly,2026-01-12,2026-01-18,KG,3.361,3.361
PEAR_FAMILY,ONLINE,NL-ZH,4082.31,Weekly,2026-01-19,2026-01-25,KG,3.347,3.347
PEAR_FAMILY,ONLINE,NL-ZH,3513.68,Weekly,2026-01-26,2026-02-01,KG,3.34,3.34
