Data/History_221_Weekly.csv
ProductID,ChannelID,LocationID,Qty,Period,StartDate,EndDate,UOM,NetPrice,ListPrice
PEAR_FAMILY,RETAIL,NL-GE,4036.4,Weekly,2023-01-30,2023-02-05,KG,3.023,3.023
PEAR_FAMILY,RETAIL,NL-GE,7837.7,Weekly,2023-02-06,2023-02-12,KG,2.772,3.069
PEAR_FAMILY,RETAIL,NL-GE,7058.89,Weekly,2023-02-13,2023-02-19,KG,2.8,3.044
PEAR_FAMILY,RETAIL,NL-GE,6284.05,Weekly,2023-02-20,2023-02-26,KG,3.051,3.052
PEAR_FAMILY,RETAIL,NL-GE,6339.26,Weekly,2023-02-27,2023-03-05,KG,3.107,3.107
PEAR_FAMILY,RETAIL,NL-GE,4914.15,Weekly,2023-03-06,2023-03-12,KG,3.024,3.024
PEAR_FAMILY,RETAIL,NL-GE,6118.530000000001,Weekly,2023-03-13,2023-03-19,KG,3.023,3.023
PEAR_FAMILY,RETAIL,NL-GE,4706.54,Weekly,2023-03-20,2023-03-26,KG,3.061,3.061
PEAR_FAMILY,RETAIL,NL-GE,4992.03,Weekly,2023-03-27,2023-04-02,KG,3.069,3.069
PEAR_FAMILY,RETAIL,NL-GE,5524.59,Weekly,2023-04-03,2023-04-09,KG,3.055,3.055
PEAR_FAMILY,RETAIL,NL-GE,5205.34,Weekly,2023-04-10,2023-04-16,KG,3.076,3.076
PEAR_FAMILY,RETAIL,NL-GE,5307.6,Weekly,2023-04-17,2023-04-23,KG,3.042,3.042
PEAR_FAMILY,RETAIL,NL-GE,5330.9,Weekly,2023-04-24,2023-04-30,KG,3.011,3.011
PEAR_FAMILY,RETAIL,NL-GE,5378.38,Weekly,2023-05-01,2023-05-07,KG,3.087,3.087
PEAR_FAMILY,RETAIL,NL-GE,4906.360000000001,Weekly,2023-05-08,2023-05-14,KG,3.042,3.042
PEAR_FAMILY,RETAIL,NL-GE,5899.39,Weekly,2023-05-15,2023-05-21,KG,3.08,3.08
PEAR_FAMILY,RETAIL,NL-GE,6088.33,Weekly,2023-05-22,2023-05-28,KG,3.1,3.1
PEAR_FAMILY,RETAIL,NL-GE,6023.78,Weekly,2023-05-29,2023-06-04,KG,3.096,3.096
PEAR_FAMILY,RETAIL,NL-GE,6220.99,Weekly,2023-06-05,2023-06-11,KG,3.035,3.035
PEAR_FAMILY,RETAIL,NL-GE,5852.49,Weekly,2023-06-12,2023-06-18,KG,3.058,3.058
PEAR_FAMILY,RETAIL,NL-GE,5866.98,Weekly,2023-06-19,2023-06-25,KG,3.07,3.07
PEAR_FAMILY,RETAIL,NL-GE,5684.96,Weekly,2023-06-26,2023-07-02,KG,3.052,3.052
PEAR_FAMILY,RETAIL,NL-GE,6393.38,Weekly,2023-07-03,2023-07-09,KG,3.056,3.056
PEAR_FAMILY,RETAIL,NL-GE,7339.09,Weekly,2023-07-10,2023-07-16,KG,2.922,3.076
PEAR_FAMILY,RETAIL,NL-GE,6459.59,Weekly,2023-07-17,2023-07-23,KG,2.963,3.029
PEAR_FAMILY,RETAIL,NL-GE,5709.86,Weekly,2023-07-24,2023-07-30,KG,3.048,3.048
PEAR_FAMILY,RETAIL,NL-GE,5135.22,Weekly,2023-07-31,2023-08-06,KG,2.482,2.482
PEAR_FAMILY,RETAIL,NL-GE,7327.71,Weekly,2023-08-07,2023-08-13,KG,2.464,2.464
PEAR_FAMILY,RETAIL,NL-GE,7415.39,Weekly,2023-08-14,2023-08-20,KG,2.443,2.443
PEAR_FAMILY,RETAIL,NL-GE,7563.96,Weekly,2023-08-21,2023-08-27,KG,2.489,2.489
PEAR_FAMILY,RETAIL,NL-GE,7946.3099999999995,Weekly,2023-08-28,2023-09-03,KG,2.451,2.451
PEAR_FAMILY,RETAIL,NL-GE,8863.96,Weekly,2023-09-04,2023-09-10,KG,2.477,2.477
PEAR_FAMILY,RETAIL,NL-GE,8181.139999999999,Weekly,2023-09-11,2023-09-17,KG,2.44,2.44
PEAR_FAMILY,RETAIL,NL-GE,7944.35,Weekly,2023-09-18,2023-09-24,KG,2.443,2.443
PEAR_FAMILY,RETAIL,NL-GE,9196.1,Weekly,2023-09-25,2023-10-01,KG,2.473,2.473
PEAR_FAMILY,RETAIL,NL-GE,8897.01,Weekly,2023-10-02,2023-10-08,KG,2.447,2.447
PEAR_FAMILY,RETAIL,NL-GE,7295.45,Weekly,2023-10-09,2023-10-15,KG,2.478,2.478
PEAR_FAMILY,RETAIL,NL-GE,7304.76,Weekly,2023-10-16,2023-10-22,KG,2.439,2.439
PEAR_FAMILY,RETAIL,NL-GE,6667.6900000000005,Weekly,2023-10-23,2023-10-29,KG,2.473,2.473
PEAR_FAMILY,RETAIL,NL-GE,7290.400000000001,Weekly,2023-10-30,2023-11-05,KG,2.845,2.845
PEAR_FAMILY,RETAIL,NL-GE,7646.67,Weekly,2023-11-06,2023-11-12,KG,3.073,3.073
PEAR_FAMILY,RETAIL,NL-GE,7255.3,Weekly,2023-11-13,2023-11-19,KG,3.036,3.036
PEAR_FAMILY,RETAIL,NL-GE,7445.96,Weekly,2023-11-20,2023-11-26,KG,3.067,3.067
PEAR_FAMILY,RETAIL,NL-GE,6847.27,Weekly,2023-11-27,2023-12-03,KG,3.065,3.065
PEAR_FAMILY,RETAIL,NL-GE,6817.83,Weekly,2023-12-04,2023-12-10,KG,3.031,3.031
PEAR_FAMILY,RETAIL,NL-GE,7455.6900000000005,Weekly,2023-12-11,2023-12-17,KG,3.009,3.009
PEAR_FAMILY,RETAIL,NL-GE,6104.4,Weekly,2023-12-18,2023-12-24,KG,3.038,3.038
PEAR_FAMILY,RETAIL,NL-GE,6511.29,Weekly,2023-12-25,2023-12-31,KG,3.086,3.086
PEAR_FAMILY,RETAIL,NL-GE,6367.63,Weekly,2024-01-01,2024-01-07,KG,3.061,3.061
PEAR_FAMILY,RETAIL,NL-GE,6475.82,Weekly,2024-01-08,2024-01-14,KG,3.05,3.05
PEAR_FAMILY,RETAIL,NL-GE,6973.49,Weekly,2024-01-15,2024-01-21,KG,3.077,3.077
PEAR_FAMILY,RETAIL,NL-GE,6360.01,Weekly,2024-01-22,2024-01-28,KG,3.069,3.069
PEAR_FAMILY,RETAIL,NL-GE,6459.29,Weekly,2024-01-29,2024-02-04,KG,3.015,3.015
PEAR_FAMILY,RETAIL,NL-GE,5546.64,Weekly,2024-02-05,2024-02-11,KG,3.092,3.092
PEAR_FAMILY,RETAIL,NL-GE,6187.85,Weekly,2024-02-12,2024-02-18,KG,3.055,3.055
PEAR_FAMILY,RETAIL,NL-GE,5910.63,Weekly,2024-02-19,2024-02-25,KG,3.053,3.053
PEAR_FAMILY,RETAIL,NL-GE,6202.09,Weekly,2024-02-26,2024-03-03,KG,3.072,3.072
PEAR_FAMILY,RETAIL,NL-GE,6581.77,Weekly,2024-03-04,2024-03-10,KG,3.08,3.08
PEAR_FAMILY,RETAIL,NL-GE,5842.09,Weekly,2024-03-11,2024-03-17,KG,3.014,3.014
PEAR_FAMILY,RETAIL,NL-GE,5488.5,Weekly,2024-03-18,2024-03-24,KG,3.07,3.07
PEAR_FAMILY,RETAIL,NL-GE,5748.66,Weekly,2024-03-25,2024-03-31,KG,3.091,3.091
PEAR_FAMILY,RETAIL,NL-GE,5445.54,Weekly,2024-04-01,2024-04-07,KG,3.034,3.034
PEAR_FAMILY,RETAIL,NL-GE,5938.87,Weekly,2024-04-08,2024-04-14,KG,3.018,3.059
PEAR_FAMILY,RETAIL,NL-GE,4539.59,Weekly,2024-04-15,2024-04-21,KG,3.048,3.094
PEAR_FAMILY,RETAIL,NL-GE,5242.99,Weekly,2024-04-22,2024-04-28,KG,3.08,3.08
PEAR_FAMILY,RETAIL,NL-GE,5353.53,Weekly,2024-04-29,2024-05-05,KG,3.069,3.069
PEAR_FAMILY,RETAIL,NL-GE,5728.44,Weekly,2024-05-06,2024-05-12,KG,3.061,3.061
PEAR_FAMILY,RETAIL,NL-GE,5484.55,Weekly,2024-05-13,2024-05-19,KG,3.102,3.102
PEAR_FAMILY,RETAIL,NL-GE,4924.05,Weekly,2024-05-20,2024-05-26,KG,3.057,3.057
PEAR_FAMILY,RETAIL,NL-GE,5068.53,Weekly,2024-05-27,2024-06-02,KG,3.077,3.077
PEAR_FAMILY,RETAIL,NL-GE,5776.1,Weekly,2024-06-03,2024-06-09,KG,3.042,3.042
PEAR_FAMILY,RETAIL,NL-GE,4890.82,Weekly,2024-06-10,2024-06-16,KG,3.042,3.042
PEAR_FAMILY,RETAIL,NL-GE,5452.12,Weekly,2024-06-17,2024-06-23,KG,3.033,3.033
PEAR_FAMILY,RETAIL,NL-GE,6032.97,Weekly,2024-06-24,2024-06-30,KG,3.012,3.012
PEAR_FAMILY,RETAIL,NL-GE,5686.78,Weekly,2024-07-01,2024-07-07,KG,3.038,3.038
PEAR_FAMILY,RETAIL,NL-GE,5824.29,Weekly,2024-07-08,2024-07-14,KG,3.048,3.048
PEAR_FAMILY,RETAIL,NL-GE,6465.57,Weekly,2024-07-15,2024-07-21,KG,3.059,3.059
PEAR_FAMILY,RETAIL,NL-GE,6635.96,Weekly,2024-07-22,2024-07-28,KG,3.083,3.083
PEAR_FAMILY,RETAIL,NL-GE,6797.75,Weekly,2024-07-29,2024-08-04,KG,2.71,2.71
PEAR_FAMILY,RETAIL,NL-GE,7309.78,Weekly,2024-08-05,2024-08-11,KG,2.464,2.464
PEAR_FAMILY,RETAIL,NL-GE,6972.09,Weekly,2024-08-12,2024-08-18,KG,2.431,2.431
PEAR_FAMILY,RETAIL,NL-GE,7515.9,Weekly,2024-08-19,2024-08-25,KG,2.485,2.485
PEAR_FAMILY,RETAIL,NL-GE,7997.22,Weekly,2024-08-26,2024-09-01,KG,2.455,2.455
PEAR_FAMILY,RETAIL,NL-GE,7964.469999999999,Weekly,2024-09-02,2024-09-08,KG,2.444,2.444
PEAR_FAMILY,RETAIL,NL-GE,7561.89,Weekly,2024-09-09,2024-09-15,KG,2.443,2.443
PEAR_FAMILY,RETAIL,NL-GE,9480.98,Weekly,2024-09-16,2024-09-22,KG,2.457,2.457
PEAR_FAMILY,RETAIL,NL-GE,7528.59,Weekly,2024-09-23,2024-09-29,KG,2.462,2.462
PEAR_FAMILY,RETAIL,NL-GE,7858.63,Weekly,2024-09-30,2024-10-06,KG,2.493,2.493
PEAR_FAMILY,RETAIL,NL-GE,7478.95,Weekly,2024-10-07,2024-10-13,KG,2.442,2.442
PEAR_FAMILY,RETAIL,NL-GE,8450.29,Weekly,2024-10-14,2024-10-20,KG,2.443,2.443
PEAR_FAMILY,RETAIL,NL-GE,8544.81,Weekly,2024-10-21,2024-10-27,KG,2.426,2.426
PEAR_FAMILY,RETAIL,NL-GE,8331.2,Weekly,2024-10-28,2024-11-03,KG,2.74,2.74
PEAR_FAMILY,RETAIL,NL-GE,7969.4400000000005,Weekly,2024-11-04,2024-11-10,KG,3.056,3.056
PEAR_FAMILY,RETAIL,NL-GE,7680.38,Weekly,2024-11-11,2024-11-17,KG,3.086,3.086
PEAR_FAMILY,RETAIL,NL-GE,6786.04,Weekly,2024-11-18,2024-11-24,KG,3.062,3.062
PEAR_FAMILY,RETAIL,NL-GE,7470.17,Weekly,2024-11-25,2024-12-01,KG,3.047,3.047
PEAR_FAMILY,RETAIL,NL-GE,7551.7,Weekly,2024-12-02,2024-12-08,KG,2.865,3.041
PEAR_FAMILY,RETAIL,NL-GE,10053.69,Weekly,2024-12-09,2024-12-15,KG,2.393,3.052
PEAR_FAMILY,RETAIL,NL-GE,7328.44,Weekly,2024-12-16,2024-12-22,KG,3.066,3.088
PEAR_FAMILY,RETAIL,NL-GE,7038.72,Weekly,2024-12-23,2024-12-29,KG,3.043,3.051
PEAR_FAMILY,RETAIL,NL-GE,6526.86,Weekly,2024-12-30,2025-01-05,KG,3.048,3.048
PEAR_FAMILY,RETAIL,NL-GE,6877.4800000000005,Weekly,2025-01-06,2025-01-12,KG,3.043,3.043
PEAR_FAMILY,RETAIL,NL-GE,6909.6,Weekly,2025-01-13,2025-01-19,KG,3.035,3.035
PEAR_FAMILY,RETAIL,NL-GE,5989.35,Weekly,2025-01-20,2025-01-26,KG,3.049,3.049
PEAR_FAMILY,RETAIL,NL-GE,6571.92,Weekly,2025-01-27,2025-02-02,KG,3.064,3.064
PEAR_FAMILY,RETAIL,NL-GE,6602.39,Weekly,2025-02-03,2025-02-09,KG,3.034,3.034
PEAR_FAMILY,RETAIL,NL-GE,5759.0,Weekly,2025-02-10,2025-02-16,KG,3.036,3.036
PEAR_FAMILY,RETAIL,NL-GE,6541.4400000000005,Weekly,2025-02-17,2025-02-23,KG,3.064,3.064
PEAR_FAMILY,RETAIL,NL-GE,5774.65,Weekly,2025-02-24,2025-03-02,KG,3.085,3.085
PEAR_FAMILY,RETAIL,NL-GE,7121.54,Weekly,2025-03-03,2025-03-09,KG,3.098,3.098
PEAR_FAMILY,RETAIL,NL-GE,5987.75,Weekly,2025-03-10,2025-03-16,KG,3.082,3.082
PEAR_FAMILY,RETAIL,NL-GE,6864.61,Weekly,2025-03-17,2025-03-23,KG,3.063,3.063
PEAR_FAMILY,RETAIL,NL-GE,6019.72,Weekly,2025-03-24,2025-03-30,KG,3.094,3.094
PEAR_FAMILY,RETAIL,NL-GE,6478.76,Weekly,2025-03-31,2025-04-06,KG,3.064,3.064
PEAR_FAMILY,RETAIL,NL-GE,6242.240000000001,Weekly,2025-04-07,2025-04-13,KG,3.045,3.045
PEAR_FAMILY,RETAIL,NL-GE,5315.53,Weekly,2025-04-14,2025-04-20,KG,3.026,3.026
PEAR_FAMILY,RETAIL,NL-GE,5657.03,Weekly,2025-04-21,2025-04-27,KG,3.058,3.058
PEAR_FAMILY,RETAIL,NL-GE,6055.42,Weekly,2025-04-28,2025-05-04,KG,3.023,3.023
PEAR_FAMILY,RETAIL,NL-GE,5857.070000000001,Weekly,2025-05-05,2025-05-11,KG,3.051,3.051
PEAR_FAMILY,RETAIL,NL-GE,6028.92,Weekly,2025-05-12,2025-05-18,KG,3.04,3.04
PEAR_FAMILY,RETAIL,NL-GE,5642.17,Weekly,2025-05-19,2025-05-25,KG,3.097,3.097
PEAR_FAMILY,RETAIL,NL-GE,5158.15,Weekly,2025-05-26,2025-06-01,KG,3.014,3.014
PEAR_FAMILY,RETAIL,NL-GE,4784.47,Weekly,2025-06-02,2025-06-08,KG,3.098,3.098
PEAR_FAMILY,RETAIL,NL-GE,5955.26,Weekly,2025-06-09,2025-06-15,KG,3.065,3.065
PEAR_FAMILY,RETAIL,NL-GE,6355.62,Weekly,2025-06-16,2025-06-22,KG,3.049,3.049
PEAR_FAMILY,RETAIL,NL-GE,5752.27,Weekly,2025-06-23,2025-06-29,KG,3.055,3.055
PEAR_FAMILY,RETAIL,NL-GE,5849.93,Weekly,2025-06-30,2025-07-06,KG,3.092,3.092
PEAR_FAMILY,RETAIL,NL-GE,6613.73,Weekly,2025-07-07,2025-07-13,KG,3.044,3.044
PEAR_FAMILY,RETAIL,NL-GE,6497.42,Weekly,2025-07-14,2025-07-20,KG,3.065,3.065
PEAR_FAMILY,RETAIL,NL-GE,6867.65,Weekly,2025-07-21,2025-07-27,KG,3.053,3.053
PEAR_FAMILY,RETAIL,NL-GE,8620.42,Weekly,2025-07-28,2025-08-03,KG,2.272,2.817
PEAR_FAMILY,RETAIL,NL-GE,9596.21,Weekly,2025-08-04,2025-08-10,KG,2.004,2.456
PEAR_FAMILY,RETAIL,NL-GE,7500.139999999999,Weekly,2025-08-11,2025-08-17,KG,2.463,2.463
PEAR_FAMILY,RETAIL,NL-GE,7884.64,Weekly,2025-08-18,2025-08-24,KG,2.446,2.446
PEAR_FAMILY,RETAIL,NL-GE,7950.08,Weekly,2025-08-25,2025-08-31,KG,2.47,2.47
PEAR_FAMILY,RETAIL,NL-GE,8068.86,Weekly,2025-09-01,2025-09-07,KG,2.449,2.449
PEAR_FAMILY,RETAIL,NL-GE,7540.77,Weekly,2025-09-08,2025-09-14,KG,2.462,2.462
PEAR_FAMILY,RETAIL,NL-GE,7827.24,Weekly,2025-09-15,2025-09-21,KG,2.454,2.454
PEAR_FAMILY,RETAIL,NL-GE,8724.56,Weekly,2025-09-22,2025-09-28,KG,2.452,2.452
PEAR_FAMILY,RETAIL,NL-GE,7730.97,Weekly,2025-09-29,2025-10-05,KG,2.454,2.454
PEAR_FAMILY,RETAIL,NL-GE,8103.8,Weekly,2025-10-06,2025-10-12,KG,2.437,2.437
PEAR_FAMILY,RETAIL,NL-GE,8292.87,Weekly,2025-10-13,2025-10-19,KG,2.473,2.473
PEAR_FAMILY,RETAIL,NL-GE,7250.94,Weekly,2025-10-20,2025-10-26,KG,2.449,2.449
PEAR_FAMILY,RETAIL,NL-GE,7314.23,Weekly,2025-10-27,2025-11-02,KG,2.627,2.627
PEAR_FAMILY,RETAIL,NL-GE,8967.46,Weekly,2025-11-03,2025-11-09,KG,3.043,3.043
PEAR_FAMILY,RETAIL,NL-GE,7313.9800000000005,Weekly,2025-11-10,2025-11-16,KG,3.034,3.034
PEAR_FAMILY,RETAIL,NL-GE,7522.2,Weekly,2025-11-17,2025-11-23,KG,3.074,3.074
PEAR_FAMILY,RETAIL,NL-GE,7409.26,Weekly,2025-11-24,2025-11-30,KG,3.064,3.064
PEAR_FAMILY,RETAIL,NL-GE,6840.17,Weekly,2025-12-01,2025-12-07,KG,3.047,3.047
PEAR_FAMILY,RETAIL,NL-GE,7701.13,Weekly,2025-12-08,2025-12-14,KG,3.091,3.091
PEAR_FAMILY,RETAIL,NL-GE,7712.32,Weekly,2025-12-15,2025-12-21,KG,3.055,3.055
PEAR_FAMILY,RETAIL,NL-GE,7526.15,Weekly,2025-12-22,2025-12-28,KG,3.038,3.038
PEAR_FAMILY,RETAIL,NL-GE,6606.63,Weekly,2025-12-29,2026-01-04,KG,3.026,3.026
PEAR_FAMILY,RETAIL,NL-GE,5976.49,Weekly,2026-01-05,2026-01-11,KG,3.034,3.034
PEAR_FAMILY,RETAIL,NL-GE,7415.43,Weekly,2026-01-12,2026-01-18,KG,3.028,3.028
PEAR_FAMILY,RETAIL,NL-GE,6929.66,Weekly,2026-01-19,2026-01-25,KG,3.038,3.038
PEAR_FAMILY,RETAIL,NL-GE,6370.32,Weekly,2026-01-26,2026-02-01,KG,3.001,3.001
