Data/History_221_Weekly.csv
ProductID,ChannelID,LocationID,Qty,Period,StartDate,EndDate,UOM,NetPrice,ListPrice
PEAR_FAMILY,RETAIL,NL-NB,4167.64,Weekly,2023-01-30,2023-02-05,KG,3.144,3.144
PEAR_FAMILY,RETAIL,NL-NB,6656.9,Weekly,2023-02-06,2023-02-12,KG,3.121,3.121
PEAR_FAMILY,RETAIL,NL-NB,6804.69,Weekly,2023-02-13,2023-02-19,KG,3.179,3.179
PEAR_FAMILY,RETAIL,NL-NB,6249.74,Weekly,2023-02-20,2023-02-26,KG,3.156,3.156
PEAR_FAMILY,RETAIL,NL-NB,6036.78,Weekly,2023-02-27,2023-03-05,KG,3.124,3.124
PEAR_FAMILY,RETAIL,NL-NB,4959.99,Weekly,2023-03-06,2023-03-12,KG,3.135,3.135
PEAR_FAMILY,RETAIL,NL-NB,6355.65,Weekly,2023-03-13,2023-03-19,KG,3.193,3.193
PEAR_FAMILY,RETAIL,NL-NB,5194.91,Weekly,2023-03-20,2023-03-26,KG,3.158,3.158
PEAR_FAMILY,RETAIL,NL-NB,5264.55,Weekly,2023-03-27,2023-04-02,KG,3.15,3.15
PEAR_FAMILY,RETAIL,NL-NB,5795.99,Weekly,2023-04-03,2023-04-09,KG,3.19,3.19
PEAR_FAMILY,RETAIL,NL-NB,5203.45,Weekly,2023-04-10,2023-04-16,KG,3.16,3.16
PEAR_FAMILY,RETAIL,NL-NB,5434.66,Weekly,2023-04-17,2023-04-23,KG,3.154,3.154
PEAR_FAMILY,RETAIL,NL-NB,5078.23,Weekly,2023-04-24,2023-04-30,KG,3.142,3.142
PEAR_FAMILY,RETAIL,NL-NB,5563.97,Weekly,2023-05-01,2023-05-07,KG,3.147,3.147
PEAR_FAMILY,RETAIL,NL-NB,5173.92,Weekly,2023-05-08,2023-05-14,KG,3.154,3.154
PEAR_FAMILY,RETAIL,NL-NB,5930.1,Weekly,2023-05-15,2023-05-21,KG,3.148,3.148
PEAR_FAMILY,RETAIL,NL-NB,6111.87,Weekly,2023-05-22,2023-05-28,KG,3.142,3.142
PEAR_FAMILY,RETAIL,NL-NB,6082.18,Weekly,2023-05-29,2023-06-04,KG,3.142,3.142
PEAR_FAMILY,RETAIL,NL-NB,6263.25,Weekly,2023-06-05,2023-06-11,KG,3.114,3.114
PEAR_FAMILY,RETAIL,NL-NB,6236.42,Weekly,2023-06-12,2023-06-18,KG,3.159,3.159
PEAR_FAMILY,RETAIL,NL-NB,5768.68,Weekly,2023-06-19,2023-06-25,KG,3.112,3.112
PEAR_FAMILY,RETAIL,NL-NB,6174.83,Weekly,2023-06-26,2023-07-02,KG,3.169,3.169
PEAR_FAMILY,RETAIL,NL-NB,6211.66,Weekly,2023-07-03,2023-07-09,KG,3.182,3.182
PEAR_FAMILY,RETAIL,NL-NB,7040.83,Weekly,2023-07-10,2023-07-16,KG,3.147,3.147
PEAR_FAMILY,RETAIL,NL-NB,6794.13,Weekly,2023-07-17,2023-07-23,KG,3.184,3.184
PEAR_FAMILY,RETAIL,NL-NB,5946.62,Weekly,2023-07-24,2023-07-30,KG,3.167,3.167
PEAR_FAMILY,RETAIL,NL-NB,5318.38,Weekly,2023-07-31,2023-08-06,KG,2.588,2.588
PEAR_FAMILY,RETAIL,NL-NB,7422.31,Weekly,2023-08-07,2023-08-13,KG,2.544,2.544
PEAR_FAMILY,RETAIL,NL-NB,8264.18,Weekly,2023-08-14,2023-08-20,KG,2.523,2.523
PEAR_FAMILY,RETAIL,NL-NB,7841.53,Weekly,2023-08-21,2023-08-27,KG,2.554,2.554
PEAR_FAMILY,RETAIL,NL-NB,7801.86,Weekly,2023-08-28,2023-09-03,KG,2.544,2.544
PEAR_FAMILY,RETAIL,NL-NB,9334.85,Weekly,2023-09-04,2023-09-10,KG,2.57,2.57
PEAR_FAMILY,RETAIL,NL-NB,8662.68,Weekly,2023-09-11,2023-09-17,KG,2.559,2.559
PEAR_FAMILY,RETAIL,NL-NB,8458.85,Weekly,2023-09-18,2023-09-24,KG,2.484,2.484
PEAR_FAMILY,RETAIL,NL-NB,9351.88,Weekly,2023-09-25,2023-10-01,KG,2.518,2.518
PEAR_FAMILY,RETAIL,NL-NB,9133.11,Weekly,2023-10-02,2023-10-08,KG,2.521,2.521
PEAR_FAMILY,RETAIL,NL-NB,8002.110000000001,Weekly,2023-10-09,2023-10-15,KG,2.488,2.488
PEAR_FAMILY,RETAIL,NL-NB,7796.89,Weekly,2023-10-16,2023-10-22,KG,2.546,2.546
PEAR_FAMILY,RETAIL,NL-NB,7582.139999999999,Weekly,2023-10-23,2023-10-29,KG,2.508,2.508
PEAR_FAMILY,RETAIL,NL-NB,7542.5,Weekly,2023-10-30,2023-11-05,KG,2.989,2.989
PEAR_FAMILY,RETAIL,NL-NB,7969.42,Weekly,2023-11-06,2023-11-12,KG,3.133,3.133
PEAR_FAMILY,RETAIL,NL-NB,7101.49,Weekly,2023-11-13,2023-11-19,KG,3.173,3.173
PEAR_FAMILY,RETAIL,NL-NB,7943.78,Weekly,2023-11-20,2023-11-26,KG,3.151,3.151
PEAR_FAMILY,RETAIL,NL-NB,7063.45,Weekly,2023-11-27,2023-12-03,KG,3.175,3.175
PEAR_FAMILY,RETAIL,NL-NB,7513.36,Weekly,2023-12-04,2023-12-10,KG,3.137,3.137
PEAR_FAMILY,RETAIL,NL-NB,7765.52,Weekly,2023-12-11,2023-12-17,KG,3.154,3.154
PEAR_FAMILY,RETAIL,NL-NB,6394.07,Weekly,2023-12-18,2023-12-24,KG,3.099,3.099
PEAR_FAMILY,RETAIL,NL-NB,7223.68,Weekly,2023-12-25,2023-12-31,KG,3.159,3.159
PEAR_FAMILY,RETAIL,NL-NB,6543.4,Weekly,2024-01-01,2024-01-07,KG,3.106,3.106
PEAR_FAMILY,RETAIL,NL-NB,7140.39,Weekly,2024-01-08,2024-01-14,KG,3.135,3.135
PEAR_FAMILY,RETAIL,NL-NB,6875.58,Weekly,2024-01-15,2024-01-21,KG,3.146,3.146
PEAR_FAMILY,RETAIL,NL-NB,7138.27,Weekly,2024-01-22,2024-01-28,KG,3.131,3.131
PEAR_FAMILY,RETAIL,NL-NB,7030.61,Weekly,2024-01-29,2024-02-04,KG,3.141,3.141
PEAR_FAMILY,RETAIL,NL-NB,6222.389999999999,Weekly,2024-02-05,2024-02-11,KG,3.139,3.139
PEAR_FAMILY,RETAIL,NL-NB,6385.04,Weekly,2024-02-12,2024-02-18,KG,3.113,3.113
PEAR_FAMILY,RETAIL,NL-NB,6280.55,Weekly,2024-02-19,2024-02-25,KG,3.131,3.131
PEAR_FAMILY,RETAIL,NL-NB,6167.46,Weekly,2024-02-26,2024-03-03,KG,3.166,3.166
PEAR_FAMILY,RETAIL,NL-NB,6601.4400000000005,Weekly,2024-03-04,2024-03-10,KG,3.152,3.152
PEAR_FAMILY,RETAIL,NL-NB,5792.43,Weekly,2024-03-11,2024-03-17,KG,3.139,3.139
PEAR_FAMILY,RETAIL,NL-NB,5823.25,Weekly,2024-03-18,2024-03-24,KG,3.18,3.18
PEAR_FAMILY,RETAIL,NL-NB,5873.0,Weekly,2024-03-25,2024-03-31,KG,3.182,3.182
PEAR_FAMILY,RETAIL,NL-NB,5549.53,Weekly,2024-04-01,2024-04-07,KG,3.16,3.167
PEAR_FAMILY,RETAIL,NL-NB,6107.07,Weekly,2024-04-08,2024-04-14,KG,3.154,3.171
PEAR_FAMILY,RETAIL,NL-NB,4532.39,Weekly,2024-04-15,2024-04-21,KG,3.155,3.164
PEAR_FAMILY,RETAIL,NL-NB,5245.53,Weekly,2024-04-22,2024-04-28,KG,3.138,3.138
PEAR_FAMILY,RETAIL,NL-NB,5524.07,Weekly,2024-04-29,2024-05-05,KG,3.111,3.111
PEAR_FAMILY,RETAIL,NL-NB,5571.45,Weekly,2024-05-06,2024-05-12,KG,3.191,3.191
PEAR_FAMILY,RETAIL,NL-NB,5171.35,Weekly,2024-05-13,2024-05-19,KG,3.148,3.148
PEAR_FAMILY,RETAIL,NL-NB,4969.64,Weekly,2024-05-20,2024-05-26,KG,3.206,3.206
PEAR_FAMILY,RETAIL,NL-NB,5173.67,Weekly,2024-05-27,2024-06-02,KG,3.126,3.126
PEAR_FAMILY,RETAIL,NL-NB,5929.57,Weekly,2024-06-03,2024-06-09,KG,3.135,3.135
PEAR_FAMILY,RETAIL,NL-NB,5165.03,Weekly,2024-06-10,2024-06-16,KG,3.143,3.143
PEAR_FAMILY,RETAIL,NL-NB,5680.76,Weekly,2024-06-17,2024-06-23,KG,3.138,3.138
PEAR_FAMILY,RETAIL,NL-NB,6151.92,Weekly,2024-06-24,2024-06-30,KG,3.131,3.131
PEAR_FAMILY,RETAIL,NL-NB,5949.7300000000005,Weekly,2024-07-01,2024-07-07,KG,3.105,3.105
PEAR_FAMILY,RETAIL,NL-NB,6034.51,Weekly,2024-07-08,2024-07-14,KG,3.146,3.146
PEAR_FAMILY,RETAIL,NL-NB,7200.47,Weekly,2024-07-15,2024-07-21,KG,3.141,3.141
PEAR_FAMILY,RETAIL,NL-NB,6651.74,Weekly,2024-07-22,2024-07-28,KG,3.133,3.133
PEAR_FAMILY,RETAIL,NL-NB,6983.48,Weekly,2024-07-29,2024-08-04,KG,2.767,2.767
PEAR_FAMILY,RETAIL,NL-NB,7678.26,Weekly,2024-08-05,2024-08-11,KG,2.521,2.521
PEAR_FAMILY,RETAIL,NL-NB,7161.3099999999995,Weekly,2024-08-12,2024-08-18,KG,2.54,2.54
PEAR_FAMILY,RETAIL,NL-NB,8283.44,Weekly,2024-08-19,2024-08-25,KG,2.415,2.533
PEAR_FAMILY,RETAIL,NL-NB,11280.98,Weekly,2024-08-26,2024-09-01,KG,2.077,2.518
PEAR_FAMILY,RETAIL,NL-NB,7945.86,Weekly,2024-09-02,2024-09-08,KG,2.542,2.542
PEAR_FAMILY,RETAIL,NL-NB,7843.0599999999995,Weekly,2024-09-09,2024-09-15,KG,2.534,2.534
PEAR_FAMILY,RETAIL,NL-NB,9527.53,Weekly,2024-09-16,2024-09-22,KG,2.51,2.51
PEAR_FAMILY,RETAIL,NL-NB,7862.66,Weekly,2024-09-23,2024-09-29,KG,2.533,2.533
PEAR_FAMILY,RETAIL,NL-NB,8455.77,Weekly,2024-09-30,2024-10-06,KG,2.534,2.534
PEAR_FAMILY,RETAIL,NL-NB,8061.07,Weekly,2024-10-07,2024-10-13,KG,2.531,2.531
PEAR_FAMILY,RETAIL,NL-NB,7955.25,Weekly,2024-10-14,2024-10-20,KG,2.534,2.534
PEAR_FAMILY,RETAIL,NL-NB,8411.83,Weekly,2024-10-21,2024-10-27,KG,2.541,2.541
PEAR_FAMILY,RETAIL,NL-NB,8376.76,Weekly,2024-10-28,2024-11-03,KG,2.803,2.803
PEAR_FAMILY,RETAIL,NL-NB,8093.26,Weekly,2024-11-04,2024-11-10,KG,3.157,3.157
PEAR_FAMILY,RETAIL,NL-NB,7968.26,Weekly,2024-11-11,2024-11-17,KG,3.124,3.124
PEAR_FAMILY,RETAIL,NL-NB,6756.82,Weekly,2024-11-18,2024-11-24,KG,3.161,3.161
PEAR_FAMILY,RETAIL,NL-NB,7834.33,Weekly,2024-11-25,2024-12-01,KG,3.156,3.156
PEAR_FAMILY,RETAIL,NL-NB,7266.85,Weekly,2024-12-02,2024-12-08,KG,3.171,3.171
PEAR_FAMILY,RETAIL,NL-NB,7479.58,Weekly,2024-12-09,2024-12-15,KG,3.14,3.14
PEAR_FAMILY,RETAIL,NL-NB,7107.93,Weekly,2024-12-16,2024-12-22,KG,3.164,3.164
PEAR_FAMILY,RETAIL,NL-NB,7342.4400000000005,Weekly,2024-12-23,2024-12-29,KG,3.159,3.159
PEAR_FAMILY,RETAIL,NL-NB,6581.21,Weekly,2024-12-30,2025-01-05,KG,3.18,3.18
PEAR_FAMILY,RETAIL,NL-NB,6790.55,Weekly,2025-01-06,2025-01-12,KG,3.12,3.12
PEAR_FAMILY,RETAIL,NL-NB,6969.49,Weekly,2025-01-13,2025-01-19,KG,3.112,3.112
PEAR_FAMILY,RETAIL,NL-NB,5956.34,Weekly,2025-01-20,2025-01-26,KG,3.185,3.185
PEAR_FAMILY,RETAIL,NL-NB,6837.8,Weekly,2025-01-27,2025-02-02,KG,3.144,3.144
PEAR_FAMILY,RETAIL,NL-NB,6848.99,Weekly,2025-02-03,2025-02-09,KG,3.199,3.199
PEAR_FAMILY,RETAIL,NL-NB,6009.35,Weekly,2025-02-10,2025-02-16,KG,3.133,3.133
PEAR_FAMILY,RETAIL,NL-NB,7132.4,Weekly,2025-02-17,2025-02-23,KG,3.201,3.201
PEAR_FAMILY,RETAIL,NL-NB,6129.47,Weekly,2025-02-24,2025-03-02,KG,3.121,3.121
PEAR_FAMILY,RETAIL,NL-NB,7221.83,Weekly,2025-03-03,2025-03-09,KG,3.189,3.189
PEAR_FAMILY,RETAIL,NL-NB,6321.86,Weekly,2025-03-10,2025-03-16,KG,3.124,3.124
PEAR_FAMILY,RETAIL,NL-NB,6908.76,Weekly,2025-03-17,2025-03-23,KG,3.145,3.145
PEAR_FAMILY,RETAIL,NL-NB,6558.25,Weekly,2025-03-24,2025-03-30,KG,3.137,3.137
PEAR_FAMILY,RETAIL,NL-NB,6954.15,Weekly,2025-03-31,2025-04-06,KG,3.127,3.127
PEAR_FAMILY,RETAIL,NL-NB,6507.7,Weekly,2025-04-07,2025-04-13,KG,3.144,3.144
PEAR_FAMILY,RETAIL,NL-NB,5143.12,Weekly,2025-04-14,2025-04-20,KG,3.148,3.148
PEAR_FAMILY,RETAIL,NL-NB,5849.1,Weekly,2025-04-21,2025-04-27,KG,3.158,3.158
PEAR_FAMILY,RETAIL,NL-NB,6399.62,Weekly,2025-04-28,2025-05-04,KG,3.19,3.19
PEAR_FAMILY,RETAIL,NL-NB,6182.85,Weekly,2025-05-05,2025-05-11,KG,3.141,3.141
PEAR_FAMILY,RETAIL,NL-NB,6138.91,Weekly,2025-05-12,2025-05-18,KG,3.168,3.168
PEAR_FAMILY,RETAIL,NL-NB,5687.7,Weekly,2025-05-19,2025-05-25,KG,3.144,3.144
PEAR_FAMILY,RETAIL,NL-NB,5617.32,Weekly,2025-05-26,2025-06-01,KG,3.025,3.111
PEAR_FAMILY,RETAIL,NL-NB,6797.57,Weekly,2025-06-02,2025-06-08,KG,2.832,3.166
PEAR_FAMILY,RETAIL,NL-NB,6220.28,Weekly,2025-06-09,2025-06-15,KG,3.125,3.159
PEAR_FAMILY,RETAIL,NL-NB,6420.65,Weekly,2025-06-16,2025-06-22,KG,3.152,3.161
PEAR_FAMILY,RETAIL,NL-NB,6215.32,Weekly,2025-06-23,2025-06-29,KG,3.127,3.127
PEAR_FAMILY,RETAIL,NL-NB,5698.78,Weekly,2025-06-30,2025-07-06,KG,3.171,3.171
PEAR_FAMILY,RETAIL,NL-NB,6594.62,Weekly,2025-07-07,2025-07-13,KG,3.137,3.137
PEAR_FAMILY,RETAIL,NL-NB,6764.11,Weekly,2025-07-14,2025-07-20,KG,3.146,3.146
PEAR_FAMILY,RETAIL,NL-NB,6936.57,Weekly,2025-07-21,2025-07-27,KG,3.147,3.147
PEAR_FAMILY,RETAIL,NL-NB,6995.11,Weekly,2025-07-28,2025-08-03,KG,2.897,2.897
PEAR_FAMILY,RETAIL,NL-NB,7706.97,Weekly,2025-08-04,2025-08-10,KG,2.542,2.542
PEAR_FAMILY,RETAIL,NL-NB,7813.1900000000005,Weekly,2025-08-11,2025-08-17,KG,2.505,2.505
PEAR_FAMILY,RETAIL,NL-NB,8168.8,Weekly,2025-08-18,2025-08-24,KG,2.536,2.536
PEAR_FAMILY,RETAIL,NL-NB,7830.84,Weekly,2025-08-25,2025-08-31,KG,2.528,2.528
PEAR_FAMILY,RETAIL,NL-NB,8657.18,Weekly,2025-09-01,2025-09-07,KG,2.542,2.542
PEAR_FAMILY,RETAIL,NL-NB,7802.92,Weekly,2025-09-08,2025-09-14,KG,2.52,2.52
PEAR_FAMILY,RETAIL,NL-NB,8397.76,Weekly,2025-09-15,2025-09-21,KG,2.542,2.542
PEAR_FAMILY,RETAIL,NL-NB,8945.37,Weekly,2025-09-22,2025-09-28,KG,2.523,2.523
PEAR_FAMILY,RETAIL,NL-NB,7911.07,Weekly,2025-09-29,2025-10-05,KG,2.535,2.535
PEAR_FAMILY,RETAIL,NL-NB,8781.02,Weekly,2025-10-06,2025-10-12,KG,2.491,2.491
PEAR_FAMILY,RETAIL,NL-NB,8639.15,Weekly,2025-10-13,2025-10-19,KG,2.536,2.536
PEAR_FAMILY,RETAIL,NL-NB,7293.52,Weekly,2025-10-20,2025-10-26,KG,2.546,2.546
PEAR_FAMILY,RETAIL,NL-NB,8075.71,Weekly,2025-10-27,2025-11-02,KG,2.698,2.698
PEAR_FAMILY,RETAIL,NL-NB,9629.960000000001,Weekly,2025-11-03,2025-11-09,KG,3.146,3.146
PEAR_FAMILY,RETAIL,NL-NB,8035.04,Weekly,2025-11-10,2025-11-16,KG,3.147,3.147
PEAR_FAMILY,RETAIL,NL-NB,7581.09,Weekly,2025-11-17,2025-11-23,KG,3.136,3.136
PEAR_FAMILY,RETAIL,NL-NB,7569.7699999999995,Weekly,2025-11-24,2025-11-30,KG,3.17,3.17
PEAR_FAMILY,RETAIL,NL-NB,7219.38,Weekly,2025-12-01,2025-12-07,KG,3.128,3.128
PEAR_FAMILY,RETAIL,NL-NB,7982.35,Weekly,2025-12-08,2025-12-14,KG,3.154,3.154
PEAR_FAMILY,RETAIL,NL-NB,8123.09,Weekly,2025-12-15,2025-12-21,KG,3.146,3.146
PEAR_FAMILY,RETAIL,NL-NB,7760.179999999999,Weekly,2025-12-22,2025-12-28,KG,3.17,3.17
PEAR_FAMILY,RETAIL,NL-NB,6586.62,Weekly,2025-12-29,2026-01-04,KG,3.167,3.167
PEAR_FAMILY,RETAIL,NL-NB,6185.2300000000005,Weekly,2026-01-05,2026-01-11,KG,3.142,3.142
PEAR_FAMILY,RETAIL,NL-NB,7346.16,Weekly,2026-01-12,2026-01-18,KG,3.154,3.154
PEAR_FAMILY,RETAIL,NL-NB,7495.01,Weekly,2026-01-19,2026-01-25,KG,3.168,3.168
PEAR_FAMILY,RETAIL,NL-NB,6682.26,Weekly,2026-01-26,2026-02-01,KG,3.149,3.149
