Data/History_221_Weekly.csv
ProductID,ChannelID,LocationID,Qty,Period,StartDate,EndDate,UOM,NetPrice,ListPrice
PEAR_FAMILY,RETAIL,NL-NH,4272.92,Weekly,2023-01-30,2023-02-05,KG,3.256,3.256
PEAR_FAMILY,RETAIL,NL-NH,8977.71,Weekly,2023-02-06,2023-02-12,KG,2.803,3.24
PEAR_FAMILY,RETAIL,NL-NH,7900.3099999999995,Weekly,2023-02-13,2023-02-19,KG,2.941,3.249
PEAR_FAMILY,RETAIL,NL-NH,7007.68,Weekly,2023-02-20,2023-02-26,KG,3.261,3.261
PEAR_FAMILY,RETAIL,NL-NH,6714.94,Weekly,2023-02-27,2023-03-05,KG,3.224,3.224
PEAR_FAMILY,RETAIL,NL-NH,5396.25,Weekly,2023-03-06,2023-03-12,KG,3.263,3.263
PEAR_FAMILY,RETAIL,NL-NH,6560.5,Weekly,2023-03-13,2023-03-19,KG,3.234,3.234
PEAR_FAMILY,RETAIL,NL-NH,5565.94,Weekly,2023-03-20,2023-03-26,KG,3.246,3.246
PEAR_FAMILY,RETAIL,NL-NH,5504.7,Weekly,2023-03-27,2023-04-02,KG,3.284,3.293
PEAR_FAMILY,RETAIL,NL-NH,5745.35,Weekly,2023-04-03,2023-04-09,KG,3.3,3.306
PEAR_FAMILY,RETAIL,NL-NH,5478.88,Weekly,2023-04-10,2023-04-16,KG,3.214,3.214
PEAR_FAMILY,RETAIL,NL-NH,5065.0,Weekly,2023-04-17,2023-04-23,KG,3.226,3.226
PEAR_FAMILY,RETAIL,NL-NH,5680.88,Weekly,2023-04-24,2023-04-30,KG,3.254,3.254
PEAR_FAMILY,RETAIL,NL-NH,5522.07,Weekly,2023-05-01,2023-05-07,KG,3.206,3.206
PEAR_FAMILY,RETAIL,NL-NH,5627.8099999999995,Weekly,2023-05-08,2023-05-14,KG,3.256,3.256
PEAR_FAMILY,RETAIL,NL-NH,6183.88,Weekly,2023-05-15,2023-05-21,KG,3.25,3.25
PEAR_FAMILY,RETAIL,NL-NH,5922.23,Weekly,2023-05-22,2023-05-28,KG,3.229,3.229
PEAR_FAMILY,RETAIL,NL-NH,6083.13,Weekly,2023-05-29,2023-06-04,KG,3.227,3.227
PEAR_FAMILY,RETAIL,NL-NH,6545.85,Weekly,2023-06-05,2023-06-11,KG,3.282,3.282
PEAR_FAMILY,RETAIL,NL-NH,6587.7,Weekly,2023-06-12,2023-06-18,KG,3.278,3.278
PEAR_FAMILY,RETAIL,NL-NH,6531.14,Weekly,2023-06-19,2023-06-25,KG,3.247,3.247
PEAR_FAMILY,RETAIL,NL-NH,5970.3,Weekly,2023-06-26,2023-07-02,KG,3.248,3.248
PEAR_FAMILY,RETAIL,NL-NH,6450.7,Weekly,2023-07-03,2023-07-09,KG,3.23,3.23
PEAR_FAMILY,RETAIL,NL-NH,7234.52,Weekly,2023-07-10,2023-07-16,KG,3.206,3.206
PEAR_FAMILY,RETAIL,NL-NH,6407.36,Weekly,2023-07-17,2023-07-23,KG,3.217,3.217
PEAR_FAMILY,RETAIL,NL-NH,6746.71,Weekly,2023-07-24,2023-07-30,KG,3.222,3.222
PEAR_FAMILY,RETAIL,NL-NH,5700.89,Weekly,2023-07-31,2023-08-06,KG,2.671,2.671
PEAR_FAMILY,RETAIL,NL-NH,7811.889999999999,Weekly,2023-08-07,2023-08-13,KG,2.598,2.598
PEAR_FAMILY,RETAIL,NL-NH,7961.79,Weekly,2023-08-14,2023-08-20,KG,2.596,2.596
PEAR_FAMILY,RETAIL,NL-NH,8036.23,Weekly,2023-08-21,2023-08-27,KG,2.598,2.598
PEAR_FAMILY,RETAIL,NL-NH,8055.53,Weekly,2023-08-28,2023-09-03,KG,2.621,2.621
PEAR_FAMILY,RETAIL,NL-NH,9413.35,Weekly,2023-09-04,2023-09-10,KG,2.584,2.584
PEAR_FAMILY,RETAIL,NL-NH,8761.8,Weekly,2023-09-11,2023-09-17,KG,2.65,2.65
PEAR_FAMILY,RETAIL,NL-NH,7834.58,Weekly,2023-09-18,2023-09-24,KG,2.594,2.594
PEAR_FAMILY,RETAIL,NL-NH,9811.53,Weekly,2023-09-25,2023-10-01,KG,2.614,2.614
PEAR_FAMILY,RETAIL,NL-NH,9722.59,Weekly,2023-10-02,2023-10-08,KG,2.603,2.603
PEAR_FAMILY,RETAIL,NL-NH,7904.3,Weekly,2023-10-09,2023-10-15,KG,2.602,2.602
PEAR_FAMILY,RETAIL,NL-NH,7967.9,Weekly,2023-10-16,2023-10-22,KG,2.606,2.606
PEAR_FAMILY,RETAIL,NL-NH,6966.84,Weekly,2023-10-23,2023-10-29,KG,2.571,2.571
PEAR_FAMILY,RETAIL,NL-NH,6694.39,Weekly,2023-10-30,2023-11-05,KG,3.076,3.076
PEAR_FAMILY,RETAIL,NL-NH,7650.09,Weekly,2023-11-06,2023-11-12,KG,3.224,3.224
PEAR_FAMILY,RETAIL,NL-NH,7268.0,Weekly,2023-11-13,2023-11-19,KG,3.198,3.198
PEAR_FAMILY,RETAIL,NL-NH,8317.539999999999,Weekly,2023-11-20,2023-11-26,KG,3.264,3.264
PEAR_FAMILY,RETAIL,NL-NH,7149.5,Weekly,2023-11-27,2023-12-03,KG,3.256,3.256
PEAR_FAMILY,RETAIL,NL-NH,7072.78,Weekly,2023-12-04,2023-12-10,KG,3.252,3.252
PEAR_FAMILY,RETAIL,NL-NH,8241.11,Weekly,2023-12-11,2023-12-17,KG,3.27,3.302
PEAR_FAMILY,RETAIL,NL-NH,7287.860000000001,Weekly,2023-12-18,2023-12-24,KG,3.2,3.255
PEAR_FAMILY,RETAIL,NL-NH,7373.82,Weekly,2023-12-25,2023-12-31,KG,3.24,3.255
PEAR_FAMILY,RETAIL,NL-NH,6873.92,Weekly,2024-01-01,2024-01-07,KG,3.254,3.254
PEAR_FAMILY,RETAIL,NL-NH,7016.55,Weekly,2024-01-08,2024-01-14,KG,3.223,3.223
PEAR_FAMILY,RETAIL,NL-NH,7299.889999999999,Weekly,2024-01-15,2024-01-21,KG,3.235,3.235
PEAR_FAMILY,RETAIL,NL-NH,7385.33,Weekly,2024-01-22,2024-01-28,KG,3.271,3.271
PEAR_FAMILY,RETAIL,NL-NH,6893.13,Weekly,2024-01-29,2024-02-04,KG,3.199,3.199
PEAR_FAMILY,RETAIL,NL-NH,6116.36,Weekly,2024-02-05,2024-02-11,KG,3.257,3.257
PEAR_FAMILY,RETAIL,NL-NH,6217.62,Weekly,2024-02-12,2024-02-18,KG,3.251,3.251
PEAR_FAMILY,RETAIL,NL-NH,5760.98,Weekly,2024-02-19,2024-02-25,KG,3.252,3.252
PEAR_FAMILY,RETAIL,NL-NH,6574.58,Weekly,2024-02-26,2024-03-03,KG,3.284,3.284
PEAR_FAMILY,RETAIL,NL-NH,6766.5199999999995,Weekly,2024-03-04,2024-03-10,KG,3.247,3.247
PEAR_FAMILY,RETAIL,NL-NH,6063.36,Weekly,2024-03-11,2024-03-17,KG,3.23,3.23
PEAR_FAMILY,RETAIL,NL-NH,5760.42,Weekly,2024-03-18,2024-03-24,KG,3.253,3.253
PEAR_FAMILY,RETAIL,NL-NH,5823.08,Weekly,2024-03-25,2024-03-31,KG,3.261,3.261
PEAR_FAMILY,RETAIL,NL-NH,5661.79,Weekly,2024-04-01,2024-04-07,KG,3.221,3.221
PEAR_FAMILY,RETAIL,NL-NH,6281.73,Weekly,2024-04-08,2024-04-14,KG,3.253,3.253
PEAR_FAMILY,RETAIL,NL-NH,4985.81,Weekly,2024-04-15,2024-04-21,KG,3.251,3.251
PEAR_FAMILY,RETAIL,NL-NH,5252.88,Weekly,2024-04-22,2024-04-28,KG,3.231,3.231
PEAR_FAMILY,RETAIL,NL-NH,5621.3,Weekly,2024-04-29,2024-05-05,KG,3.257,3.257
PEAR_FAMILY,RETAIL,NL-NH,6513.9,Weekly,2024-05-06,2024-05-12,KG,3.253,3.253
PEAR_FAMILY,RETAIL,NL-NH,6018.58,Weekly,2024-05-13,2024-05-19,KG,3.295,3.295
PEAR_FAMILY,RETAIL,NL-NH,4600.36,Weekly,2024-05-20,2024-05-26,KG,3.29,3.29
PEAR_FAMILY,RETAIL,NL-NH,5004.41,Weekly,2024-05-27,2024-06-02,KG,3.261,3.261
PEAR_FAMILY,RETAIL,NL-NH,5737.59,Weekly,2024-06-03,2024-06-09,KG,3.276,3.276
PEAR_FAMILY,RETAIL,NL-NH,5333.07,Weekly,2024-06-10,2024-06-16,KG,3.235,3.235
PEAR_FAMILY,RETAIL,NL-NH,5924.97,Weekly,2024-06-17,2024-06-23,KG,3.239,3.239
PEAR_FAMILY,RETAIL,NL-NH,6681.38,Weekly,2024-06-24,2024-06-30,KG,3.259,3.259
PEAR_FAMILY,RETAIL,NL-NH,4952.66,Weekly,2024-07-01,2024-07-07,KG,3.238,3.238
PEAR_FAMILY,RETAIL,NL-NH,6240.42,Weekly,2024-07-08,2024-07-14,KG,3.24,3.24
PEAR_FAMILY,RETAIL,NL-NH,6737.38,Weekly,2024-07-15,2024-07-21,KG,3.241,3.241
PEAR_FAMILY,RETAIL,NL-NH,7220.87,Weekly,2024-07-22,2024-07-28,KG,3.247,3.247
PEAR_FAMILY,RETAIL,NL-NH,7801.72,Weekly,2024-07-29,2024-08-04,KG,2.915,2.915
PEAR_FAMILY,RETAIL,NL-NH,7757.6900000000005,Weekly,2024-08-05,2024-08-11,KG,2.577,2.577
PEAR_FAMILY,RETAIL,NL-NH,8086.1900000000005,Weekly,2024-08-12,2024-08-18,KG,2.622,2.622
PEAR_FAMILY,RETAIL,NL-NH,7732.22,Weekly,2024-08-19,2024-08-25,KG,2.577,2.577
PEAR_FAMILY,RETAIL,NL-NH,8753.28,Weekly,2024-08-26,2024-09-01,KG,2.598,2.598
PEAR_FAMILY,RETAIL,NL-NH,8615.23,Weekly,2024-09-02,2024-09-08,KG,2.639,2.639
PEAR_FAMILY,RETAIL,NL-NH,8101.26,Weekly,2024-09-09,2024-09-15,KG,2.599,2.599
PEAR_FAMILY,RETAIL,NL-NH,9645.69,Weekly,2024-09-16,2024-09-22,KG,2.617,2.617
PEAR_FAMILY,RETAIL,NL-NH,7323.429999999999,Weekly,2024-09-23,2024-09-29,KG,2.61,2.61
PEAR_FAMILY,RETAIL,NL-NH,8232.23,Weekly,2024-09-30,2024-10-06,KG,2.615,2.615
PEAR_FAMILY,RETAIL,NL-NH,8652.72,Weekly,2024-10-07,2024-10-13,KG,2.599,2.599
PEAR_FAMILY,RETAIL,NL-NH,9207.89,Weekly,2024-10-14,2024-10-20,KG,2.609,2.609
PEAR_FAMILY,RETAIL,NL-NH,9405.72,Weekly,2024-10-21,2024-10-27,KG,2.601,2.601
PEAR_FAMILY,RETAIL,NL-NH,8995.2,Weekly,2024-10-28,2024-11-03,KG,2.926,2.926
PEAR_FAMILY,RETAIL,NL-NH,8488.4,Weekly,2024-11-04,2024-11-10,KG,3.246,3.246
PEAR_FAMILY,RETAIL,NL-NH,8108.6900000000005,Weekly,2024-11-11,2024-11-17,KG,3.207,3.207
PEAR_FAMILY,RETAIL,NL-NH,6897.36,Weekly,2024-11-18,2024-11-24,KG,3.184,3.184
PEAR_FAMILY,RETAIL,NL-NH,8193.28,Weekly,2024-11-25,2024-12-01,KG,3.259,3.259
PEAR_FAMILY,RETAIL,NL-NH,7685.47,Weekly,2024-12-02,2024-12-08,KG,3.256,3.256
PEAR_FAMILY,RETAIL,NL-NH,7960.17,Weekly,2024-12-09,2024-12-15,KG,3.22,3.232
PEAR_FAMILY,RETAIL,NL-NH,7252.16,Weekly,2024-12-16,2024-12-22,KG,3.214,3.252
PEAR_FAMILY,RETAIL,NL-NH,7878.9,Weekly,2024-12-23,2024-12-29,KG,3.207,3.247
PEAR_FAMILY,RETAIL,NL-NH,6938.85,Weekly,2024-12-30,2025-01-05,KG,3.267,3.267
PEAR_FAMILY,RETAIL,NL-NH,7128.23,Weekly,2025-01-06,2025-01-12,KG,3.245,3.274
PEAR_FAMILY,RETAIL,NL-NH,7276.84,Weekly,2025-01-13,2025-01-19,KG,3.224,3.228
PEAR_FAMILY,RETAIL,NL-NH,6558.63,Weekly,2025-01-20,2025-01-26,KG,3.229,3.25
PEAR_FAMILY,RETAIL,NL-NH,7451.68,Weekly,2025-01-27,2025-02-02,KG,3.186,3.198
PEAR_FAMILY,RETAIL,NL-NH,7548.34,Weekly,2025-02-03,2025-02-09,KG,3.255,3.255
PEAR_FAMILY,RETAIL,NL-NH,5792.78,Weekly,2025-02-10,2025-02-16,KG,3.23,3.23
PEAR_FAMILY,RETAIL,NL-NH,7113.38,Weekly,2025-02-17,2025-02-23,KG,3.236,3.236
PEAR_FAMILY,RETAIL,NL-NH,6465.36,Weekly,2025-02-24,2025-03-02,KG,3.255,3.255
PEAR_FAMILY,RETAIL,NL-NH,7492.97,Weekly,2025-03-03,2025-03-09,KG,3.236,3.236
PEAR_FAMILY,RETAIL,NL-NH,6466.7,Weekly,2025-03-10,2025-03-16,KG,3.206,3.206
PEAR_FAMILY,RETAIL,NL-NH,7396.4,Weekly,2025-03-17,2025-03-23,KG,3.244,3.244
PEAR_FAMILY,RETAIL,NL-NH,6751.26,Weekly,2025-03-24,2025-03-30,KG,3.239,3.239
PEAR_FAMILY,RETAIL,NL-NH,6875.33,Weekly,2025-03-31,2025-04-06,KG,3.213,3.213
PEAR_FAMILY,RETAIL,NL-NH,6810.4400000000005,Weekly,2025-04-07,2025-04-13,KG,3.224,3.224
PEAR_FAMILY,RETAIL,NL-NH,6060.7,Weekly,2025-04-14,2025-04-20,KG,3.25,3.25
PEAR_FAMILY,RETAIL,NL-NH,5605.94,Weekly,2025-04-21,2025-04-27,KG,3.234,3.234
PEAR_FAMILY,RETAIL,NL-NH,6400.53,Weekly,2025-04-28,2025-05-04,KG,3.263,3.263
PEAR_FAMILY,RETAIL,NL-NH,6116.33,Weekly,2025-05-05,2025-05-11,KG,3.245,3.245
PEAR_FAMILY,RETAIL,NL-NH,6500.7,Weekly,2025-05-12,2025-05-18,KG,3.237,3.237
PEAR_FAMILY,RETAIL,NL-NH,5781.19,Weekly,2025-05-19,2025-05-25,KG,3.303,3.303
PEAR_FAMILY,RETAIL,NL-NH,5686.1900000000005,Weekly,2025-05-26,2025-06-01,KG,3.241,3.241
PEAR_FAMILY,RETAIL,NL-NH,5064.58,Weekly,2025-06-02,2025-06-08,KG,3.283,3.283
PEAR_FAMILY,RETAIL,NL-NH,6168.26,Weekly,2025-06-09,2025-06-15,KG,3.242,3.242
PEAR_FAMILY,RETAIL,NL-NH,6328.900000000001,Weekly,2025-06-16,2025-06-22,KG,3.247,3.247
PEAR_FAMILY,RETAIL,NL-NH,6726.54,Weekly,2025-06-23,2025-06-29,KG,3.24,3.24
PEAR_FAMILY,RETAIL,NL-NH,6376.34,Weekly,2025-06-30,2025-07-06,KG,3.228,3.228
PEAR_FAMILY,RETAIL,NL-NH,6686.58,Weekly,2025-07-07,2025-07-13,KG,3.24,3.24
PEAR_FAMILY,RETAIL,NL-NH,6626.86,Weekly,2025-07-14,2025-07-20,KG,3.258,3.258
PEAR_FAMILY,RETAIL,NL-NH,6739.0,Weekly,2025-07-21,2025-07-27,KG,3.237,3.237
PEAR_FAMILY,RETAIL,NL-NH,6942.679999999999,Weekly,2025-07-28,2025-08-03,KG,2.958,2.958
PEAR_FAMILY,RETAIL,NL-NH,7939.58,Weekly,2025-08-04,2025-08-10,KG,2.618,2.618
PEAR_FAMILY,RETAIL,NL-NH,8293.2,Weekly,2025-08-11,2025-08-17,KG,2.611,2.611
PEAR_FAMILY,RETAIL,NL-NH,9039.16,Weekly,2025-08-18,2025-08-24,KG,2.637,2.637
PEAR_FAMILY,RETAIL,NL-NH,8749.380000000001,Weekly,2025-08-25,2025-08-31,KG,2.614,2.614
PEAR_FAMILY,RETAIL,NL-NH,8978.41,Weekly,2025-09-01,2025-09-07,KG,2.608,2.608
PEAR_FAMILY,RETAIL,NL-NH,7927.2,Weekly,2025-09-08,2025-09-14,KG,2.621,2.621
PEAR_FAMILY,RETAIL,NL-NH,7710.66,Weekly,2025-09-15,2025-09-21,KG,2.617,2.617
PEAR_FAMILY,RETAIL,NL-NH,9230.47,Weekly,2025-09-22,2025-09-28,KG,2.627,2.627
PEAR_FAMILY,RETAIL,NL-NH,7616.97,Weekly,2025-09-29,2025-10-05,KG,2.61,2.61
PEAR_FAMILY,RETAIL,NL-NH,9016.41,Weekly,2025-10-06,2025-10-12,KG,2.607,2.607
PEAR_FAMILY,RETAIL,NL-NH,8865.48,Weekly,2025-10-13,2025-10-19,KG,2.635,2.635
PEAR_FAMILY,RETAIL,NL-NH,7109.71,Weekly,2025-10-20,2025-10-26,KG,2.615,2.615
PEAR_FAMILY,RETAIL,NL-NH,7666.63,Weekly,2025-10-27,2025-11-02,KG,2.808,2.808
PEAR_FAMILY,RETAIL,NL-NH,9635.64,Weekly,2025-11-03,2025-11-09,KG,3.269,3.269
PEAR_FAMILY,RETAIL,NL-NH,7899.44,Weekly,2025-11-10,2025-11-16,KG,3.278,3.278
PEAR_FAMILY,RETAIL,NL-NH,7420.969999999999,Weekly,2025-11-17,2025-11-23,KG,3.239,3.239
PEAR_FAMILY,RETAIL,NL-NH,8545.44,Weekly,2025-11-24,2025-11-30,KG,3.266,3.266
PEAR_FAMILY,RETAIL,NL-NH,7413.42,Weekly,2025-12-01,2025-12-07,KG,3.234,3.234
PEAR_FAMILY,RETAIL,NL-NH,8513.89,Weekly,2025-12-08,2025-12-14,KG,3.268,3.268
PEAR_FAMILY,RETAIL,NL-NH,8281.84,Weekly,2025-12-15,2025-12-21,KG,3.251,3.251
PEAR_FAMILY,RETAIL,NL-NH,7906.7,Weekly,2025-12-22,2025-12-28,KG,3.25,3.25
PEAR_FAMILY,RETAIL,NL-NH,6683.23,Weekly,2025-12-29,2026-01-04,KG,3.27,3.27
PEAR_FAMILY,RETAIL,NL-NH,6688.74,Weekly,2026-01-05,2026-01-11,KG,3.278,3.278
PEAR_FAMILY,RETAIL,NL-NH,7139.09,Weekly,2026-01-12,2026-01-18,KG,3.283,3.283
PEAR_FAMILY,RETAIL,NL-NH,7544.24,Weekly,2026-01-19,2026-01-25,KG,3.242,3.242
PEAR_FAMILY,RETAIL,NL-NH,6464.51,Weekly,2026-01-26,2026-02-01,KG,3.292,3.292
