Data/History_221_Weekly.csv
ProductID,ChannelID,LocationID,Qty,Period,StartDate,EndDate,UOM,NetPrice,ListPrice
PEAR_FAMILY,WHOLESALE,NL-NH,3268.18,Weekly,2023-01-30,2023-02-05,KG,3.298,3.298
PEAR_FAMILY,WHOLESALE,NL-NH,5997.99,Weekly,2023-02-06,2023-02-12,KG,3.227,3.227
PEAR_FAMILY,WHOLESALE,NL-NH,5797.55,Weekly,2023-02-13,2023-02-19,KG,3.282,3.282
PEAR_FAMILY,WHOLESALE,NL-NH,5623.75,Weekly,2023-02-20,2023-02-26,KG,3.229,3.229
PEAR_FAMILY,WHOLESALE,NL-NH,5649.53,Weekly,2023-02-27,2023-03-05,KG,3.245,3.245
PEAR_FAMILY,WHOLESALE,NL-NH,4522.47,Weekly,2023-03-06,2023-03-12,KG,3.224,3.224
PEAR_FAMILY,WHOLESALE,NL-NH,5406.05,Weekly,2023-03-13,2023-03-19,KG,3.27,3.27
PEAR_FAMILY,WHOLESALE,NL-NH,4666.57,Weekly,2023-03-20,2023-03-26,KG,3.221,3.221
PEAR_FAMILY,WHOLESALE,NL-NH,4699.34,Weekly,2023-03-27,2023-04-02,KG,3.199,3.199
PEAR_FAMILY,WHOLESALE,NL-NH,4967.73,Weekly,2023-04-03,2023-04-09,KG,3.231,3.231
PEAR_FAMILY,WHOLESALE,NL-NH,4553.78,Weekly,2023-04-10,2023-04-16,KG,3.256,3.256
PEAR_FAMILY,WHOLESALE,NL-NH,4558.45,Weekly,2023-04-17,2023-04-23,KG,3.235,3.235
PEAR_FAMILY,WHOLESALE,NL-NH,4622.05,Weekly,2023-04-24,2023-04-30,KG,3.275,3.275
PEAR_FAMILY,WHOLESALE,NL-NH,4872.93,Weekly,2023-05-01,2023-05-07,KG,3.268,3.268
PEAR_FAMILY,WHOLESALE,NL-NH,4727.15,Weekly,2023-05-08,2023-05-14,KG,3.237,3.237
PEAR_FAMILY,WHOLESALE,NL-NH,5397.65,Weekly,2023-05-15,2023-05-21,KG,3.251,3.251
PEAR_FAMILY,WHOLESALE,NL-NH,5130.09,Weekly,2023-05-22,2023-05-28,KG,3.23,3.23
PEAR_FAMILY,WHOLESALE,NL-NH,5037.99,Weekly,2023-05-29,2023-06-04,KG,3.233,3.233
PEAR_FAMILY,WHOLESALE,NL-NH,5444.53,Weekly,2023-06-05,2023-06-11,KG,3.23,3.23
PEAR_FAMILY,WHOLESALE,NL-NH,5529.38,Weekly,2023-06-12,2023-06-18,KG,3.232,3.232
PEAR_FAMILY,WHOLESALE,NL-NH,5475.15,Weekly,2023-06-19,2023-06-25,KG,3.22,3.22
PEAR_FAMILY,WHOLESALE,NL-NH,5286.12,Weekly,2023-06-26,2023-07-02,KG,3.243,3.243
PEAR_FAMILY,WHOLESALE,NL-NH,5591.46,Weekly,2023-07-03,2023-07-09,KG,3.215,3.215
PEAR_FAMILY,WHOLESALE,NL-NH,6090.92,Weekly,2023-07-10,2023-07-16,KG,3.259,3.259
PEAR_FAMILY,WHOLESALE,NL-NH,5694.29,Weekly,2023-07-17,2023-07-23,KG,3.238,3.238
PEAR_FAMILY,WHOLESALE,NL-NH,5756.22,Weekly,2023-07-24,2023-07-30,KG,3.242,3.242
PEAR_FAMILY,WHOLESALE,NL-NH,4942.86,Weekly,2023-07-31,2023-08-06,KG,2.683,2.683
PEAR_FAMILY,WHOLESALE,NL-NH,6793.85,Weekly,2023-08-07,2023-08-13,KG,2.621,2.621
PEAR_FAMILY,WHOLESALE,NL-NH,7055.25,Weekly,2023-08-14,2023-08-20,KG,2.593,2.593
PEAR_FAMILY,WHOLESALE,NL-NH,7083.04,Weekly,2023-08-21,2023-08-27,KG,2.594,2.594
PEAR_FAMILY,WHOLESALE,NL-NH,6725.02,Weekly,2023-08-28,2023-09-03,KG,2.619,2.619
PEAR_FAMILY,WHOLESALE,NL-NH,7731.04,Weekly,2023-09-04,2023-09-10,KG,2.603,2.603
PEAR_FAMILY,WHOLESALE,NL-NH,7529.93,Weekly,2023-09-11,2023-09-17,KG,2.622,2.622
PEAR_FAMILY,WHOLESALE,NL-NH,6679.78,Weekly,2023-09-18,2023-09-24,KG,2.62,2.62
PEAR_FAMILY,WHOLESALE,NL-NH,8391.67,Weekly,2023-09-25,2023-10-01,KG,2.61,2.61
PEAR_FAMILY,WHOLESALE,NL-NH,8306.380000000001,Weekly,2023-10-02,2023-10-08,KG,2.626,2.626
PEAR_FAMILY,WHOLESALE,NL-NH,6935.0,Weekly,2023-10-09,2023-10-15,KG,2.607,2.607
PEAR_FAMILY,WHOLESALE,NL-NH,6737.5199999999995,Weekly,2023-10-16,2023-10-22,KG,2.613,2.613
PEAR_FAMILY,WHOLESALE,NL-NH,6020.24,Weekly,2023-10-23,2023-10-29,KG,2.609,2.609
PEAR_FAMILY,WHOLESALE,NL-NH,5919.41,Weekly,2023-10-30,2023-11-05,KG,3.072,3.072
PEAR_FAMILY,WHOLESALE,NL-NH,6452.26,Weekly,2023-11-06,2023-11-12,KG,3.285,3.285
PEAR_FAMILY,WHOLESALE,NL-NH,6409.54,Weekly,2023-11-13,2023-11-19,KG,3.225,3.225
PEAR_FAMILY,WHOLESALE,NL-NH,7340.75,Weekly,2023-11-20,2023-11-26,KG,3.203,3.203
PEAR_FAMILY,WHOLESALE,NL-NH,6335.98,Weekly,2023-11-27,2023-12-03,KG,3.242,3.242
PEAR_FAMILY,WHOLESALE,NL-NH,6216.98,Weekly,2023-12-04,2023-12-10,KG,3.253,3.253
PEAR_FAMILY,WHOLESALE,NL-NH,6987.98,Weekly,2023-12-11,2023-12-17,KG,3.262,3.262
PEAR_FAMILY,WHOLESALE,NL-NH,6096.43,Weekly,2023-12-18,2023-12-24,KG,3.256,3.256
PEAR_FAMILY,WHOLESALE,NL-NH,5972.33,Weekly,2023-12-25,2023-12-31,KG,3.247,3.247
PEAR_FAMILY,WHOLESALE,NL-NH,5962.66,Weekly,2024-01-01,2024-01-07,KG,3.227,3.227
PEAR_FAMILY,WHOLESALE,NL-NH,6176.62,Weekly,2024-01-08,2024-01-14,KG,3.235,3.235
PEAR_FAMILY,WHOLESALE,NL-NH,5973.95,Weekly,2024-01-15,2024-01-21,KG,3.23,3.23
PEAR_FAMILY,WHOLESALE,NL-NH,6221.58,Weekly,2024-01-22,2024-01-28,KG,3.264,3.264
PEAR_FAMILY,WHOLESALE,NL-NH,5881.9,Weekly,2024-01-29,2024-02-04,KG,3.248,3.248
PEAR_FAMILY,WHOLESALE,NL-NH,5079.88,Weekly,2024-02-05,2024-02-11,KG,3.235,3.235
PEAR_FAMILY,WHOLESALE,NL-NH,5554.05,Weekly,2024-02-12,2024-02-18,KG,3.264,3.264
PEAR_FAMILY,WHOLESALE,NL-NH,4962.18,Weekly,2024-02-19,2024-02-25,KG,3.238,3.238
PEAR_FAMILY,WHOLESALE,NL-NH,5406.55,Weekly,2024-02-26,2024-03-03,KG,3.251,3.251
PEAR_FAMILY,WHOLESALE,NL-NH,5900.59,Weekly,2024-03-04,2024-03-10,KG,3.239,3.239
PEAR_FAMILY,WHOLESALE,NL-NH,5293.78,Weekly,2024-03-11,2024-03-17,KG,3.257,3.257
PEAR_FAMILY,WHOLESALE,NL-NH,5391.36,Weekly,2024-03-18,2024-03-24,KG,3.276,3.276
PEAR_FAMILY,WHOLESALE,NL-NH,5333.46,Weekly,2024-03-25,2024-03-31,KG,3.225,3.225
PEAR_FAMILY,WHOLESALE,NL-NH,4776.82,Weekly,2024-04-01,2024-04-07,KG,3.263,3.263
PEAR_FAMILY,WHOLESALE,NL-NH,5450.62,Weekly,2024-04-08,2024-04-14,KG,3.244,3.244
PEAR_FAMILY,WHOLESALE,NL-NH,4039.62,Weekly,2024-04-15,2024-04-21,KG,3.238,3.238
PEAR_FAMILY,WHOLESALE,NL-NH,4621.17,Weekly,2024-04-22,2024-04-28,KG,3.265,3.265
PEAR_FAMILY,WHOLESALE,NL-NH,4831.23,Weekly,2024-04-29,2024-05-05,KG,3.246,3.246
PEAR_FAMILY,WHOLESALE,NL-NH,5434.34,Weekly,2024-05-06,2024-05-12,KG,3.237,3.237
PEAR_FAMILY,WHOLESALE,NL-NH,5126.46,Weekly,2024-05-13,2024-05-19,KG,3.233,3.233
PEAR_FAMILY,WHOLESALE,NL-NH,4131.64,Weekly,2024-05-20,2024-05-26,KG,3.258,3.258
PEAR_FAMILY,WHOLESALE,NL-NH,4501.85,Weekly,2024-05-27,2024-06-02,KG,3.251,3.251
PEAR_FAMILY,WHOLESALE,NL-NH,5054.84,Weekly,2024-06-03,2024-06-09,KG,3.255,3.255
PEAR_FAMILY,WHOLESALE,NL-NH,4531.98,Weekly,2024-06-10,2024-06-16,KG,3.247,3.247
PEAR_FAMILY,WHOLESALE,NL-NH,5116.48,Weekly,2024-06-17,2024-06-23,KG,3.231,3.231
PEAR_FAMILY,WHOLESALE,NL-NH,5800.31,Weekly,2024-06-24,2024-06-30,KG,3.244,3.244
PEAR_FAMILY,WHOLESALE,NL-NH,4338.29,Weekly,2024-07-01,2024-07-07,KG,3.267,3.267
PEAR_FAMILY,WHOLESALE,NL-NH,5149.84,Weekly,2024-07-08,2024-07-14,KG,3.226,3.226
PEAR_FAMILY,WHOLESALE,NL-NH,5780.46,Weekly,2024-07-15,2024-07-21,KG,3.21,3.224
PEAR_FAMILY,WHOLESALE,NL-NH,6348.59,Weekly,2024-07-22,2024-07-28,KG,3.209,3.23
PEAR_FAMILY,WHOLESALE,NL-NH,6821.29,Weekly,2024-07-29,2024-08-04,KG,2.898,2.898
PEAR_FAMILY,WHOLESALE,NL-NH,6621.44,Weekly,2024-08-05,2024-08-11,KG,2.612,2.612
PEAR_FAMILY,WHOLESALE,NL-NH,6809.47,Weekly,2024-08-12,2024-08-18,KG,2.613,2.613
PEAR_FAMILY,WHOLESALE,NL-NH,6498.15,Weekly,2024-08-19,2024-08-25,KG,2.628,2.628
PEAR_FAMILY,WHOLESALE,NL-NH,7582.21,Weekly,2024-08-26,2024-09-01,KG,2.571,2.571
PEAR_FAMILY,WHOLESALE,NL-NH,7431.76,Weekly,2024-09-02,2024-09-08,KG,2.627,2.627
PEAR_FAMILY,WHOLESALE,NL-NH,6833.48,Weekly,2024-09-09,2024-09-15,KG,2.613,2.613
PEAR_FAMILY,WHOLESALE,NL-NH,8383.75,Weekly,2024-09-16,2024-09-22,KG,2.63,2.63
PEAR_FAMILY,WHOLESALE,NL-NH,6231.78,Weekly,2024-09-23,2024-09-29,KG,2.617,2.617
PEAR_FAMILY,WHOLESALE,NL-NH,6788.16,Weekly,2024-09-30,2024-10-06,KG,2.618,2.618
PEAR_FAMILY,WHOLESALE,NL-NH,7426.38,Weekly,2024-10-07,2024-10-13,KG,2.652,2.652
PEAR_FAMILY,WHOLESALE,NL-NH,7537.26,Weekly,2024-10-14,2024-10-20,KG,2.607,2.607
PEAR_FAMILY,WHOLESALE,NL-NH,8227.41,Weekly,2024-10-21,2024-10-27,KG,2.612,2.612
PEAR_FAMILY,WHOLESALE,NL-NH,7795.7,Weekly,2024-10-28,2024-11-03,KG,2.847,2.847
PEAR_FAMILY,WHOLESALE,NL-NH,7140.83,Weekly,2024-11-04,2024-11-10,KG,3.232,3.232
PEAR_FAMILY,WHOLESALE,NL-NH,7132.53,Weekly,2024-11-11,2024-11-17,KG,3.263,3.263
PEAR_FAMILY,WHOLESALE,NL-NH,5785.04,Weekly,2024-11-18,2024-11-24,KG,3.239,3.239
PEAR_FAMILY,WHOLESALE,NL-NH,6859.05,Weekly,2024-11-25,2024-12-01,KG,3.246,3.246
PEAR_FAMILY,WHOLESALE,NL-NH,6130.13,Weekly,2024-12-02,2024-12-08,KG,3.227,3.227
PEAR_FAMILY,WHOLESALE,NL-NH,6719.83,Weekly,2024-12-09,2024-12-15,KG,3.26,3.26
PEAR_FAMILY,WHOLESALE,NL-NH,6315.6,Weekly,2024-12-16,2024-12-22,KG,3.258,3.258
PEAR_FAMILY,WHOLESALE,NL-NH,6557.79,Weekly,2024-12-23,2024-12-29,KG,3.268,3.268
PEAR_FAMILY,WHOLESALE,NL-NH,5989.83,Weekly,2024-12-30,2025-01-05,KG,3.266,3.266
PEAR_FAMILY,WHOLESALE,NL-NH,5988.63,Weekly,2025-01-06,2025-01-12,KG,3.218,3.218
PEAR_FAMILY,WHOLESALE,NL-NH,6212.93,Weekly,2025-01-13,2025-01-19,KG,3.247,3.247
PEAR_FAMILY,WHOLESALE,NL-NH,5546.7300000000005,Weekly,2025-01-20,2025-01-26,KG,3.254,3.254
PEAR_FAMILY,WHOLESALE,NL-NH,6276.17,Weekly,2025-01-27,2025-02-02,KG,3.223,3.223
PEAR_FAMILY,WHOLESALE,NL-NH,6112.38,Weekly,2025-02-03,2025-02-09,KG,3.239,3.239
PEAR_FAMILY,WHOLESALE,NL-NH,5183.33,Weekly,2025-02-10,2025-02-16,KG,3.287,3.287
PEAR_FAMILY,WHOLESALE,NL-NH,5896.65,Weekly,2025-02-17,2025-02-23,KG,3.272,3.272
PEAR_FAMILY,WHOLESALE,NL-NH,5792.6900000000005,Weekly,2025-02-24,2025-03-02,KG,3.241,3.241
PEAR_FAMILY,WHOLESALE,NL-NH,6405.18,Weekly,2025-03-03,2025-03-09,KG,3.285,3.285
PEAR_FAMILY,WHOLESALE,NL-NH,5796.88,Weekly,2025-03-10,2025-03-16,KG,3.27,3.27
PEAR_FAMILY,WHOLESALE,NL-NH,6061.87,Weekly,2025-03-17,2025-03-23,KG,3.262,3.262
PEAR_FAMILY,WHOLESALE,NL-NH,5716.47,Weekly,2025-03-24,2025-03-30,KG,3.253,3.253
PEAR_FAMILY,WHOLESALE,NL-NH,6083.7,Weekly,2025-03-31,2025-04-06,KG,3.261,3.261
PEAR_FAMILY,WHOLESALE,NL-NH,5869.39,Weekly,2025-04-07,2025-04-13,KG,3.247,3.247
PEAR_FAMILY,WHOLESALE,NL-NH,5296.01,Weekly,2025-04-14,2025-04-20,KG,3.293,3.293
PEAR_FAMILY,WHOLESALE,NL-NH,4737.27,Weekly,2025-04-21,2025-04-27,KG,3.223,3.223
PEAR_FAMILY,WHOLESALE,NL-NH,5688.610000000001,Weekly,2025-04-28,2025-05-04,KG,3.251,3.251
PEAR_FAMILY,WHOLESALE,NL-NH,5356.16,Weekly,2025-05-05,2025-05-11,KG,3.261,3.261
PEAR_FAMILY,WHOLESALE,NL-NH,5643.58,Weekly,2025-05-12,2025-05-18,KG,3.241,3.241
PEAR_FAMILY,WHOLESALE,NL-NH,5054.31,Weekly,2025-05-19,2025-05-25,KG,3.242,3.242
PEAR_FAMILY,WHOLESALE,NL-NH,4674.14,Weekly,2025-05-26,2025-06-01,KG,3.272,3.272
PEAR_FAMILY,WHOLESALE,NL-NH,4633.55,Weekly,2025-06-02,2025-06-08,KG,3.248,3.248
PEAR_FAMILY,WHOLESALE,NL-NH,5513.97,Weekly,2025-06-09,2025-06-15,KG,3.259,3.259
PEAR_FAMILY,WHOLESALE,NL-NH,5517.89,Weekly,2025-06-16,2025-06-22,KG,3.224,3.224
PEAR_FAMILY,WHOLESALE,NL-NH,5651.99,Weekly,2025-06-23,2025-06-29,KG,3.233,3.233
PEAR_FAMILY,WHOLESALE,NL-NH,5526.71,Weekly,2025-06-30,2025-07-06,KG,3.254,3.254
PEAR_FAMILY,WHOLESALE,NL-NH,5854.91,Weekly,2025-07-07,2025-07-13,KG,3.209,3.209
PEAR_FAMILY,WHOLESALE,NL-NH,5710.74,Weekly,2025-07-14,2025-07-20,KG,3.266,3.266
PEAR_FAMILY,WHOLESALE,NL-NH,5736.15,Weekly,2025-07-21,2025-07-27,KG,3.262,3.262
PEAR_FAMILY,WHOLESALE,NL-NH,5926.79,Weekly,2025-07-28,2025-08-03,KG,3.006,3.006
PEAR_FAMILY,WHOLESALE,NL-NH,6529.24,Weekly,2025-08-04,2025-08-10,KG,2.6,2.6
PEAR_FAMILY,WHOLESALE,NL-NH,6976.55,Weekly,2025-08-11,2025-08-17,KG,2.61,2.61
PEAR_FAMILY,WHOLESALE,NL-NH,7205.41,Weekly,2025-08-18,2025-08-24,KG,2.618,2.618
PEAR_FAMILY,WHOLESALE,NL-NH,7275.6,Weekly,2025-08-25,2025-08-31,KG,2.58,2.58
PEAR_FAMILY,WHOLESALE,NL-NH,7525.65,Weekly,2025-09-01,2025-09-07,KG,2.604,2.604
PEAR_FAMILY,WHOLESALE,NL-NH,6840.8,Weekly,2025-09-08,2025-09-14,KG,2.616,2.616
PEAR_FAMILY,WHOLESALE,NL-NH,6312.04,Weekly,2025-09-15,2025-09-21,KG,2.585,2.585
PEAR_FAMILY,WHOLESALE,NL-NH,7838.15,Weekly,2025-09-22,2025-09-28,KG,2.621,2.621
PEAR_FAMILY,WHOLESALE,NL-NH,6822.81,Weekly,2025-09-29,2025-10-05,KG,2.609,2.609
PEAR_FAMILY,WHOLESALE,NL-NH,7426.87,Weekly,2025-10-06,2025-10-12,KG,2.615,2.615
PEAR_FAMILY,WHOLESALE,NL-NH,7540.71,Weekly,2025-10-13,2025-10-19,KG,2.619,2.619
PEAR_FAMILY,WHOLESALE,NL-NH,6205.96,Weekly,2025-10-20,2025-10-26,KG,2.649,2.649
PEAR_FAMILY,WHOLESALE,NL-NH,6639.65,Weekly,2025-10-27,2025-11-02,KG,2.748,2.748
PEAR_FAMILY,WHOLESALE,NL-NH,8033.89,Weekly,2025-11-03,2025-11-09,KG,3.282,3.282
PEAR_FAMILY,WHOLESALE,NL-NH,6997.08,Weekly,2025-11-10,2025-11-16,KG,3.231,3.231
PEAR_FAMILY,WHOLESALE,NL-NH,6383.39,Weekly,2025-11-17,2025-11-23,KG,3.227,3.227
PEAR_FAMILY,WHOLESALE,NL-NH,7199.64,Weekly,2025-11-24,2025-11-30,KG,3.242,3.242
PEAR_FAMILY,WHOLESALE,NL-NH,6584.9800000000005,Weekly,2025-12-01,2025-12-07,KG,3.242,3.242
PEAR_FAMILY,WHOLESALE,NL-NH,7140.82,Weekly,2025-12-08,2025-12-14,KG,3.201,3.201
PEAR_FAMILY,WHOLESALE,NL-NH,6943.349999999999,Weekly,2025-12-15,2025-12-21,KG,3.255,3.255
PEAR_FAMILY,WHOLESALE,NL-NH,6975.6900000000005,Weekly,2025-12-22,2025-12-28,KG,3.225,3.225
PEAR_FAMILY,WHOLESALE,NL-NH,5792.43,Weekly,2025-12-29,2026-01-04,KG,3.27,3.27
PEAR_FAMILY,WHOLESALE,NL-NH,5600.33,Weekly,2026-01-05,2026-01-11,KG,3.253,3.253
PEAR_FAMILY,WHOLESALE,NL-NH,6300.26,Weekly,2026-01-12,2026-01-18,KG,3.218,3.218
PEAR_FAMILY,WHOLESALE,NL-NH,6494.9800000000005,Weekly,2026-01-19,2026-01-25,KG,3.267,3.267
PEAR_FAMILY,WHOLESALE,NL-NH,5592.1,Weekly,2026-01-26,2026-02-01,KG,3.214,3.214
