Data/History_221_Weekly.csv
ProductID,ChannelID,LocationID,Qty,Period,StartDate,EndDate,UOM,NetPrice,ListPrice
PEAR_FAMILY,WHOLESALE,NL-ZH,3603.75,Weekly,2023-01-30,2023-02-05,KG,3.36,3.36
PEAR_FAMILY,WHOLESALE,NL-ZH,6428.4800000000005,Weekly,2023-02-06,2023-02-12,KG,3.368,3.368
PEAR_FAMILY,WHOLESALE,NL-ZH,6304.1900000000005,Weekly,2023-02-13,2023-02-19,KG,3.315,3.315
PEAR_FAMILY,WHOLESALE,NL-ZH,5835.9,Weekly,2023-02-20,2023-02-26,KG,3.336,3.336
PEAR_FAMILY,WHOLESALE,NL-ZH,5875.98,Weekly,2023-02-27,2023-03-05,KG,3.371,3.371
PEAR_FAMILY,WHOLESALE,NL-ZH,4420.12,Weekly,2023-03-06,2023-03-12,KG,3.352,3.352
PEAR_FAMILY,WHOLESALE,NL-ZH,5481.07,Weekly,2023-03-13,2023-03-19,KG,3.38,3.38
PEAR_FAMILY,WHOLESALE,NL-ZH,4968.01,Weekly,2023-03-20,2023-03-26,KG,3.341,3.341
PEAR_FAMILY,WHOLESALE,NL-ZH,4943.9800000000005,Weekly,2023-03-27,2023-04-02,KG,3.326,3.326
PEAR_FAMILY,WHOLESALE,NL-ZH,5167.4400000000005,Weekly,2023-04-03,2023-04-09,KG,3.376,3.376
PEAR_FAMILY,WHOLESALE,NL-ZH,4787.39,Weekly,2023-04-10,2023-04-16,KG,3.338,3.338
PEAR_FAMILY,WHOLESALE,NL-ZH,4834.31,Weekly,2023-04-17,2023-04-23,KG,3.318,3.318
PEAR_FAMILY,WHOLESALE,NL-ZH,4595.22,Weekly,2023-04-24,2023-04-30,KG,3.344,3.344
PEAR_FAMILY,WHOLESALE,NL-ZH,5523.5599999999995,Weekly,2023-05-01,2023-05-07,KG,3.35,3.35
PEAR_FAMILY,WHOLESALE,NL-ZH,4288.43,Weekly,2023-05-08,2023-05-14,KG,3.335,3.335
PEAR_FAMILY,WHOLESALE,NL-ZH,5200.32,Weekly,2023-05-15,2023-05-21,KG,3.376,3.376
PEAR_FAMILY,WHOLESALE,NL-ZH,5568.51,Weekly,2023-05-22,2023-05-28,KG,3.316,3.316
PEAR_FAMILY,WHOLESALE,NL-ZH,5321.87,Weekly,2023-05-29,2023-06-04,KG,3.357,3.357
PEAR_FAMILY,WHOLESALE,NL-ZH,5733.67,Weekly,2023-06-05,2023-06-11,KG,3.353,3.353
PEAR_FAMILY,WHOLESALE,NL-ZH,5654.31,Weekly,2023-06-12,2023-06-18,KG,3.327,3.327
PEAR_FAMILY,WHOLESALE,NL-ZH,5679.6,Weekly,2023-06-19,2023-06-25,KG,3.355,3.355
PEAR_FAMILY,WHOLESALE,NL-ZH,5734.5,Weekly,2023-06-26,2023-07-02,KG,3.335,3.335
PEAR_FAMILY,WHOLESALE,NL-ZH,5258.18,Weekly,2023-07-03,2023-07-09,KG,3.305,3.305
PEAR_FAMILY,WHOLESALE,NL-ZH,6181.1,Weekly,2023-07-10,2023-07-16,KG,3.325,3.325
PEAR_FAMILY,WHOLESALE,NL-ZH,5957.25,Weekly,2023-07-17,2023-07-23,KG,3.342,3.342
PEAR_FAMILY,WHOLESALE,NL-ZH,5655.53,Weekly,2023-07-24,2023-07-30,KG,3.329,3.329
PEAR_FAMILY,WHOLESALE,NL-ZH,4928.33,Weekly,2023-07-31,2023-08-06,KG,2.744,2.744
PEAR_FAMILY,WHOLESALE,NL-ZH,6779.48,Weekly,2023-08-07,2023-08-13,KG,2.684,2.684
PEAR_FAMILY,WHOLESALE,NL-ZH,7248.0,Weekly,2023-08-14,2023-08-20,KG,2.698,2.698
PEAR_FAMILY,WHOLESALE,NL-ZH,6742.6900000000005,Weekly,2023-08-21,2023-08-27,KG,2.689,2.689
PEAR_FAMILY,WHOLESALE,NL-ZH,7129.27,Weekly,2023-08-28,2023-09-03,KG,2.697,2.697
PEAR_FAMILY,WHOLESALE,NL-ZH,8132.43,Weekly,2023-09-04,2023-09-10,KG,2.683,2.683
PEAR_FAMILY,WHOLESALE,NL-ZH,7903.13,Weekly,2023-09-11,2023-09-17,KG,2.686,2.686
PEAR_FAMILY,WHOLESALE,NL-ZH,7110.25,Weekly,2023-09-18,2023-09-24,KG,2.7,2.7
PEAR_FAMILY,WHOLESALE,NL-ZH,9024.21,Weekly,2023-09-25,2023-10-01,KG,2.695,2.695
PEAR_FAMILY,WHOLESALE,NL-ZH,8494.47,Weekly,2023-10-02,2023-10-08,KG,2.679,2.679
PEAR_FAMILY,WHOLESALE,NL-ZH,7531.32,Weekly,2023-10-09,2023-10-15,KG,2.663,2.663
PEAR_FAMILY,WHOLESALE,NL-ZH,7056.74,Weekly,2023-10-16,2023-10-22,KG,2.686,2.686
PEAR_FAMILY,WHOLESALE,NL-ZH,6075.99,Weekly,2023-10-23,2023-10-29,KG,2.699,2.699
PEAR_FAMILY,WHOLESALE,NL-ZH,5859.0,Weekly,2023-10-30,2023-11-05,KG,3.14,3.14
PEAR_FAMILY,WHOLESALE,NL-ZH,6951.76,Weekly,2023-11-06,2023-11-12,KG,3.327,3.327
PEAR_FAMILY,WHOLESALE,NL-ZH,6689.81,Weekly,2023-11-13,2023-11-19,KG,3.352,3.352
PEAR_FAMILY,WHOLESALE,NL-ZH,7319.98,Weekly,2023-11-20,2023-11-26,KG,3.325,3.325
PEAR_FAMILY,WHOLESALE,NL-ZH,6417.42,Weekly,2023-11-27,2023-12-03,KG,3.283,3.283
PEAR_FAMILY,WHOLESALE,NL-ZH,6747.19,Weekly,2023-12-04,2023-12-10,KG,3.338,3.338
PEAR_FAMILY,WHOLESALE,NL-ZH,7011.7699999999995,Weekly,2023-12-11,2023-12-17,KG,3.343,3.343
PEAR_FAMILY,WHOLESALE,NL-ZH,6287.26,Weekly,2023-12-18,2023-12-24,KG,3.348,3.348
PEAR_FAMILY,WHOLESALE,NL-ZH,6365.35,Weekly,2023-12-25,2023-12-31,KG,3.33,3.33
PEAR_FAMILY,WHOLESALE,NL-ZH,6003.13,Weekly,2024-01-01,2024-01-07,KG,3.369,3.369
PEAR_FAMILY,WHOLESALE,NL-ZH,6492.48,Weekly,2024-01-08,2024-01-14,KG,3.354,3.354
PEAR_FAMILY,WHOLESALE,NL-ZH,6281.55,Weekly,2024-01-15,2024-01-21,KG,3.358,3.358
PEAR_FAMILY,WHOLESALE,NL-ZH,6663.08,Weekly,2024-01-22,2024-01-28,KG,3.32,3.32
PEAR_FAMILY,WHOLESALE,NL-ZH,6550.64,Weekly,2024-01-29,2024-02-04,KG,3.334,3.334
PEAR_FAMILY,WHOLESALE,NL-ZH,5550.77,Weekly,2024-02-05,2024-02-11,KG,3.363,3.363
PEAR_FAMILY,WHOLESALE,NL-ZH,6006.26,Weekly,2024-02-12,2024-02-18,KG,3.312,3.312
PEAR_FAMILY,WHOLESALE,NL-ZH,5398.37,Weekly,2024-02-19,2024-02-25,KG,3.336,3.336
PEAR_FAMILY,WHOLESALE,NL-ZH,5141.75,Weekly,2024-02-26,2024-03-03,KG,3.37,3.37
PEAR_FAMILY,WHOLESALE,NL-ZH,5962.01,Weekly,2024-03-04,2024-03-10,KG,3.353,3.353
PEAR_FAMILY,WHOLESALE,NL-ZH,5294.15,Weekly,2024-03-11,2024-03-17,KG,3.347,3.347
PEAR_FAMILY,WHOLESALE,NL-ZH,5442.72,Weekly,2024-03-18,2024-03-24,KG,3.355,3.355
PEAR_FAMILY,WHOLESALE,NL-ZH,5398.67,Weekly,2024-03-25,2024-03-31,KG,3.358,3.358
PEAR_FAMILY,WHOLESALE,NL-ZH,4944.59,Weekly,2024-04-01,2024-04-07,KG,3.352,3.352
PEAR_FAMILY,WHOLESALE,NL-ZH,5506.03,Weekly,2024-04-08,2024-04-14,KG,3.352,3.352
PEAR_FAMILY,WHOLESALE,NL-ZH,4225.75,Weekly,2024-04-15,2024-04-21,KG,3.332,3.332
PEAR_FAMILY,WHOLESALE,NL-ZH,4660.2,Weekly,2024-04-22,2024-04-28,KG,3.34,3.34
PEAR_FAMILY,WHOLESALE,NL-ZH,5104.7,Weekly,2024-04-29,2024-05-05,KG,3.347,3.347
PEAR_FAMILY,WHOLESALE,NL-ZH,5532.77,Weekly,2024-05-06,2024-05-12,KG,3.341,3.341
PEAR_FAMILY,WHOLESALE,NL-ZH,4987.860000000001,Weekly,2024-05-13,2024-05-19,KG,3.339,3.339
PEAR_FAMILY,WHOLESALE,NL-ZH,4106.83,Weekly,2024-05-20,2024-05-26,KG,3.3,3.3
PEAR_FAMILY,WHOLESALE,NL-ZH,4855.35,Weekly,2024-05-27,2024-06-02,KG,3.349,3.349
PEAR_FAMILY,WHOLESALE,NL-ZH,5201.7,Weekly,2024-06-03,2024-06-09,KG,3.342,3.342
PEAR_FAMILY,WHOLESALE,NL-ZH,4761.24,Weekly,2024-06-10,2024-06-16,KG,3.366,3.366
PEAR_FAMILY,WHOLESALE,NL-ZH,5354.67,Weekly,2024-06-17,2024-06-23,KG,3.364,3.364
PEAR_FAMILY,WHOLESALE,NL-ZH,5805.66,Weekly,2024-06-24,2024-06-30,KG,3.334,3.334
PEAR_FAMILY,WHOLESALE,NL-ZH,4447.93,Weekly,2024-07-01,2024-07-07,KG,3.378,3.378
PEAR_FAMILY,WHOLESALE,NL-ZH,5342.63,Weekly,2024-07-08,2024-07-14,KG,3.346,3.35
PEAR_FAMILY,WHOLESALE,NL-ZH,6455.76,Weekly,2024-07-15,2024-07-21,KG,3.306,3.338
PEAR_FAMILY,WHOLESALE,NL-ZH,6084.1900000000005,Weekly,2024-07-22,2024-07-28,KG,3.334,3.343
PEAR_FAMILY,WHOLESALE,NL-ZH,6456.35,Weekly,2024-07-29,2024-08-04,KG,3.001,3.001
PEAR_FAMILY,WHOLESALE,NL-ZH,6967.75,Weekly,2024-08-05,2024-08-11,KG,2.697,2.697
PEAR_FAMILY,WHOLESALE,NL-ZH,7256.9,Weekly,2024-08-12,2024-08-18,KG,2.678,2.678
PEAR_FAMILY,WHOLESALE,NL-ZH,6684.61,Weekly,2024-08-19,2024-08-25,KG,2.668,2.668
PEAR_FAMILY,WHOLESALE,NL-ZH,7916.35,Weekly,2024-08-26,2024-09-01,KG,2.68,2.68
PEAR_FAMILY,WHOLESALE,NL-ZH,7661.4400000000005,Weekly,2024-09-02,2024-09-08,KG,2.721,2.721
PEAR_FAMILY,WHOLESALE,NL-ZH,6823.35,Weekly,2024-09-09,2024-09-15,KG,2.674,2.674
PEAR_FAMILY,WHOLESALE,NL-ZH,8319.96,Weekly,2024-09-16,2024-09-22,KG,2.664,2.664
PEAR_FAMILY,WHOLESALE,NL-ZH,6130.68,Weekly,2024-09-23,2024-09-29,KG,2.683,2.683
PEAR_FAMILY,WHOLESALE,NL-ZH,7259.03,Weekly,2024-09-30,2024-10-06,KG,2.695,2.695
PEAR_FAMILY,WHOLESALE,NL-ZH,7449.26,Weekly,2024-10-07,2024-10-13,KG,2.713,2.713
PEAR_FAMILY,WHOLESALE,NL-ZH,7531.8,Weekly,2024-10-14,2024-10-20,KG,2.684,2.684
PEAR_FAMILY,WHOLESALE,NL-ZH,8106.21,Weekly,2024-10-21,2024-10-27,KG,2.695,2.695
PEAR_FAMILY,WHOLESALE,NL-ZH,7867.41,Weekly,2024-10-28,2024-11-03,KG,2.971,2.971
PEAR_FAMILY,WHOLESALE,NL-ZH,7517.9,Weekly,2024-11-04,2024-11-10,KG,3.298,3.298
PEAR_FAMILY,WHOLESALE,NL-ZH,7186.7,Weekly,2024-11-11,2024-11-17,KG,3.326,3.326
PEAR_FAMILY,WHOLESALE,NL-ZH,6092.38,Weekly,2024-11-18,2024-11-24,KG,3.363,3.363
PEAR_FAMILY,WHOLESALE,NL-ZH,7004.89,Weekly,2024-11-25,2024-12-01,KG,3.374,3.374
PEAR_FAMILY,WHOLESALE,NL-ZH,6591.2,Weekly,2024-12-02,2024-12-08,KG,3.303,3.303
PEAR_FAMILY,WHOLESALE,NL-ZH,6981.97,Weekly,2024-12-09,2024-12-15,KG,3.334,3.334
PEAR_FAMILY,WHOLESALE,NL-ZH,6427.69,Weekly,2024-12-16,2024-12-22,KG,3.36,3.36
PEAR_FAMILY,WHOLESALE,NL-ZH,6801.53,Weekly,2024-12-23,2024-12-29,KG,3.359,3.359
PEAR_FAMILY,WHOLESALE,NL-ZH,6067.24,Weekly,2024-12-30,2025-01-05,KG,3.39,3.39
PEAR_FAMILY,WHOLESALE,NL-ZH,6413.5,Weekly,2025-01-06,2025-01-12,KG,3.383,3.383
PEAR_FAMILY,WHOLESALE,NL-ZH,6318.89,Weekly,2025-01-13,2025-01-19,KG,3.363,3.363
PEAR_FAMILY,WHOLESALE,NL-ZH,5777.57,Weekly,2025-01-20,2025-01-26,KG,3.278,3.278
PEAR_FAMILY,WHOLESALE,NL-ZH,6462.39,Weekly,2025-01-27,2025-02-02,KG,3.332,3.332
PEAR_FAMILY,WHOLESALE,NL-ZH,6290.11,Weekly,2025-02-03,2025-02-09,KG,3.37,3.37
PEAR_FAMILY,WHOLESALE,NL-ZH,5494.32,Weekly,2025-02-10,2025-02-16,KG,3.355,3.355
PEAR_FAMILY,WHOLESALE,NL-ZH,5997.4,Weekly,2025-02-17,2025-02-23,KG,3.316,3.316
PEAR_FAMILY,WHOLESALE,NL-ZH,5797.02,Weekly,2025-02-24,2025-03-02,KG,3.344,3.344
PEAR_FAMILY,WHOLESALE,NL-ZH,6713.22,Weekly,2025-03-03,2025-03-09,KG,3.376,3.376
PEAR_FAMILY,WHOLESALE,NL-ZH,6022.13,Weekly,2025-03-10,2025-03-16,KG,3.375,3.375
PEAR_FAMILY,WHOLESALE,NL-ZH,6351.43,Weekly,2025-03-17,2025-03-23,KG,3.338,3.338
PEAR_FAMILY,WHOLESALE,NL-ZH,5734.42,Weekly,2025-03-24,2025-03-30,KG,3.347,3.347
PEAR_FAMILY,WHOLESALE,NL-ZH,6342.26,Weekly,2025-03-31,2025-04-06,KG,3.327,3.327
PEAR_FAMILY,WHOLESALE,NL-ZH,5978.97,Weekly,2025-04-07,2025-04-13,KG,3.36,3.36
PEAR_FAMILY,WHOLESALE,NL-ZH,5492.63,Weekly,2025-04-14,2025-04-20,KG,3.334,3.334
PEAR_FAMILY,WHOLESALE,NL-ZH,5159.8099999999995,Weekly,2025-04-21,2025-04-27,KG,3.386,3.386
PEAR_FAMILY,WHOLESALE,NL-ZH,5585.68,Weekly,2025-04-28,2025-05-04,KG,3.373,3.373
PEAR_FAMILY,WHOLESALE,NL-ZH,5547.39,Weekly,2025-05-05,2025-05-11,KG,3.371,3.371
PEAR_FAMILY,WHOLESALE,NL-ZH,5592.65,Weekly,2025-05-12,2025-05-18,KG,3.353,3.353
PEAR_FAMILY,WHOLESALE,NL-ZH,5187.4400000000005,Weekly,2025-05-19,2025-05-25,KG,3.39,3.39
PEAR_FAMILY,WHOLESALE,NL-ZH,4871.03,Weekly,2025-05-26,2025-06-01,KG,3.339,3.339
PEAR_FAMILY,WHOLESALE,NL-ZH,4799.99,Weekly,2025-06-02,2025-06-08,KG,3.341,3.341
PEAR_FAMILY,WHOLESALE,NL-ZH,5420.58,Weekly,2025-06-09,2025-06-15,KG,3.389,3.389
PEAR_FAMILY,WHOLESALE,NL-ZH,5850.7,Weekly,2025-06-16,2025-06-22,KG,3.357,3.357
PEAR_FAMILY,WHOLESALE,NL-ZH,5723.81,Weekly,2025-06-23,2025-06-29,KG,3.355,3.355
PEAR_FAMILY,WHOLESALE,NL-ZH,5491.93,Weekly,2025-06-30,2025-07-06,KG,3.34,3.34
PEAR_FAMILY,WHOLESALE,NL-ZH,6150.91,Weekly,2025-07-07,2025-07-13,KG,3.344,3.344
PEAR_FAMILY,WHOLESALE,NL-ZH,6111.29,Weekly,2025-07-14,2025-07-20,KG,3.313,3.313
PEAR_FAMILY,WHOLESALE,NL-ZH,6158.35,Weekly,2025-07-21,2025-07-27,KG,3.333,3.333
PEAR_FAMILY,WHOLESALE,NL-ZH,6205.26,Weekly,2025-07-28,2025-08-03,KG,3.136,3.136
PEAR_FAMILY,WHOLESALE,NL-ZH,7100.87,Weekly,2025-08-04,2025-08-10,KG,2.722,2.722
PEAR_FAMILY,WHOLESALE,NL-ZH,7004.14,Weekly,2025-08-11,2025-08-17,KG,2.691,2.691
PEAR_FAMILY,WHOLESALE,NL-ZH,7580.51,Weekly,2025-08-18,2025-08-24,KG,2.682,2.682
PEAR_FAMILY,WHOLESALE,NL-ZH,7177.15,Weekly,2025-08-25,2025-08-31,KG,2.683,2.683
PEAR_FAMILY,WHOLESALE,NL-ZH,7681.79,Weekly,2025-09-01,2025-09-07,KG,2.696,2.696
PEAR_FAMILY,WHOLESALE,NL-ZH,7359.74,Weekly,2025-09-08,2025-09-14,KG,2.686,2.686
PEAR_FAMILY,WHOLESALE,NL-ZH,7356.67,Weekly,2025-09-15,2025-09-21,KG,2.688,2.688
PEAR_FAMILY,WHOLESALE,NL-ZH,8119.82,Weekly,2025-09-22,2025-09-28,KG,2.688,2.688
PEAR_FAMILY,WHOLESALE,NL-ZH,7193.05,Weekly,2025-09-29,2025-10-05,KG,2.68,2.68
PEAR_FAMILY,WHOLESALE,NL-ZH,7945.18,Weekly,2025-10-06,2025-10-12,KG,2.689,2.689
PEAR_FAMILY,WHOLESALE,NL-ZH,7913.47,Weekly,2025-10-13,2025-10-19,KG,2.673,2.673
PEAR_FAMILY,WHOLESALE,NL-ZH,6616.81,Weekly,2025-10-20,2025-10-26,KG,2.686,2.686
PEAR_FAMILY,WHOLESALE,NL-ZH,6959.54,Weekly,2025-10-27,2025-11-02,KG,2.847,2.847
PEAR_FAMILY,WHOLESALE,NL-ZH,8461.56,Weekly,2025-11-03,2025-11-09,KG,3.335,3.335
PEAR_FAMILY,WHOLESALE,NL-ZH,7047.79,Weekly,2025-11-10,2025-11-16,KG,3.336,3.336
PEAR_FAMILY,WHOLESALE,NL-ZH,6425.16,Weekly,2025-11-17,2025-11-23,KG,3.317,3.317
PEAR_FAMILY,WHOLESALE,NL-ZH,7487.3,Weekly,2025-11-24,2025-11-30,KG,3.369,3.369
PEAR_FAMILY,WHOLESALE,NL-ZH,7317.74,Weekly,2025-12-01,2025-12-07,KG,3.319,3.319
PEAR_FAMILY,WHOLESALE,NL-ZH,7473.42,Weekly,2025-12-08,2025-12-14,KG,3.362,3.362
PEAR_FAMILY,WHOLESALE,NL-ZH,7337.74,Weekly,2025-12-15,2025-12-21,KG,3.341,3.341
PEAR_FAMILY,WHOLESALE,NL-ZH,6932.86,Weekly,2025-12-22,2025-12-28,KG,3.355,3.355
PEAR_FAMILY,WHOLESALE,NL-ZH,6159.33,Weekly,2025-12-29,2026-01-04,KG,3.356,3.356
PEAR_FAMILY,WHOLESALE,NL-ZH,5685.21,Weekly,2026-01-05,2026-01-11,KG,3.371,3.371
PEAR_FAMILY,WHOLESALE,NL-ZH,6443.31,Weekly,2026-01-12,2026-01-18,KG,3.357,3.357
PEAR_FAMILY,WHOLESALE,NL-ZH,6811.16,Weekly,2026-01-19,2026-01-25,KG,3.315,3.315
PEAR_FAMILY,WHOLESALE,NL-ZH,5977.13,Weekly,2026-01-26,2026-02-01,KG,3.348,3.348
